[run 1/994] poly_d2_o2 point_000 war weights=(0.001,)
[run 2/994] poly_d2_o2 point_000 real_tanh_autodiff weights=(0.001,)
[run 3/994] poly_d2_o2 point_001 war weights=(0.01,)
[run 4/994] poly_d2_o2 point_001 real_tanh_autodiff weights=(0.01,)
[run 5/994] poly_d2_o2 point_002 war weights=(0.1,)
[run 6/994] poly_d2_o2 point_002 real_tanh_autodiff weights=(0.1,)
[run 7/994] poly_d2_o2 point_003 war weights=(1.0,)
[run 8/994] poly_d2_o2 point_003 real_tanh_autodiff weights=(1.0,)
[run 9/994] poly_d2_o2 point_004 war weights=(10.0,)
[run 10/994] poly_d2_o2 point_004 real_tanh_autodiff weights=(10.0,)
[run 11/994] poly_d2_o2 point_005 war weights=(100.0,)
[run 12/994] poly_d2_o2 point_005 real_tanh_autodiff weights=(100.0,)
[run 13/994] poly_d2_o2 point_006 war weights=(1000.0,)
[run 14/994] poly_d2_o2 point_006 real_tanh_autodiff weights=(1000.0,)
[run 15/994] poly_d2_o4 point_000 war weights=(0.001, 0.001)
[run 16/994] poly_d2_o4 point_000 real_tanh_autodiff weights=(0.001, 0.001)
[run 17/994] poly_d2_o4 point_001 war weights=(0.001, 0.01)
[run 18/994] poly_d2_o4 point_001 real_tanh_autodiff weights=(0.001, 0.01)
[run 19/994] poly_d2_o4 point_002 war weights=(0.001, 0.1)
[run 20/994] poly_d2_o4 point_002 real_tanh_autodiff weights=(0.001, 0.1)
[run 21/994] poly_d2_o4 point_003 war weights=(0.001, 1.0)
[run 22/994] poly_d2_o4 point_003 real_tanh_autodiff weights=(0.001, 1.0)
[run 23/994] poly_d2_o4 point_004 war weights=(0.001, 10.0)
[run 24/994] poly_d2_o4 point_004 real_tanh_autodiff weights=(0.001, 10.0)
[run 25/994] poly_d2_o4 point_005 war weights=(0.001, 100.0)
[run 26/994] poly_d2_o4 point_005 real_tanh_autodiff weights=(0.001, 100.0)
[run 27/994] poly_d2_o4 point_006 war weights=(0.001, 1000.0)
[run 28/994] poly_d2_o4 point_006 real_tanh_autodiff weights=(0.001, 1000.0)
[run 29/994] poly_d2_o4 point_007 war weights=(0.01, 0.001)
[run 30/994] poly_d2_o4 point_007 real_tanh_autodiff weights=(0.01, 0.001)
[run 31/994] poly_d2_o4 point_008 war weights=(0.01, 0.01)
[run 32/994] poly_d2_o4 point_008 real_tanh_autodiff weights=(0.01, 0.01)
[run 33/994] poly_d2_o4 point_009 war weights=(0.01, 0.1)
[run 34/994] poly_d2_o4 point_009 real_tanh_autodiff weights=(0.01, 0.1)
[run 35/994] poly_d2_o4 point_010 war weights=(0.01, 1.0)
[run 36/994] poly_d2_o4 point_010 real_tanh_autodiff weights=(0.01, 1.0)
[run 37/994] poly_d2_o4 point_011 war weights=(0.01, 10.0)
[run 38/994] poly_d2_o4 point_011 real_tanh_autodiff weights=(0.01, 10.0)
[run 39/994] poly_d2_o4 point_012 war weights=(0.01, 100.0)
[run 40/994] poly_d2_o4 point_012 real_tanh_autodiff weights=(0.01, 100.0)
[run 41/994] poly_d2_o4 point_013 war weights=(0.01, 1000.0)
[run 42/994] poly_d2_o4 point_013 real_tanh_autodiff weights=(0.01, 1000.0)
[run 43/994] poly_d2_o4 point_014 war weights=(0.1, 0.001)
[run 44/994] poly_d2_o4 point_014 real_tanh_autodiff weights=(0.1, 0.001)
[run 45/994] poly_d2_o4 point_015 war weights=(0.1, 0.01)
[run 46/994] poly_d2_o4 point_015 real_tanh_autodiff weights=(0.1, 0.01)
[run 47/994] poly_d2_o4 point_016 war weights=(0.1, 0.1)
[run 48/994] poly_d2_o4 point_016 real_tanh_autodiff weights=(0.1, 0.1)
[run 49/994] poly_d2_o4 point_017 war weights=(0.1, 1.0)
[run 50/994] poly_d2_o4 point_017 real_tanh_autodiff weights=(0.1, 1.0)
[run 51/994] poly_d2_o4 point_018 war weights=(0.1, 10.0)
[run 52/994] poly_d2_o4 point_018 real_tanh_autodiff weights=(0.1, 10.0)
[run 53/994] poly_d2_o4 point_019 war weights=(0.1, 100.0)
[run 54/994] poly_d2_o4 point_019 real_tanh_autodiff weights=(0.1, 100.0)
[run 55/994] poly_d2_o4 point_020 war weights=(0.1, 1000.0)
[run 56/994] poly_d2_o4 point_020 real_tanh_autodiff weights=(0.1, 1000.0)
[run 57/994] poly_d2_o4 point_021 war weights=(1.0, 0.001)
[run 58/994] poly_d2_o4 point_021 real_tanh_autodiff weights=(1.0, 0.001)
[run 59/994] poly_d2_o4 point_022 war weights=(1.0, 0.01)
[run 60/994] poly_d2_o4 point_022 real_tanh_autodiff weights=(1.0, 0.01)
[run 61/994] poly_d2_o4 point_023 war weights=(1.0, 0.1)
[run 62/994] poly_d2_o4 point_023 real_tanh_autodiff weights=(1.0, 0.1)
[run 63/994] poly_d2_o4 point_024 war weights=(1.0, 1.0)
[run 64/994] poly_d2_o4 point_024 real_tanh_autodiff weights=(1.0, 1.0)
[run 65/994] poly_d2_o4 point_025 war weights=(1.0, 10.0)
[run 66/994] poly_d2_o4 point_025 real_tanh_autodiff weights=(1.0, 10.0)
[run 67/994] poly_d2_o4 point_026 war weights=(1.0, 100.0)
[run 68/994] poly_d2_o4 point_026 real_tanh_autodiff weights=(1.0, 100.0)
[run 69/994] poly_d2_o4 point_027 war weights=(1.0, 1000.0)
[run 70/994] poly_d2_o4 point_027 real_tanh_autodiff weights=(1.0, 1000.0)
[run 71/994] poly_d2_o4 point_028 war weights=(10.0, 0.001)
[run 72/994] poly_d2_o4 point_028 real_tanh_autodiff weights=(10.0, 0.001)
[run 73/994] poly_d2_o4 point_029 war weights=(10.0, 0.01)
[run 74/994] poly_d2_o4 point_029 real_tanh_autodiff weights=(10.0, 0.01)
[run 75/994] poly_d2_o4 point_030 war weights=(10.0, 0.1)
[run 76/994] poly_d2_o4 point_030 real_tanh_autodiff weights=(10.0, 0.1)
[run 77/994] poly_d2_o4 point_031 war weights=(10.0, 1.0)
[run 78/994] poly_d2_o4 point_031 real_tanh_autodiff weights=(10.0, 1.0)
[run 79/994] poly_d2_o4 point_032 war weights=(10.0, 10.0)
[run 80/994] poly_d2_o4 point_032 real_tanh_autodiff weights=(10.0, 10.0)
[run 81/994] poly_d2_o4 point_033 war weights=(10.0, 100.0)
[run 82/994] poly_d2_o4 point_033 real_tanh_autodiff weights=(10.0, 100.0)
[run 83/994] poly_d2_o4 point_034 war weights=(10.0, 1000.0)
[run 84/994] poly_d2_o4 point_034 real_tanh_autodiff weights=(10.0, 1000.0)
[run 85/994] poly_d2_o4 point_035 war weights=(100.0, 0.001)
[run 86/994] poly_d2_o4 point_035 real_tanh_autodiff weights=(100.0, 0.001)
[run 87/994] poly_d2_o4 point_036 war weights=(100.0, 0.01)
[run 88/994] poly_d2_o4 point_036 real_tanh_autodiff weights=(100.0, 0.01)
[run 89/994] poly_d2_o4 point_037 war weights=(100.0, 0.1)
[run 90/994] poly_d2_o4 point_037 real_tanh_autodiff weights=(100.0, 0.1)
[run 91/994] poly_d2_o4 point_038 war weights=(100.0, 1.0)
[run 92/994] poly_d2_o4 point_038 real_tanh_autodiff weights=(100.0, 1.0)
[run 93/994] poly_d2_o4 point_039 war weights=(100.0, 10.0)
[run 94/994] poly_d2_o4 point_039 real_tanh_autodiff weights=(100.0, 10.0)
[run 95/994] poly_d2_o4 point_040 war weights=(100.0, 100.0)
[run 96/994] poly_d2_o4 point_040 real_tanh_autodiff weights=(100.0, 100.0)
[run 97/994] poly_d2_o4 point_041 war weights=(100.0, 1000.0)
[run 98/994] poly_d2_o4 point_041 real_tanh_autodiff weights=(100.0, 1000.0)
[run 99/994] poly_d2_o4 point_042 war weights=(1000.0, 0.001)
[run 100/994] poly_d2_o4 point_042 real_tanh_autodiff weights=(1000.0, 0.001)
[run 101/994] poly_d2_o4 point_043 war weights=(1000.0, 0.01)
[run 102/994] poly_d2_o4 point_043 real_tanh_autodiff weights=(1000.0, 0.01)
[run 103/994] poly_d2_o4 point_044 war weights=(1000.0, 0.1)
[run 104/994] poly_d2_o4 point_044 real_tanh_autodiff weights=(1000.0, 0.1)
[run 105/994] poly_d2_o4 point_045 war weights=(1000.0, 1.0)
[run 106/994] poly_d2_o4 point_045 real_tanh_autodiff weights=(1000.0, 1.0)
[run 107/994] poly_d2_o4 point_046 war weights=(1000.0, 10.0)
[run 108/994] poly_d2_o4 point_046 real_tanh_autodiff weights=(1000.0, 10.0)
[run 109/994] poly_d2_o4 point_047 war weights=(1000.0, 100.0)
[run 110/994] poly_d2_o4 point_047 real_tanh_autodiff weights=(1000.0, 100.0)
[run 111/994] poly_d2_o4 point_048 war weights=(1000.0, 1000.0)
[run 112/994] poly_d2_o4 point_048 real_tanh_autodiff weights=(1000.0, 1000.0)
[run 113/994] cahn_hilliard_o4 point_000 war weights=(0.001, 0.001)
[run 114/994] cahn_hilliard_o4 point_000 real_tanh_autodiff weights=(0.001, 0.001)
[run 115/994] cahn_hilliard_o4 point_001 war weights=(0.001, 0.01)
[run 116/994] cahn_hilliard_o4 point_001 real_tanh_autodiff weights=(0.001, 0.01)
[run 117/994] cahn_hilliard_o4 point_002 war weights=(0.001, 0.1)
[run 118/994] cahn_hilliard_o4 point_002 real_tanh_autodiff weights=(0.001, 0.1)
[run 119/994] cahn_hilliard_o4 point_003 war weights=(0.001, 1.0)
[run 120/994] cahn_hilliard_o4 point_003 real_tanh_autodiff weights=(0.001, 1.0)
[run 121/994] cahn_hilliard_o4 point_004 war weights=(0.001, 10.0)
[run 122/994] cahn_hilliard_o4 point_004 real_tanh_autodiff weights=(0.001, 10.0)
[run 123/994] cahn_hilliard_o4 point_005 war weights=(0.001, 100.0)
[run 124/994] cahn_hilliard_o4 point_005 real_tanh_autodiff weights=(0.001, 100.0)
[run 125/994] cahn_hilliard_o4 point_006 war weights=(0.001, 1000.0)
[run 126/994] cahn_hilliard_o4 point_006 real_tanh_autodiff weights=(0.001, 1000.0)
[run 127/994] cahn_hilliard_o4 point_007 war weights=(0.01, 0.001)
[run 128/994] cahn_hilliard_o4 point_007 real_tanh_autodiff weights=(0.01, 0.001)
[run 129/994] cahn_hilliard_o4 point_008 war weights=(0.01, 0.01)
[run 130/994] cahn_hilliard_o4 point_008 real_tanh_autodiff weights=(0.01, 0.01)
[run 131/994] cahn_hilliard_o4 point_009 war weights=(0.01, 0.1)
[run 132/994] cahn_hilliard_o4 point_009 real_tanh_autodiff weights=(0.01, 0.1)
[run 133/994] cahn_hilliard_o4 point_010 war weights=(0.01, 1.0)
[run 134/994] cahn_hilliard_o4 point_010 real_tanh_autodiff weights=(0.01, 1.0)
[run 135/994] cahn_hilliard_o4 point_011 war weights=(0.01, 10.0)
[run 136/994] cahn_hilliard_o4 point_011 real_tanh_autodiff weights=(0.01, 10.0)
[run 137/994] cahn_hilliard_o4 point_012 war weights=(0.01, 100.0)
[run 138/994] cahn_hilliard_o4 point_012 real_tanh_autodiff weights=(0.01, 100.0)
[run 139/994] cahn_hilliard_o4 point_013 war weights=(0.01, 1000.0)
[run 140/994] cahn_hilliard_o4 point_013 real_tanh_autodiff weights=(0.01, 1000.0)
[run 141/994] cahn_hilliard_o4 point_014 war weights=(0.1, 0.001)
[run 142/994] cahn_hilliard_o4 point_014 real_tanh_autodiff weights=(0.1, 0.001)
[run 143/994] cahn_hilliard_o4 point_015 war weights=(0.1, 0.01)
[run 144/994] cahn_hilliard_o4 point_015 real_tanh_autodiff weights=(0.1, 0.01)
[run 145/994] cahn_hilliard_o4 point_016 war weights=(0.1, 0.1)
[run 146/994] cahn_hilliard_o4 point_016 real_tanh_autodiff weights=(0.1, 0.1)
[run 147/994] cahn_hilliard_o4 point_017 war weights=(0.1, 1.0)
[run 148/994] cahn_hilliard_o4 point_017 real_tanh_autodiff weights=(0.1, 1.0)
[run 149/994] cahn_hilliard_o4 point_018 war weights=(0.1, 10.0)
[run 150/994] cahn_hilliard_o4 point_018 real_tanh_autodiff weights=(0.1, 10.0)
[run 151/994] cahn_hilliard_o4 point_019 war weights=(0.1, 100.0)
[run 152/994] cahn_hilliard_o4 point_019 real_tanh_autodiff weights=(0.1, 100.0)
[run 153/994] cahn_hilliard_o4 point_020 war weights=(0.1, 1000.0)
[run 154/994] cahn_hilliard_o4 point_020 real_tanh_autodiff weights=(0.1, 1000.0)
[run 155/994] cahn_hilliard_o4 point_021 war weights=(1.0, 0.001)
[run 156/994] cahn_hilliard_o4 point_021 real_tanh_autodiff weights=(1.0, 0.001)
[run 157/994] cahn_hilliard_o4 point_022 war weights=(1.0, 0.01)
[run 158/994] cahn_hilliard_o4 point_022 real_tanh_autodiff weights=(1.0, 0.01)
[run 159/994] cahn_hilliard_o4 point_023 war weights=(1.0, 0.1)
[run 160/994] cahn_hilliard_o4 point_023 real_tanh_autodiff weights=(1.0, 0.1)
[run 161/994] cahn_hilliard_o4 point_024 war weights=(1.0, 1.0)
[run 162/994] cahn_hilliard_o4 point_024 real_tanh_autodiff weights=(1.0, 1.0)
[run 163/994] cahn_hilliard_o4 point_025 war weights=(1.0, 10.0)
[run 164/994] cahn_hilliard_o4 point_025 real_tanh_autodiff weights=(1.0, 10.0)
[run 165/994] cahn_hilliard_o4 point_026 war weights=(1.0, 100.0)
[run 166/994] cahn_hilliard_o4 point_026 real_tanh_autodiff weights=(1.0, 100.0)
[run 167/994] cahn_hilliard_o4 point_027 war weights=(1.0, 1000.0)
[run 168/994] cahn_hilliard_o4 point_027 real_tanh_autodiff weights=(1.0, 1000.0)
[run 169/994] cahn_hilliard_o4 point_028 war weights=(10.0, 0.001)
[run 170/994] cahn_hilliard_o4 point_028 real_tanh_autodiff weights=(10.0, 0.001)
[run 171/994] cahn_hilliard_o4 point_029 war weights=(10.0, 0.01)
[run 172/994] cahn_hilliard_o4 point_029 real_tanh_autodiff weights=(10.0, 0.01)
[run 173/994] cahn_hilliard_o4 point_030 war weights=(10.0, 0.1)
[run 174/994] cahn_hilliard_o4 point_030 real_tanh_autodiff weights=(10.0, 0.1)
[run 175/994] cahn_hilliard_o4 point_031 war weights=(10.0, 1.0)
[run 176/994] cahn_hilliard_o4 point_031 real_tanh_autodiff weights=(10.0, 1.0)
[run 177/994] cahn_hilliard_o4 point_032 war weights=(10.0, 10.0)
[run 178/994] cahn_hilliard_o4 point_032 real_tanh_autodiff weights=(10.0, 10.0)
[run 179/994] cahn_hilliard_o4 point_033 war weights=(10.0, 100.0)
[run 180/994] cahn_hilliard_o4 point_033 real_tanh_autodiff weights=(10.0, 100.0)
[run 181/994] cahn_hilliard_o4 point_034 war weights=(10.0, 1000.0)
[run 182/994] cahn_hilliard_o4 point_034 real_tanh_autodiff weights=(10.0, 1000.0)
[run 183/994] cahn_hilliard_o4 point_035 war weights=(100.0, 0.001)
[run 184/994] cahn_hilliard_o4 point_035 real_tanh_autodiff weights=(100.0, 0.001)
[run 185/994] cahn_hilliard_o4 point_036 war weights=(100.0, 0.01)
[run 186/994] cahn_hilliard_o4 point_036 real_tanh_autodiff weights=(100.0, 0.01)
[run 187/994] cahn_hilliard_o4 point_037 war weights=(100.0, 0.1)
[run 188/994] cahn_hilliard_o4 point_037 real_tanh_autodiff weights=(100.0, 0.1)
[run 189/994] cahn_hilliard_o4 point_038 war weights=(100.0, 1.0)
[run 190/994] cahn_hilliard_o4 point_038 real_tanh_autodiff weights=(100.0, 1.0)
[run 191/994] cahn_hilliard_o4 point_039 war weights=(100.0, 10.0)
[run 192/994] cahn_hilliard_o4 point_039 real_tanh_autodiff weights=(100.0, 10.0)
[run 193/994] cahn_hilliard_o4 point_040 war weights=(100.0, 100.0)
[run 194/994] cahn_hilliard_o4 point_040 real_tanh_autodiff weights=(100.0, 100.0)
[run 195/994] cahn_hilliard_o4 point_041 war weights=(100.0, 1000.0)
[run 196/994] cahn_hilliard_o4 point_041 real_tanh_autodiff weights=(100.0, 1000.0)
[run 197/994] cahn_hilliard_o4 point_042 war weights=(1000.0, 0.001)
[run 198/994] cahn_hilliard_o4 point_042 real_tanh_autodiff weights=(1000.0, 0.001)
[run 199/994] cahn_hilliard_o4 point_043 war weights=(1000.0, 0.01)
[run 200/994] cahn_hilliard_o4 point_043 real_tanh_autodiff weights=(1000.0, 0.01)
[run 201/994] cahn_hilliard_o4 point_044 war weights=(1000.0, 0.1)
[run 202/994] cahn_hilliard_o4 point_044 real_tanh_autodiff weights=(1000.0, 0.1)
[run 203/994] cahn_hilliard_o4 point_045 war weights=(1000.0, 1.0)
[run 204/994] cahn_hilliard_o4 point_045 real_tanh_autodiff weights=(1000.0, 1.0)
[run 205/994] cahn_hilliard_o4 point_046 war weights=(1000.0, 10.0)
[run 206/994] cahn_hilliard_o4 point_046 real_tanh_autodiff weights=(1000.0, 10.0)
[run 207/994] cahn_hilliard_o4 point_047 war weights=(1000.0, 100.0)
[run 208/994] cahn_hilliard_o4 point_047 real_tanh_autodiff weights=(1000.0, 100.0)
[run 209/994] cahn_hilliard_o4 point_048 war weights=(1000.0, 1000.0)
[run 210/994] cahn_hilliard_o4 point_048 real_tanh_autodiff weights=(1000.0, 1000.0)
[run 211/994] cahn_hilliard_o6 point_000 war weights=(0.001, 0.001)
[run 212/994] cahn_hilliard_o6 point_000 real_tanh_autodiff weights=(0.001, 0.001)
[run 213/994] cahn_hilliard_o6 point_001 war weights=(0.001, 0.01)
[run 214/994] cahn_hilliard_o6 point_001 real_tanh_autodiff weights=(0.001, 0.01)
[run 215/994] cahn_hilliard_o6 point_002 war weights=(0.001, 0.1)
[run 216/994] cahn_hilliard_o6 point_002 real_tanh_autodiff weights=(0.001, 0.1)
[run 217/994] cahn_hilliard_o6 point_003 war weights=(0.001, 1.0)
[run 218/994] cahn_hilliard_o6 point_003 real_tanh_autodiff weights=(0.001, 1.0)
[run 219/994] cahn_hilliard_o6 point_004 war weights=(0.001, 10.0)
[run 220/994] cahn_hilliard_o6 point_004 real_tanh_autodiff weights=(0.001, 10.0)
[run 221/994] cahn_hilliard_o6 point_005 war weights=(0.001, 100.0)
[run 222/994] cahn_hilliard_o6 point_005 real_tanh_autodiff weights=(0.001, 100.0)
[run 223/994] cahn_hilliard_o6 point_006 war weights=(0.001, 1000.0)
[run 224/994] cahn_hilliard_o6 point_006 real_tanh_autodiff weights=(0.001, 1000.0)
[run 225/994] cahn_hilliard_o6 point_007 war weights=(0.01, 0.001)
[run 226/994] cahn_hilliard_o6 point_007 real_tanh_autodiff weights=(0.01, 0.001)
[run 227/994] cahn_hilliard_o6 point_008 war weights=(0.01, 0.01)
[run 228/994] cahn_hilliard_o6 point_008 real_tanh_autodiff weights=(0.01, 0.01)
[run 229/994] cahn_hilliard_o6 point_009 war weights=(0.01, 0.1)
[run 230/994] cahn_hilliard_o6 point_009 real_tanh_autodiff weights=(0.01, 0.1)
[run 231/994] cahn_hilliard_o6 point_010 war weights=(0.01, 1.0)
[run 232/994] cahn_hilliard_o6 point_010 real_tanh_autodiff weights=(0.01, 1.0)
[run 233/994] cahn_hilliard_o6 point_011 war weights=(0.01, 10.0)
[run 234/994] cahn_hilliard_o6 point_011 real_tanh_autodiff weights=(0.01, 10.0)
[run 235/994] cahn_hilliard_o6 point_012 war weights=(0.01, 100.0)
[run 236/994] cahn_hilliard_o6 point_012 real_tanh_autodiff weights=(0.01, 100.0)
[run 237/994] cahn_hilliard_o6 point_013 war weights=(0.01, 1000.0)
[run 238/994] cahn_hilliard_o6 point_013 real_tanh_autodiff weights=(0.01, 1000.0)
[run 239/994] cahn_hilliard_o6 point_014 war weights=(0.1, 0.001)
[run 240/994] cahn_hilliard_o6 point_014 real_tanh_autodiff weights=(0.1, 0.001)
[run 241/994] cahn_hilliard_o6 point_015 war weights=(0.1, 0.01)
[run 242/994] cahn_hilliard_o6 point_015 real_tanh_autodiff weights=(0.1, 0.01)
[run 243/994] cahn_hilliard_o6 point_016 war weights=(0.1, 0.1)
[run 244/994] cahn_hilliard_o6 point_016 real_tanh_autodiff weights=(0.1, 0.1)
[run 245/994] cahn_hilliard_o6 point_017 war weights=(0.1, 1.0)
[run 246/994] cahn_hilliard_o6 point_017 real_tanh_autodiff weights=(0.1, 1.0)
[run 247/994] cahn_hilliard_o6 point_018 war weights=(0.1, 10.0)
[run 248/994] cahn_hilliard_o6 point_018 real_tanh_autodiff weights=(0.1, 10.0)
[run 249/994] cahn_hilliard_o6 point_019 war weights=(0.1, 100.0)
[run 250/994] cahn_hilliard_o6 point_019 real_tanh_autodiff weights=(0.1, 100.0)
[run 251/994] cahn_hilliard_o6 point_020 war weights=(0.1, 1000.0)
[run 252/994] cahn_hilliard_o6 point_020 real_tanh_autodiff weights=(0.1, 1000.0)
[run 253/994] cahn_hilliard_o6 point_021 war weights=(1.0, 0.001)
[run 254/994] cahn_hilliard_o6 point_021 real_tanh_autodiff weights=(1.0, 0.001)
[run 255/994] cahn_hilliard_o6 point_022 war weights=(1.0, 0.01)
[run 256/994] cahn_hilliard_o6 point_022 real_tanh_autodiff weights=(1.0, 0.01)
[run 257/994] cahn_hilliard_o6 point_023 war weights=(1.0, 0.1)
[run 258/994] cahn_hilliard_o6 point_023 real_tanh_autodiff weights=(1.0, 0.1)
[run 259/994] cahn_hilliard_o6 point_024 war weights=(1.0, 1.0)
[run 260/994] cahn_hilliard_o6 point_024 real_tanh_autodiff weights=(1.0, 1.0)
[run 261/994] cahn_hilliard_o6 point_025 war weights=(1.0, 10.0)
[run 262/994] cahn_hilliard_o6 point_025 real_tanh_autodiff weights=(1.0, 10.0)
[run 263/994] cahn_hilliard_o6 point_026 war weights=(1.0, 100.0)
[run 264/994] cahn_hilliard_o6 point_026 real_tanh_autodiff weights=(1.0, 100.0)
[run 265/994] cahn_hilliard_o6 point_027 war weights=(1.0, 1000.0)
[run 266/994] cahn_hilliard_o6 point_027 real_tanh_autodiff weights=(1.0, 1000.0)
[run 267/994] cahn_hilliard_o6 point_028 war weights=(10.0, 0.001)
[run 268/994] cahn_hilliard_o6 point_028 real_tanh_autodiff weights=(10.0, 0.001)
[run 269/994] cahn_hilliard_o6 point_029 war weights=(10.0, 0.01)
[run 270/994] cahn_hilliard_o6 point_029 real_tanh_autodiff weights=(10.0, 0.01)
[run 271/994] cahn_hilliard_o6 point_030 war weights=(10.0, 0.1)
[run 272/994] cahn_hilliard_o6 point_030 real_tanh_autodiff weights=(10.0, 0.1)
[run 273/994] cahn_hilliard_o6 point_031 war weights=(10.0, 1.0)
[run 274/994] cahn_hilliard_o6 point_031 real_tanh_autodiff weights=(10.0, 1.0)
[run 275/994] cahn_hilliard_o6 point_032 war weights=(10.0, 10.0)
[run 276/994] cahn_hilliard_o6 point_032 real_tanh_autodiff weights=(10.0, 10.0)
[run 277/994] cahn_hilliard_o6 point_033 war weights=(10.0, 100.0)
[run 278/994] cahn_hilliard_o6 point_033 real_tanh_autodiff weights=(10.0, 100.0)
[run 279/994] cahn_hilliard_o6 point_034 war weights=(10.0, 1000.0)
[run 280/994] cahn_hilliard_o6 point_034 real_tanh_autodiff weights=(10.0, 1000.0)
[run 281/994] cahn_hilliard_o6 point_035 war weights=(100.0, 0.001)
[run 282/994] cahn_hilliard_o6 point_035 real_tanh_autodiff weights=(100.0, 0.001)
[run 283/994] cahn_hilliard_o6 point_036 war weights=(100.0, 0.01)
[run 284/994] cahn_hilliard_o6 point_036 real_tanh_autodiff weights=(100.0, 0.01)
[run 285/994] cahn_hilliard_o6 point_037 war weights=(100.0, 0.1)
[run 286/994] cahn_hilliard_o6 point_037 real_tanh_autodiff weights=(100.0, 0.1)
[run 287/994] cahn_hilliard_o6 point_038 war weights=(100.0, 1.0)
[run 288/994] cahn_hilliard_o6 point_038 real_tanh_autodiff weights=(100.0, 1.0)
[run 289/994] cahn_hilliard_o6 point_039 war weights=(100.0, 10.0)
[run 290/994] cahn_hilliard_o6 point_039 real_tanh_autodiff weights=(100.0, 10.0)
[run 291/994] cahn_hilliard_o6 point_040 war weights=(100.0, 100.0)
[run 292/994] cahn_hilliard_o6 point_040 real_tanh_autodiff weights=(100.0, 100.0)
[run 293/994] cahn_hilliard_o6 point_041 war weights=(100.0, 1000.0)
[run 294/994] cahn_hilliard_o6 point_041 real_tanh_autodiff weights=(100.0, 1000.0)
[run 295/994] cahn_hilliard_o6 point_042 war weights=(1000.0, 0.001)
[run 296/994] cahn_hilliard_o6 point_042 real_tanh_autodiff weights=(1000.0, 0.001)
[run 297/994] cahn_hilliard_o6 point_043 war weights=(1000.0, 0.01)
[run 298/994] cahn_hilliard_o6 point_043 real_tanh_autodiff weights=(1000.0, 0.01)
[run 299/994] cahn_hilliard_o6 point_044 war weights=(1000.0, 0.1)
[run 300/994] cahn_hilliard_o6 point_044 real_tanh_autodiff weights=(1000.0, 0.1)
[run 301/994] cahn_hilliard_o6 point_045 war weights=(1000.0, 1.0)
[run 302/994] cahn_hilliard_o6 point_045 real_tanh_autodiff weights=(1000.0, 1.0)
[run 303/994] cahn_hilliard_o6 point_046 war weights=(1000.0, 10.0)
[run 304/994] cahn_hilliard_o6 point_046 real_tanh_autodiff weights=(1000.0, 10.0)
[run 305/994] cahn_hilliard_o6 point_047 war weights=(1000.0, 100.0)
[run 306/994] cahn_hilliard_o6 point_047 real_tanh_autodiff weights=(1000.0, 100.0)
[run 307/994] cahn_hilliard_o6 point_048 war weights=(1000.0, 1000.0)
[run 308/994] cahn_hilliard_o6 point_048 real_tanh_autodiff weights=(1000.0, 1000.0)
[run 309/994] poly_d2_o6 point_000 war weights=(0.001, 0.001, 0.001)
[run 310/994] poly_d2_o6 point_000 real_tanh_autodiff weights=(0.001, 0.001, 0.001)
[run 311/994] poly_d2_o6 point_001 war weights=(0.001, 0.001, 0.01)
[run 312/994] poly_d2_o6 point_001 real_tanh_autodiff weights=(0.001, 0.001, 0.01)
[run 313/994] poly_d2_o6 point_002 war weights=(0.001, 0.001, 0.1)
[run 314/994] poly_d2_o6 point_002 real_tanh_autodiff weights=(0.001, 0.001, 0.1)
[run 314/994] poly_d2_o6 point_002 real_tanh_autodiff weights=(0.001, 0.001, 0.1)
[run 315/994] poly_d2_o6 point_003 war weights=(0.001, 0.001, 1.0)
[run 316/994] poly_d2_o6 point_003 real_tanh_autodiff weights=(0.001, 0.001, 1.0)
[run 317/994] poly_d2_o6 point_004 war weights=(0.001, 0.001, 10.0)
[run 318/994] poly_d2_o6 point_004 real_tanh_autodiff weights=(0.001, 0.001, 10.0)
[run 319/994] poly_d2_o6 point_005 war weights=(0.001, 0.001, 100.0)
[run 320/994] poly_d2_o6 point_005 real_tanh_autodiff weights=(0.001, 0.001, 100.0)
[run 321/994] poly_d2_o6 point_006 war weights=(0.001, 0.001, 1000.0)
[run 322/994] poly_d2_o6 point_006 real_tanh_autodiff weights=(0.001, 0.001, 1000.0)
[run 323/994] poly_d2_o6 point_007 war weights=(0.001, 0.01, 0.001)
[run 324/994] poly_d2_o6 point_007 real_tanh_autodiff weights=(0.001, 0.01, 0.001)
[run 325/994] poly_d2_o6 point_008 war weights=(0.001, 0.01, 0.01)
[run 326/994] poly_d2_o6 point_008 real_tanh_autodiff weights=(0.001, 0.01, 0.01)
[run 327/994] poly_d2_o6 point_009 war weights=(0.001, 0.01, 0.1)
[run 328/994] poly_d2_o6 point_009 real_tanh_autodiff weights=(0.001, 0.01, 0.1)
[run 329/994] poly_d2_o6 point_010 war weights=(0.001, 0.01, 1.0)
[run 330/994] poly_d2_o6 point_010 real_tanh_autodiff weights=(0.001, 0.01, 1.0)
[run 331/994] poly_d2_o6 point_011 war weights=(0.001, 0.01, 10.0)
[run 332/994] poly_d2_o6 point_011 real_tanh_autodiff weights=(0.001, 0.01, 10.0)
[run 333/994] poly_d2_o6 point_012 war weights=(0.001, 0.01, 100.0)
[run 334/994] poly_d2_o6 point_012 real_tanh_autodiff weights=(0.001, 0.01, 100.0)
[run 335/994] poly_d2_o6 point_013 war weights=(0.001, 0.01, 1000.0)
[run 336/994] poly_d2_o6 point_013 real_tanh_autodiff weights=(0.001, 0.01, 1000.0)
[run 337/994] poly_d2_o6 point_014 war weights=(0.001, 0.1, 0.001)
[run 338/994] poly_d2_o6 point_014 real_tanh_autodiff weights=(0.001, 0.1, 0.001)
[run 339/994] poly_d2_o6 point_015 war weights=(0.001, 0.1, 0.01)
[run 340/994] poly_d2_o6 point_015 real_tanh_autodiff weights=(0.001, 0.1, 0.01)
[run 341/994] poly_d2_o6 point_016 war weights=(0.001, 0.1, 0.1)
[run 342/994] poly_d2_o6 point_016 real_tanh_autodiff weights=(0.001, 0.1, 0.1)
[run 343/994] poly_d2_o6 point_017 war weights=(0.001, 0.1, 1.0)
[run 344/994] poly_d2_o6 point_017 real_tanh_autodiff weights=(0.001, 0.1, 1.0)
[run 345/994] poly_d2_o6 point_018 war weights=(0.001, 0.1, 10.0)
[run 346/994] poly_d2_o6 point_018 real_tanh_autodiff weights=(0.001, 0.1, 10.0)
[run 347/994] poly_d2_o6 point_019 war weights=(0.001, 0.1, 100.0)
[run 348/994] poly_d2_o6 point_019 real_tanh_autodiff weights=(0.001, 0.1, 100.0)
[run 349/994] poly_d2_o6 point_020 war weights=(0.001, 0.1, 1000.0)
[run 350/994] poly_d2_o6 point_020 real_tanh_autodiff weights=(0.001, 0.1, 1000.0)
[run 351/994] poly_d2_o6 point_021 war weights=(0.001, 1.0, 0.001)
[run 352/994] poly_d2_o6 point_021 real_tanh_autodiff weights=(0.001, 1.0, 0.001)
[run 353/994] poly_d2_o6 point_022 war weights=(0.001, 1.0, 0.01)
[run 354/994] poly_d2_o6 point_022 real_tanh_autodiff weights=(0.001, 1.0, 0.01)
[run 355/994] poly_d2_o6 point_023 war weights=(0.001, 1.0, 0.1)
[run 356/994] poly_d2_o6 point_023 real_tanh_autodiff weights=(0.001, 1.0, 0.1)
[run 357/994] poly_d2_o6 point_024 war weights=(0.001, 1.0, 1.0)
[run 358/994] poly_d2_o6 point_024 real_tanh_autodiff weights=(0.001, 1.0, 1.0)
[run 359/994] poly_d2_o6 point_025 war weights=(0.001, 1.0, 10.0)
[run 360/994] poly_d2_o6 point_025 real_tanh_autodiff weights=(0.001, 1.0, 10.0)
[run 361/994] poly_d2_o6 point_026 war weights=(0.001, 1.0, 100.0)
[run 362/994] poly_d2_o6 point_026 real_tanh_autodiff weights=(0.001, 1.0, 100.0)
[run 363/994] poly_d2_o6 point_027 war weights=(0.001, 1.0, 1000.0)
[run 364/994] poly_d2_o6 point_027 real_tanh_autodiff weights=(0.001, 1.0, 1000.0)
[run 365/994] poly_d2_o6 point_028 war weights=(0.001, 10.0, 0.001)
[run 366/994] poly_d2_o6 point_028 real_tanh_autodiff weights=(0.001, 10.0, 0.001)
[run 367/994] poly_d2_o6 point_029 war weights=(0.001, 10.0, 0.01)
[run 368/994] poly_d2_o6 point_029 real_tanh_autodiff weights=(0.001, 10.0, 0.01)
[run 369/994] poly_d2_o6 point_030 war weights=(0.001, 10.0, 0.1)
[run 370/994] poly_d2_o6 point_030 real_tanh_autodiff weights=(0.001, 10.0, 0.1)
[run 371/994] poly_d2_o6 point_031 war weights=(0.001, 10.0, 1.0)
[run 372/994] poly_d2_o6 point_031 real_tanh_autodiff weights=(0.001, 10.0, 1.0)
[run 373/994] poly_d2_o6 point_032 war weights=(0.001, 10.0, 10.0)
[run 374/994] poly_d2_o6 point_032 real_tanh_autodiff weights=(0.001, 10.0, 10.0)
[run 375/994] poly_d2_o6 point_033 war weights=(0.001, 10.0, 100.0)
[run 376/994] poly_d2_o6 point_033 real_tanh_autodiff weights=(0.001, 10.0, 100.0)
[run 377/994] poly_d2_o6 point_034 war weights=(0.001, 10.0, 1000.0)
[run 378/994] poly_d2_o6 point_034 real_tanh_autodiff weights=(0.001, 10.0, 1000.0)
[run 379/994] poly_d2_o6 point_035 war weights=(0.001, 100.0, 0.001)
[run 380/994] poly_d2_o6 point_035 real_tanh_autodiff weights=(0.001, 100.0, 0.001)
[run 381/994] poly_d2_o6 point_036 war weights=(0.001, 100.0, 0.01)
[run 382/994] poly_d2_o6 point_036 real_tanh_autodiff weights=(0.001, 100.0, 0.01)
[run 383/994] poly_d2_o6 point_037 war weights=(0.001, 100.0, 0.1)
[run 384/994] poly_d2_o6 point_037 real_tanh_autodiff weights=(0.001, 100.0, 0.1)
[run 385/994] poly_d2_o6 point_038 war weights=(0.001, 100.0, 1.0)
[run 386/994] poly_d2_o6 point_038 real_tanh_autodiff weights=(0.001, 100.0, 1.0)
[run 387/994] poly_d2_o6 point_039 war weights=(0.001, 100.0, 10.0)
[run 388/994] poly_d2_o6 point_039 real_tanh_autodiff weights=(0.001, 100.0, 10.0)
[run 389/994] poly_d2_o6 point_040 war weights=(0.001, 100.0, 100.0)
[run 390/994] poly_d2_o6 point_040 real_tanh_autodiff weights=(0.001, 100.0, 100.0)
[run 391/994] poly_d2_o6 point_041 war weights=(0.001, 100.0, 1000.0)
[run 392/994] poly_d2_o6 point_041 real_tanh_autodiff weights=(0.001, 100.0, 1000.0)
[run 393/994] poly_d2_o6 point_042 war weights=(0.001, 1000.0, 0.001)
[run 394/994] poly_d2_o6 point_042 real_tanh_autodiff weights=(0.001, 1000.0, 0.001)
[run 395/994] poly_d2_o6 point_043 war weights=(0.001, 1000.0, 0.01)
[run 396/994] poly_d2_o6 point_043 real_tanh_autodiff weights=(0.001, 1000.0, 0.01)
[run 397/994] poly_d2_o6 point_044 war weights=(0.001, 1000.0, 0.1)
[run 398/994] poly_d2_o6 point_044 real_tanh_autodiff weights=(0.001, 1000.0, 0.1)
[run 399/994] poly_d2_o6 point_045 war weights=(0.001, 1000.0, 1.0)
[run 400/994] poly_d2_o6 point_045 real_tanh_autodiff weights=(0.001, 1000.0, 1.0)
[run 401/994] poly_d2_o6 point_046 war weights=(0.001, 1000.0, 10.0)
[run 402/994] poly_d2_o6 point_046 real_tanh_autodiff weights=(0.001, 1000.0, 10.0)
[run 403/994] poly_d2_o6 point_047 war weights=(0.001, 1000.0, 100.0)
[run 404/994] poly_d2_o6 point_047 real_tanh_autodiff weights=(0.001, 1000.0, 100.0)
[run 405/994] poly_d2_o6 point_048 war weights=(0.001, 1000.0, 1000.0)
[run 406/994] poly_d2_o6 point_048 real_tanh_autodiff weights=(0.001, 1000.0, 1000.0)
[run 407/994] poly_d2_o6 point_049 war weights=(0.01, 0.001, 0.001)
[run 408/994] poly_d2_o6 point_049 real_tanh_autodiff weights=(0.01, 0.001, 0.001)
[run 409/994] poly_d2_o6 point_050 war weights=(0.01, 0.001, 0.01)
[run 410/994] poly_d2_o6 point_050 real_tanh_autodiff weights=(0.01, 0.001, 0.01)
[run 411/994] poly_d2_o6 point_051 war weights=(0.01, 0.001, 0.1)
[run 412/994] poly_d2_o6 point_051 real_tanh_autodiff weights=(0.01, 0.001, 0.1)
[run 413/994] poly_d2_o6 point_052 war weights=(0.01, 0.001, 1.0)
[run 414/994] poly_d2_o6 point_052 real_tanh_autodiff weights=(0.01, 0.001, 1.0)
[run 415/994] poly_d2_o6 point_053 war weights=(0.01, 0.001, 10.0)
[run 416/994] poly_d2_o6 point_053 real_tanh_autodiff weights=(0.01, 0.001, 10.0)
[run 417/994] poly_d2_o6 point_054 war weights=(0.01, 0.001, 100.0)
[run 418/994] poly_d2_o6 point_054 real_tanh_autodiff weights=(0.01, 0.001, 100.0)
[run 419/994] poly_d2_o6 point_055 war weights=(0.01, 0.001, 1000.0)
[run 420/994] poly_d2_o6 point_055 real_tanh_autodiff weights=(0.01, 0.001, 1000.0)
[run 421/994] poly_d2_o6 point_056 war weights=(0.01, 0.01, 0.001)
[run 422/994] poly_d2_o6 point_056 real_tanh_autodiff weights=(0.01, 0.01, 0.001)
[run 423/994] poly_d2_o6 point_057 war weights=(0.01, 0.01, 0.01)
[run 424/994] poly_d2_o6 point_057 real_tanh_autodiff weights=(0.01, 0.01, 0.01)
[run 425/994] poly_d2_o6 point_058 war weights=(0.01, 0.01, 0.1)
[run 426/994] poly_d2_o6 point_058 real_tanh_autodiff weights=(0.01, 0.01, 0.1)
[run 427/994] poly_d2_o6 point_059 war weights=(0.01, 0.01, 1.0)
[run 428/994] poly_d2_o6 point_059 real_tanh_autodiff weights=(0.01, 0.01, 1.0)
[run 429/994] poly_d2_o6 point_060 war weights=(0.01, 0.01, 10.0)
[run 430/994] poly_d2_o6 point_060 real_tanh_autodiff weights=(0.01, 0.01, 10.0)
[run 431/994] poly_d2_o6 point_061 war weights=(0.01, 0.01, 100.0)
[run 432/994] poly_d2_o6 point_061 real_tanh_autodiff weights=(0.01, 0.01, 100.0)
[run 433/994] poly_d2_o6 point_062 war weights=(0.01, 0.01, 1000.0)
[run 434/994] poly_d2_o6 point_062 real_tanh_autodiff weights=(0.01, 0.01, 1000.0)
[run 435/994] poly_d2_o6 point_063 war weights=(0.01, 0.1, 0.001)
[run 436/994] poly_d2_o6 point_063 real_tanh_autodiff weights=(0.01, 0.1, 0.001)
[run 437/994] poly_d2_o6 point_064 war weights=(0.01, 0.1, 0.01)
[run 438/994] poly_d2_o6 point_064 real_tanh_autodiff weights=(0.01, 0.1, 0.01)
[run 439/994] poly_d2_o6 point_065 war weights=(0.01, 0.1, 0.1)
[run 440/994] poly_d2_o6 point_065 real_tanh_autodiff weights=(0.01, 0.1, 0.1)
[run 441/994] poly_d2_o6 point_066 war weights=(0.01, 0.1, 1.0)
[run 442/994] poly_d2_o6 point_066 real_tanh_autodiff weights=(0.01, 0.1, 1.0)
[run 443/994] poly_d2_o6 point_067 war weights=(0.01, 0.1, 10.0)
[run 444/994] poly_d2_o6 point_067 real_tanh_autodiff weights=(0.01, 0.1, 10.0)
[run 445/994] poly_d2_o6 point_068 war weights=(0.01, 0.1, 100.0)
[run 446/994] poly_d2_o6 point_068 real_tanh_autodiff weights=(0.01, 0.1, 100.0)
[run 447/994] poly_d2_o6 point_069 war weights=(0.01, 0.1, 1000.0)
[run 448/994] poly_d2_o6 point_069 real_tanh_autodiff weights=(0.01, 0.1, 1000.0)
[run 449/994] poly_d2_o6 point_070 war weights=(0.01, 1.0, 0.001)
[run 450/994] poly_d2_o6 point_070 real_tanh_autodiff weights=(0.01, 1.0, 0.001)
[run 451/994] poly_d2_o6 point_071 war weights=(0.01, 1.0, 0.01)
[run 452/994] poly_d2_o6 point_071 real_tanh_autodiff weights=(0.01, 1.0, 0.01)
[run 453/994] poly_d2_o6 point_072 war weights=(0.01, 1.0, 0.1)
[run 454/994] poly_d2_o6 point_072 real_tanh_autodiff weights=(0.01, 1.0, 0.1)
[run 455/994] poly_d2_o6 point_073 war weights=(0.01, 1.0, 1.0)
[run 456/994] poly_d2_o6 point_073 real_tanh_autodiff weights=(0.01, 1.0, 1.0)
[run 457/994] poly_d2_o6 point_074 war weights=(0.01, 1.0, 10.0)
[run 458/994] poly_d2_o6 point_074 real_tanh_autodiff weights=(0.01, 1.0, 10.0)
[run 459/994] poly_d2_o6 point_075 war weights=(0.01, 1.0, 100.0)
[run 460/994] poly_d2_o6 point_075 real_tanh_autodiff weights=(0.01, 1.0, 100.0)
[run 461/994] poly_d2_o6 point_076 war weights=(0.01, 1.0, 1000.0)
[run 462/994] poly_d2_o6 point_076 real_tanh_autodiff weights=(0.01, 1.0, 1000.0)
[run 463/994] poly_d2_o6 point_077 war weights=(0.01, 10.0, 0.001)
[run 464/994] poly_d2_o6 point_077 real_tanh_autodiff weights=(0.01, 10.0, 0.001)
[run 465/994] poly_d2_o6 point_078 war weights=(0.01, 10.0, 0.01)
[run 466/994] poly_d2_o6 point_078 real_tanh_autodiff weights=(0.01, 10.0, 0.01)
[run 467/994] poly_d2_o6 point_079 war weights=(0.01, 10.0, 0.1)
[run 468/994] poly_d2_o6 point_079 real_tanh_autodiff weights=(0.01, 10.0, 0.1)
[run 469/994] poly_d2_o6 point_080 war weights=(0.01, 10.0, 1.0)
[run 470/994] poly_d2_o6 point_080 real_tanh_autodiff weights=(0.01, 10.0, 1.0)
[run 471/994] poly_d2_o6 point_081 war weights=(0.01, 10.0, 10.0)
[run 472/994] poly_d2_o6 point_081 real_tanh_autodiff weights=(0.01, 10.0, 10.0)
[run 473/994] poly_d2_o6 point_082 war weights=(0.01, 10.0, 100.0)
[run 474/994] poly_d2_o6 point_082 real_tanh_autodiff weights=(0.01, 10.0, 100.0)
[run 475/994] poly_d2_o6 point_083 war weights=(0.01, 10.0, 1000.0)
[run 476/994] poly_d2_o6 point_083 real_tanh_autodiff weights=(0.01, 10.0, 1000.0)
[run 477/994] poly_d2_o6 point_084 war weights=(0.01, 100.0, 0.001)
[run 478/994] poly_d2_o6 point_084 real_tanh_autodiff weights=(0.01, 100.0, 0.001)
[run 479/994] poly_d2_o6 point_085 war weights=(0.01, 100.0, 0.01)
[run 480/994] poly_d2_o6 point_085 real_tanh_autodiff weights=(0.01, 100.0, 0.01)
[run 481/994] poly_d2_o6 point_086 war weights=(0.01, 100.0, 0.1)
[run 482/994] poly_d2_o6 point_086 real_tanh_autodiff weights=(0.01, 100.0, 0.1)
[run 483/994] poly_d2_o6 point_087 war weights=(0.01, 100.0, 1.0)
[run 484/994] poly_d2_o6 point_087 real_tanh_autodiff weights=(0.01, 100.0, 1.0)
[run 485/994] poly_d2_o6 point_088 war weights=(0.01, 100.0, 10.0)
[run 486/994] poly_d2_o6 point_088 real_tanh_autodiff weights=(0.01, 100.0, 10.0)
[run 487/994] poly_d2_o6 point_089 war weights=(0.01, 100.0, 100.0)
[run 488/994] poly_d2_o6 point_089 real_tanh_autodiff weights=(0.01, 100.0, 100.0)
[run 489/994] poly_d2_o6 point_090 war weights=(0.01, 100.0, 1000.0)
[run 490/994] poly_d2_o6 point_090 real_tanh_autodiff weights=(0.01, 100.0, 1000.0)
[run 491/994] poly_d2_o6 point_091 war weights=(0.01, 1000.0, 0.001)
[run 492/994] poly_d2_o6 point_091 real_tanh_autodiff weights=(0.01, 1000.0, 0.001)
[run 493/994] poly_d2_o6 point_092 war weights=(0.01, 1000.0, 0.01)
[run 494/994] poly_d2_o6 point_092 real_tanh_autodiff weights=(0.01, 1000.0, 0.01)
[run 495/994] poly_d2_o6 point_093 war weights=(0.01, 1000.0, 0.1)
[run 496/994] poly_d2_o6 point_093 real_tanh_autodiff weights=(0.01, 1000.0, 0.1)
[run 497/994] poly_d2_o6 point_094 war weights=(0.01, 1000.0, 1.0)
[run 498/994] poly_d2_o6 point_094 real_tanh_autodiff weights=(0.01, 1000.0, 1.0)
[run 499/994] poly_d2_o6 point_095 war weights=(0.01, 1000.0, 10.0)
[run 500/994] poly_d2_o6 point_095 real_tanh_autodiff weights=(0.01, 1000.0, 10.0)
[run 501/994] poly_d2_o6 point_096 war weights=(0.01, 1000.0, 100.0)
[run 502/994] poly_d2_o6 point_096 real_tanh_autodiff weights=(0.01, 1000.0, 100.0)
[run 503/994] poly_d2_o6 point_097 war weights=(0.01, 1000.0, 1000.0)
[run 504/994] poly_d2_o6 point_097 real_tanh_autodiff weights=(0.01, 1000.0, 1000.0)
[run 505/994] poly_d2_o6 point_098 war weights=(0.1, 0.001, 0.001)
[run 506/994] poly_d2_o6 point_098 real_tanh_autodiff weights=(0.1, 0.001, 0.001)
[run 507/994] poly_d2_o6 point_099 war weights=(0.1, 0.001, 0.01)
[run 508/994] poly_d2_o6 point_099 real_tanh_autodiff weights=(0.1, 0.001, 0.01)
[run 509/994] poly_d2_o6 point_100 war weights=(0.1, 0.001, 0.1)
[run 510/994] poly_d2_o6 point_100 real_tanh_autodiff weights=(0.1, 0.001, 0.1)
[run 511/994] poly_d2_o6 point_101 war weights=(0.1, 0.001, 1.0)
[run 512/994] poly_d2_o6 point_101 real_tanh_autodiff weights=(0.1, 0.001, 1.0)
[run 513/994] poly_d2_o6 point_102 war weights=(0.1, 0.001, 10.0)
[run 514/994] poly_d2_o6 point_102 real_tanh_autodiff weights=(0.1, 0.001, 10.0)
[run 515/994] poly_d2_o6 point_103 war weights=(0.1, 0.001, 100.0)
[run 516/994] poly_d2_o6 point_103 real_tanh_autodiff weights=(0.1, 0.001, 100.0)
[run 517/994] poly_d2_o6 point_104 war weights=(0.1, 0.001, 1000.0)
[run 518/994] poly_d2_o6 point_104 real_tanh_autodiff weights=(0.1, 0.001, 1000.0)
[run 519/994] poly_d2_o6 point_105 war weights=(0.1, 0.01, 0.001)
[run 520/994] poly_d2_o6 point_105 real_tanh_autodiff weights=(0.1, 0.01, 0.001)
[run 521/994] poly_d2_o6 point_106 war weights=(0.1, 0.01, 0.01)
[run 522/994] poly_d2_o6 point_106 real_tanh_autodiff weights=(0.1, 0.01, 0.01)
[run 523/994] poly_d2_o6 point_107 war weights=(0.1, 0.01, 0.1)
[run 524/994] poly_d2_o6 point_107 real_tanh_autodiff weights=(0.1, 0.01, 0.1)
[run 525/994] poly_d2_o6 point_108 war weights=(0.1, 0.01, 1.0)
[run 526/994] poly_d2_o6 point_108 real_tanh_autodiff weights=(0.1, 0.01, 1.0)
[run 527/994] poly_d2_o6 point_109 war weights=(0.1, 0.01, 10.0)
[run 528/994] poly_d2_o6 point_109 real_tanh_autodiff weights=(0.1, 0.01, 10.0)
[run 529/994] poly_d2_o6 point_110 war weights=(0.1, 0.01, 100.0)
[run 530/994] poly_d2_o6 point_110 real_tanh_autodiff weights=(0.1, 0.01, 100.0)
[run 531/994] poly_d2_o6 point_111 war weights=(0.1, 0.01, 1000.0)
[run 532/994] poly_d2_o6 point_111 real_tanh_autodiff weights=(0.1, 0.01, 1000.0)
[run 533/994] poly_d2_o6 point_112 war weights=(0.1, 0.1, 0.001)
[run 534/994] poly_d2_o6 point_112 real_tanh_autodiff weights=(0.1, 0.1, 0.001)
[run 535/994] poly_d2_o6 point_113 war weights=(0.1, 0.1, 0.01)
[run 536/994] poly_d2_o6 point_113 real_tanh_autodiff weights=(0.1, 0.1, 0.01)
[run 537/994] poly_d2_o6 point_114 war weights=(0.1, 0.1, 0.1)
[run 538/994] poly_d2_o6 point_114 real_tanh_autodiff weights=(0.1, 0.1, 0.1)
[run 539/994] poly_d2_o6 point_115 war weights=(0.1, 0.1, 1.0)
[run 540/994] poly_d2_o6 point_115 real_tanh_autodiff weights=(0.1, 0.1, 1.0)
[run 541/994] poly_d2_o6 point_116 war weights=(0.1, 0.1, 10.0)
[run 542/994] poly_d2_o6 point_116 real_tanh_autodiff weights=(0.1, 0.1, 10.0)
[run 543/994] poly_d2_o6 point_117 war weights=(0.1, 0.1, 100.0)
[run 544/994] poly_d2_o6 point_117 real_tanh_autodiff weights=(0.1, 0.1, 100.0)
[run 545/994] poly_d2_o6 point_118 war weights=(0.1, 0.1, 1000.0)
[run 546/994] poly_d2_o6 point_118 real_tanh_autodiff weights=(0.1, 0.1, 1000.0)
[run 547/994] poly_d2_o6 point_119 war weights=(0.1, 1.0, 0.001)
[run 548/994] poly_d2_o6 point_119 real_tanh_autodiff weights=(0.1, 1.0, 0.001)
[run 549/994] poly_d2_o6 point_120 war weights=(0.1, 1.0, 0.01)
[run 550/994] poly_d2_o6 point_120 real_tanh_autodiff weights=(0.1, 1.0, 0.01)
[run 551/994] poly_d2_o6 point_121 war weights=(0.1, 1.0, 0.1)
[run 552/994] poly_d2_o6 point_121 real_tanh_autodiff weights=(0.1, 1.0, 0.1)
[run 553/994] poly_d2_o6 point_122 war weights=(0.1, 1.0, 1.0)
[run 554/994] poly_d2_o6 point_122 real_tanh_autodiff weights=(0.1, 1.0, 1.0)
[run 555/994] poly_d2_o6 point_123 war weights=(0.1, 1.0, 10.0)
[run 556/994] poly_d2_o6 point_123 real_tanh_autodiff weights=(0.1, 1.0, 10.0)
[run 557/994] poly_d2_o6 point_124 war weights=(0.1, 1.0, 100.0)
[run 558/994] poly_d2_o6 point_124 real_tanh_autodiff weights=(0.1, 1.0, 100.0)
[run 559/994] poly_d2_o6 point_125 war weights=(0.1, 1.0, 1000.0)
[run 560/994] poly_d2_o6 point_125 real_tanh_autodiff weights=(0.1, 1.0, 1000.0)
[run 561/994] poly_d2_o6 point_126 war weights=(0.1, 10.0, 0.001)
[run 562/994] poly_d2_o6 point_126 real_tanh_autodiff weights=(0.1, 10.0, 0.001)
[run 563/994] poly_d2_o6 point_127 war weights=(0.1, 10.0, 0.01)
[run 564/994] poly_d2_o6 point_127 real_tanh_autodiff weights=(0.1, 10.0, 0.01)
[run 565/994] poly_d2_o6 point_128 war weights=(0.1, 10.0, 0.1)
[run 566/994] poly_d2_o6 point_128 real_tanh_autodiff weights=(0.1, 10.0, 0.1)
[run 567/994] poly_d2_o6 point_129 war weights=(0.1, 10.0, 1.0)
[run 568/994] poly_d2_o6 point_129 real_tanh_autodiff weights=(0.1, 10.0, 1.0)
[run 569/994] poly_d2_o6 point_130 war weights=(0.1, 10.0, 10.0)
[run 570/994] poly_d2_o6 point_130 real_tanh_autodiff weights=(0.1, 10.0, 10.0)
[run 571/994] poly_d2_o6 point_131 war weights=(0.1, 10.0, 100.0)
[run 572/994] poly_d2_o6 point_131 real_tanh_autodiff weights=(0.1, 10.0, 100.0)
[run 573/994] poly_d2_o6 point_132 war weights=(0.1, 10.0, 1000.0)
[run 574/994] poly_d2_o6 point_132 real_tanh_autodiff weights=(0.1, 10.0, 1000.0)
[run 575/994] poly_d2_o6 point_133 war weights=(0.1, 100.0, 0.001)
[run 576/994] poly_d2_o6 point_133 real_tanh_autodiff weights=(0.1, 100.0, 0.001)
[run 577/994] poly_d2_o6 point_134 war weights=(0.1, 100.0, 0.01)
[run 578/994] poly_d2_o6 point_134 real_tanh_autodiff weights=(0.1, 100.0, 0.01)
[run 579/994] poly_d2_o6 point_135 war weights=(0.1, 100.0, 0.1)
[run 580/994] poly_d2_o6 point_135 real_tanh_autodiff weights=(0.1, 100.0, 0.1)
[run 581/994] poly_d2_o6 point_136 war weights=(0.1, 100.0, 1.0)
[run 582/994] poly_d2_o6 point_136 real_tanh_autodiff weights=(0.1, 100.0, 1.0)
[run 583/994] poly_d2_o6 point_137 war weights=(0.1, 100.0, 10.0)
[run 584/994] poly_d2_o6 point_137 real_tanh_autodiff weights=(0.1, 100.0, 10.0)
[run 585/994] poly_d2_o6 point_138 war weights=(0.1, 100.0, 100.0)
[run 586/994] poly_d2_o6 point_138 real_tanh_autodiff weights=(0.1, 100.0, 100.0)
[run 587/994] poly_d2_o6 point_139 war weights=(0.1, 100.0, 1000.0)
[run 588/994] poly_d2_o6 point_139 real_tanh_autodiff weights=(0.1, 100.0, 1000.0)
[run 589/994] poly_d2_o6 point_140 war weights=(0.1, 1000.0, 0.001)
[run 590/994] poly_d2_o6 point_140 real_tanh_autodiff weights=(0.1, 1000.0, 0.001)
[run 591/994] poly_d2_o6 point_141 war weights=(0.1, 1000.0, 0.01)
[run 592/994] poly_d2_o6 point_141 real_tanh_autodiff weights=(0.1, 1000.0, 0.01)
[run 593/994] poly_d2_o6 point_142 war weights=(0.1, 1000.0, 0.1)
[run 594/994] poly_d2_o6 point_142 real_tanh_autodiff weights=(0.1, 1000.0, 0.1)
[run 595/994] poly_d2_o6 point_143 war weights=(0.1, 1000.0, 1.0)
[run 596/994] poly_d2_o6 point_143 real_tanh_autodiff weights=(0.1, 1000.0, 1.0)
[run 597/994] poly_d2_o6 point_144 war weights=(0.1, 1000.0, 10.0)
[run 598/994] poly_d2_o6 point_144 real_tanh_autodiff weights=(0.1, 1000.0, 10.0)
[run 599/994] poly_d2_o6 point_145 war weights=(0.1, 1000.0, 100.0)
[run 600/994] poly_d2_o6 point_145 real_tanh_autodiff weights=(0.1, 1000.0, 100.0)
[run 601/994] poly_d2_o6 point_146 war weights=(0.1, 1000.0, 1000.0)
[run 602/994] poly_d2_o6 point_146 real_tanh_autodiff weights=(0.1, 1000.0, 1000.0)
[run 603/994] poly_d2_o6 point_147 war weights=(1.0, 0.001, 0.001)
[run 604/994] poly_d2_o6 point_147 real_tanh_autodiff weights=(1.0, 0.001, 0.001)
[run 605/994] poly_d2_o6 point_148 war weights=(1.0, 0.001, 0.01)
[run 606/994] poly_d2_o6 point_148 real_tanh_autodiff weights=(1.0, 0.001, 0.01)
[run 607/994] poly_d2_o6 point_149 war weights=(1.0, 0.001, 0.1)
[run 608/994] poly_d2_o6 point_149 real_tanh_autodiff weights=(1.0, 0.001, 0.1)
[run 609/994] poly_d2_o6 point_150 war weights=(1.0, 0.001, 1.0)
[run 610/994] poly_d2_o6 point_150 real_tanh_autodiff weights=(1.0, 0.001, 1.0)
[run 611/994] poly_d2_o6 point_151 war weights=(1.0, 0.001, 10.0)
[run 612/994] poly_d2_o6 point_151 real_tanh_autodiff weights=(1.0, 0.001, 10.0)
[run 613/994] poly_d2_o6 point_152 war weights=(1.0, 0.001, 100.0)
[run 614/994] poly_d2_o6 point_152 real_tanh_autodiff weights=(1.0, 0.001, 100.0)
[run 615/994] poly_d2_o6 point_153 war weights=(1.0, 0.001, 1000.0)
[run 616/994] poly_d2_o6 point_153 real_tanh_autodiff weights=(1.0, 0.001, 1000.0)
[run 617/994] poly_d2_o6 point_154 war weights=(1.0, 0.01, 0.001)
[run 618/994] poly_d2_o6 point_154 real_tanh_autodiff weights=(1.0, 0.01, 0.001)
[run 619/994] poly_d2_o6 point_155 war weights=(1.0, 0.01, 0.01)
[run 620/994] poly_d2_o6 point_155 real_tanh_autodiff weights=(1.0, 0.01, 0.01)
[run 621/994] poly_d2_o6 point_156 war weights=(1.0, 0.01, 0.1)
[run 622/994] poly_d2_o6 point_156 real_tanh_autodiff weights=(1.0, 0.01, 0.1)
[run 623/994] poly_d2_o6 point_157 war weights=(1.0, 0.01, 1.0)
[run 624/994] poly_d2_o6 point_157 real_tanh_autodiff weights=(1.0, 0.01, 1.0)
[run 625/994] poly_d2_o6 point_158 war weights=(1.0, 0.01, 10.0)
[run 626/994] poly_d2_o6 point_158 real_tanh_autodiff weights=(1.0, 0.01, 10.0)
[run 627/994] poly_d2_o6 point_159 war weights=(1.0, 0.01, 100.0)
[run 628/994] poly_d2_o6 point_159 real_tanh_autodiff weights=(1.0, 0.01, 100.0)
[run 629/994] poly_d2_o6 point_160 war weights=(1.0, 0.01, 1000.0)
[run 630/994] poly_d2_o6 point_160 real_tanh_autodiff weights=(1.0, 0.01, 1000.0)
[run 631/994] poly_d2_o6 point_161 war weights=(1.0, 0.1, 0.001)
[run 632/994] poly_d2_o6 point_161 real_tanh_autodiff weights=(1.0, 0.1, 0.001)
[run 633/994] poly_d2_o6 point_162 war weights=(1.0, 0.1, 0.01)
[run 634/994] poly_d2_o6 point_162 real_tanh_autodiff weights=(1.0, 0.1, 0.01)
[run 635/994] poly_d2_o6 point_163 war weights=(1.0, 0.1, 0.1)
[run 636/994] poly_d2_o6 point_163 real_tanh_autodiff weights=(1.0, 0.1, 0.1)
[run 637/994] poly_d2_o6 point_164 war weights=(1.0, 0.1, 1.0)
[run 638/994] poly_d2_o6 point_164 real_tanh_autodiff weights=(1.0, 0.1, 1.0)
[run 639/994] poly_d2_o6 point_165 war weights=(1.0, 0.1, 10.0)
[run 640/994] poly_d2_o6 point_165 real_tanh_autodiff weights=(1.0, 0.1, 10.0)
[run 641/994] poly_d2_o6 point_166 war weights=(1.0, 0.1, 100.0)
[run 642/994] poly_d2_o6 point_166 real_tanh_autodiff weights=(1.0, 0.1, 100.0)
[run 643/994] poly_d2_o6 point_167 war weights=(1.0, 0.1, 1000.0)
[run 644/994] poly_d2_o6 point_167 real_tanh_autodiff weights=(1.0, 0.1, 1000.0)
[run 645/994] poly_d2_o6 point_168 war weights=(1.0, 1.0, 0.001)
[run 646/994] poly_d2_o6 point_168 real_tanh_autodiff weights=(1.0, 1.0, 0.001)
[run 647/994] poly_d2_o6 point_169 war weights=(1.0, 1.0, 0.01)
[run 648/994] poly_d2_o6 point_169 real_tanh_autodiff weights=(1.0, 1.0, 0.01)
[run 649/994] poly_d2_o6 point_170 war weights=(1.0, 1.0, 0.1)
[run 650/994] poly_d2_o6 point_170 real_tanh_autodiff weights=(1.0, 1.0, 0.1)
[run 651/994] poly_d2_o6 point_171 war weights=(1.0, 1.0, 1.0)
[run 652/994] poly_d2_o6 point_171 real_tanh_autodiff weights=(1.0, 1.0, 1.0)
[run 653/994] poly_d2_o6 point_172 war weights=(1.0, 1.0, 10.0)
[run 654/994] poly_d2_o6 point_172 real_tanh_autodiff weights=(1.0, 1.0, 10.0)
[run 655/994] poly_d2_o6 point_173 war weights=(1.0, 1.0, 100.0)
[run 656/994] poly_d2_o6 point_173 real_tanh_autodiff weights=(1.0, 1.0, 100.0)
[run 657/994] poly_d2_o6 point_174 war weights=(1.0, 1.0, 1000.0)
[run 658/994] poly_d2_o6 point_174 real_tanh_autodiff weights=(1.0, 1.0, 1000.0)
[run 659/994] poly_d2_o6 point_175 war weights=(1.0, 10.0, 0.001)
[run 660/994] poly_d2_o6 point_175 real_tanh_autodiff weights=(1.0, 10.0, 0.001)
[run 661/994] poly_d2_o6 point_176 war weights=(1.0, 10.0, 0.01)
[run 662/994] poly_d2_o6 point_176 real_tanh_autodiff weights=(1.0, 10.0, 0.01)
[run 663/994] poly_d2_o6 point_177 war weights=(1.0, 10.0, 0.1)
[run 664/994] poly_d2_o6 point_177 real_tanh_autodiff weights=(1.0, 10.0, 0.1)
[run 665/994] poly_d2_o6 point_178 war weights=(1.0, 10.0, 1.0)
[run 666/994] poly_d2_o6 point_178 real_tanh_autodiff weights=(1.0, 10.0, 1.0)
[run 667/994] poly_d2_o6 point_179 war weights=(1.0, 10.0, 10.0)
[run 668/994] poly_d2_o6 point_179 real_tanh_autodiff weights=(1.0, 10.0, 10.0)
[run 669/994] poly_d2_o6 point_180 war weights=(1.0, 10.0, 100.0)
[run 670/994] poly_d2_o6 point_180 real_tanh_autodiff weights=(1.0, 10.0, 100.0)
[run 671/994] poly_d2_o6 point_181 war weights=(1.0, 10.0, 1000.0)
[run 672/994] poly_d2_o6 point_181 real_tanh_autodiff weights=(1.0, 10.0, 1000.0)
[run 673/994] poly_d2_o6 point_182 war weights=(1.0, 100.0, 0.001)
[run 674/994] poly_d2_o6 point_182 real_tanh_autodiff weights=(1.0, 100.0, 0.001)
[run 675/994] poly_d2_o6 point_183 war weights=(1.0, 100.0, 0.01)
[run 676/994] poly_d2_o6 point_183 real_tanh_autodiff weights=(1.0, 100.0, 0.01)
[run 677/994] poly_d2_o6 point_184 war weights=(1.0, 100.0, 0.1)
[run 678/994] poly_d2_o6 point_184 real_tanh_autodiff weights=(1.0, 100.0, 0.1)
[run 679/994] poly_d2_o6 point_185 war weights=(1.0, 100.0, 1.0)
[run 680/994] poly_d2_o6 point_185 real_tanh_autodiff weights=(1.0, 100.0, 1.0)
[run 681/994] poly_d2_o6 point_186 war weights=(1.0, 100.0, 10.0)
[run 682/994] poly_d2_o6 point_186 real_tanh_autodiff weights=(1.0, 100.0, 10.0)
[run 683/994] poly_d2_o6 point_187 war weights=(1.0, 100.0, 100.0)
[run 684/994] poly_d2_o6 point_187 real_tanh_autodiff weights=(1.0, 100.0, 100.0)
[run 685/994] poly_d2_o6 point_188 war weights=(1.0, 100.0, 1000.0)
[run 686/994] poly_d2_o6 point_188 real_tanh_autodiff weights=(1.0, 100.0, 1000.0)
[run 687/994] poly_d2_o6 point_189 war weights=(1.0, 1000.0, 0.001)
[run 688/994] poly_d2_o6 point_189 real_tanh_autodiff weights=(1.0, 1000.0, 0.001)
[run 689/994] poly_d2_o6 point_190 war weights=(1.0, 1000.0, 0.01)
[run 690/994] poly_d2_o6 point_190 real_tanh_autodiff weights=(1.0, 1000.0, 0.01)
[run 691/994] poly_d2_o6 point_191 war weights=(1.0, 1000.0, 0.1)
[run 692/994] poly_d2_o6 point_191 real_tanh_autodiff weights=(1.0, 1000.0, 0.1)
[run 693/994] poly_d2_o6 point_192 war weights=(1.0, 1000.0, 1.0)
[run 694/994] poly_d2_o6 point_192 real_tanh_autodiff weights=(1.0, 1000.0, 1.0)
[run 695/994] poly_d2_o6 point_193 war weights=(1.0, 1000.0, 10.0)
[run 696/994] poly_d2_o6 point_193 real_tanh_autodiff weights=(1.0, 1000.0, 10.0)
[run 697/994] poly_d2_o6 point_194 war weights=(1.0, 1000.0, 100.0)
[run 698/994] poly_d2_o6 point_194 real_tanh_autodiff weights=(1.0, 1000.0, 100.0)
[run 699/994] poly_d2_o6 point_195 war weights=(1.0, 1000.0, 1000.0)
[run 700/994] poly_d2_o6 point_195 real_tanh_autodiff weights=(1.0, 1000.0, 1000.0)
[run 701/994] poly_d2_o6 point_196 war weights=(10.0, 0.001, 0.001)
[run 702/994] poly_d2_o6 point_196 real_tanh_autodiff weights=(10.0, 0.001, 0.001)
[run 703/994] poly_d2_o6 point_197 war weights=(10.0, 0.001, 0.01)
[run 704/994] poly_d2_o6 point_197 real_tanh_autodiff weights=(10.0, 0.001, 0.01)
[run 705/994] poly_d2_o6 point_198 war weights=(10.0, 0.001, 0.1)
[run 706/994] poly_d2_o6 point_198 real_tanh_autodiff weights=(10.0, 0.001, 0.1)
[run 707/994] poly_d2_o6 point_199 war weights=(10.0, 0.001, 1.0)
[run 708/994] poly_d2_o6 point_199 real_tanh_autodiff weights=(10.0, 0.001, 1.0)
[run 709/994] poly_d2_o6 point_200 war weights=(10.0, 0.001, 10.0)
[run 710/994] poly_d2_o6 point_200 real_tanh_autodiff weights=(10.0, 0.001, 10.0)
[run 711/994] poly_d2_o6 point_201 war weights=(10.0, 0.001, 100.0)
[run 712/994] poly_d2_o6 point_201 real_tanh_autodiff weights=(10.0, 0.001, 100.0)
[run 713/994] poly_d2_o6 point_202 war weights=(10.0, 0.001, 1000.0)
[run 714/994] poly_d2_o6 point_202 real_tanh_autodiff weights=(10.0, 0.001, 1000.0)
[run 715/994] poly_d2_o6 point_203 war weights=(10.0, 0.01, 0.001)
[run 716/994] poly_d2_o6 point_203 real_tanh_autodiff weights=(10.0, 0.01, 0.001)
[run 717/994] poly_d2_o6 point_204 war weights=(10.0, 0.01, 0.01)
[run 718/994] poly_d2_o6 point_204 real_tanh_autodiff weights=(10.0, 0.01, 0.01)
[run 719/994] poly_d2_o6 point_205 war weights=(10.0, 0.01, 0.1)
[run 720/994] poly_d2_o6 point_205 real_tanh_autodiff weights=(10.0, 0.01, 0.1)
[run 721/994] poly_d2_o6 point_206 war weights=(10.0, 0.01, 1.0)
[run 722/994] poly_d2_o6 point_206 real_tanh_autodiff weights=(10.0, 0.01, 1.0)
[run 723/994] poly_d2_o6 point_207 war weights=(10.0, 0.01, 10.0)
[run 724/994] poly_d2_o6 point_207 real_tanh_autodiff weights=(10.0, 0.01, 10.0)
[run 725/994] poly_d2_o6 point_208 war weights=(10.0, 0.01, 100.0)
[run 726/994] poly_d2_o6 point_208 real_tanh_autodiff weights=(10.0, 0.01, 100.0)
[run 727/994] poly_d2_o6 point_209 war weights=(10.0, 0.01, 1000.0)
[run 728/994] poly_d2_o6 point_209 real_tanh_autodiff weights=(10.0, 0.01, 1000.0)
[run 729/994] poly_d2_o6 point_210 war weights=(10.0, 0.1, 0.001)
[run 730/994] poly_d2_o6 point_210 real_tanh_autodiff weights=(10.0, 0.1, 0.001)
[run 731/994] poly_d2_o6 point_211 war weights=(10.0, 0.1, 0.01)
[run 732/994] poly_d2_o6 point_211 real_tanh_autodiff weights=(10.0, 0.1, 0.01)
[run 733/994] poly_d2_o6 point_212 war weights=(10.0, 0.1, 0.1)
[run 734/994] poly_d2_o6 point_212 real_tanh_autodiff weights=(10.0, 0.1, 0.1)
[run 735/994] poly_d2_o6 point_213 war weights=(10.0, 0.1, 1.0)
[run 736/994] poly_d2_o6 point_213 real_tanh_autodiff weights=(10.0, 0.1, 1.0)
[run 737/994] poly_d2_o6 point_214 war weights=(10.0, 0.1, 10.0)
[run 738/994] poly_d2_o6 point_214 real_tanh_autodiff weights=(10.0, 0.1, 10.0)
[run 739/994] poly_d2_o6 point_215 war weights=(10.0, 0.1, 100.0)
[run 740/994] poly_d2_o6 point_215 real_tanh_autodiff weights=(10.0, 0.1, 100.0)
[run 741/994] poly_d2_o6 point_216 war weights=(10.0, 0.1, 1000.0)
[run 742/994] poly_d2_o6 point_216 real_tanh_autodiff weights=(10.0, 0.1, 1000.0)
[run 743/994] poly_d2_o6 point_217 war weights=(10.0, 1.0, 0.001)
[run 744/994] poly_d2_o6 point_217 real_tanh_autodiff weights=(10.0, 1.0, 0.001)
[run 745/994] poly_d2_o6 point_218 war weights=(10.0, 1.0, 0.01)
[run 746/994] poly_d2_o6 point_218 real_tanh_autodiff weights=(10.0, 1.0, 0.01)
[run 747/994] poly_d2_o6 point_219 war weights=(10.0, 1.0, 0.1)
[run 748/994] poly_d2_o6 point_219 real_tanh_autodiff weights=(10.0, 1.0, 0.1)
[run 749/994] poly_d2_o6 point_220 war weights=(10.0, 1.0, 1.0)
[run 750/994] poly_d2_o6 point_220 real_tanh_autodiff weights=(10.0, 1.0, 1.0)
[run 751/994] poly_d2_o6 point_221 war weights=(10.0, 1.0, 10.0)
[run 752/994] poly_d2_o6 point_221 real_tanh_autodiff weights=(10.0, 1.0, 10.0)
[run 753/994] poly_d2_o6 point_222 war weights=(10.0, 1.0, 100.0)
[run 754/994] poly_d2_o6 point_222 real_tanh_autodiff weights=(10.0, 1.0, 100.0)
[run 755/994] poly_d2_o6 point_223 war weights=(10.0, 1.0, 1000.0)
[run 756/994] poly_d2_o6 point_223 real_tanh_autodiff weights=(10.0, 1.0, 1000.0)
[run 757/994] poly_d2_o6 point_224 war weights=(10.0, 10.0, 0.001)
[run 758/994] poly_d2_o6 point_224 real_tanh_autodiff weights=(10.0, 10.0, 0.001)
[run 759/994] poly_d2_o6 point_225 war weights=(10.0, 10.0, 0.01)
[run 760/994] poly_d2_o6 point_225 real_tanh_autodiff weights=(10.0, 10.0, 0.01)
[run 761/994] poly_d2_o6 point_226 war weights=(10.0, 10.0, 0.1)
[run 762/994] poly_d2_o6 point_226 real_tanh_autodiff weights=(10.0, 10.0, 0.1)
[run 763/994] poly_d2_o6 point_227 war weights=(10.0, 10.0, 1.0)
[run 764/994] poly_d2_o6 point_227 real_tanh_autodiff weights=(10.0, 10.0, 1.0)
[run 765/994] poly_d2_o6 point_228 war weights=(10.0, 10.0, 10.0)
[run 766/994] poly_d2_o6 point_228 real_tanh_autodiff weights=(10.0, 10.0, 10.0)
[run 767/994] poly_d2_o6 point_229 war weights=(10.0, 10.0, 100.0)
[run 768/994] poly_d2_o6 point_229 real_tanh_autodiff weights=(10.0, 10.0, 100.0)
[run 769/994] poly_d2_o6 point_230 war weights=(10.0, 10.0, 1000.0)
[run 770/994] poly_d2_o6 point_230 real_tanh_autodiff weights=(10.0, 10.0, 1000.0)
[run 771/994] poly_d2_o6 point_231 war weights=(10.0, 100.0, 0.001)
[run 772/994] poly_d2_o6 point_231 real_tanh_autodiff weights=(10.0, 100.0, 0.001)
[run 773/994] poly_d2_o6 point_232 war weights=(10.0, 100.0, 0.01)
[run 774/994] poly_d2_o6 point_232 real_tanh_autodiff weights=(10.0, 100.0, 0.01)
[run 775/994] poly_d2_o6 point_233 war weights=(10.0, 100.0, 0.1)
[run 776/994] poly_d2_o6 point_233 real_tanh_autodiff weights=(10.0, 100.0, 0.1)
[run 777/994] poly_d2_o6 point_234 war weights=(10.0, 100.0, 1.0)
[run 778/994] poly_d2_o6 point_234 real_tanh_autodiff weights=(10.0, 100.0, 1.0)
[run 779/994] poly_d2_o6 point_235 war weights=(10.0, 100.0, 10.0)
[run 780/994] poly_d2_o6 point_235 real_tanh_autodiff weights=(10.0, 100.0, 10.0)
[run 781/994] poly_d2_o6 point_236 war weights=(10.0, 100.0, 100.0)
[run 782/994] poly_d2_o6 point_236 real_tanh_autodiff weights=(10.0, 100.0, 100.0)
[run 783/994] poly_d2_o6 point_237 war weights=(10.0, 100.0, 1000.0)
[run 784/994] poly_d2_o6 point_237 real_tanh_autodiff weights=(10.0, 100.0, 1000.0)
[run 785/994] poly_d2_o6 point_238 war weights=(10.0, 1000.0, 0.001)
[run 786/994] poly_d2_o6 point_238 real_tanh_autodiff weights=(10.0, 1000.0, 0.001)
[run 787/994] poly_d2_o6 point_239 war weights=(10.0, 1000.0, 0.01)
[run 788/994] poly_d2_o6 point_239 real_tanh_autodiff weights=(10.0, 1000.0, 0.01)
[run 789/994] poly_d2_o6 point_240 war weights=(10.0, 1000.0, 0.1)
[run 790/994] poly_d2_o6 point_240 real_tanh_autodiff weights=(10.0, 1000.0, 0.1)
[run 791/994] poly_d2_o6 point_241 war weights=(10.0, 1000.0, 1.0)
[run 792/994] poly_d2_o6 point_241 real_tanh_autodiff weights=(10.0, 1000.0, 1.0)
[run 793/994] poly_d2_o6 point_242 war weights=(10.0, 1000.0, 10.0)
[run 794/994] poly_d2_o6 point_242 real_tanh_autodiff weights=(10.0, 1000.0, 10.0)
[run 795/994] poly_d2_o6 point_243 war weights=(10.0, 1000.0, 100.0)
[run 796/994] poly_d2_o6 point_243 real_tanh_autodiff weights=(10.0, 1000.0, 100.0)
[run 797/994] poly_d2_o6 point_244 war weights=(10.0, 1000.0, 1000.0)
[run 798/994] poly_d2_o6 point_244 real_tanh_autodiff weights=(10.0, 1000.0, 1000.0)
[run 799/994] poly_d2_o6 point_245 war weights=(100.0, 0.001, 0.001)
[run 800/994] poly_d2_o6 point_245 real_tanh_autodiff weights=(100.0, 0.001, 0.001)
[run 801/994] poly_d2_o6 point_246 war weights=(100.0, 0.001, 0.01)
[run 802/994] poly_d2_o6 point_246 real_tanh_autodiff weights=(100.0, 0.001, 0.01)
[run 803/994] poly_d2_o6 point_247 war weights=(100.0, 0.001, 0.1)
[run 804/994] poly_d2_o6 point_247 real_tanh_autodiff weights=(100.0, 0.001, 0.1)
[run 805/994] poly_d2_o6 point_248 war weights=(100.0, 0.001, 1.0)
[run 806/994] poly_d2_o6 point_248 real_tanh_autodiff weights=(100.0, 0.001, 1.0)
[run 807/994] poly_d2_o6 point_249 war weights=(100.0, 0.001, 10.0)
[run 808/994] poly_d2_o6 point_249 real_tanh_autodiff weights=(100.0, 0.001, 10.0)
[run 809/994] poly_d2_o6 point_250 war weights=(100.0, 0.001, 100.0)
[run 810/994] poly_d2_o6 point_250 real_tanh_autodiff weights=(100.0, 0.001, 100.0)
[run 811/994] poly_d2_o6 point_251 war weights=(100.0, 0.001, 1000.0)
[run 812/994] poly_d2_o6 point_251 real_tanh_autodiff weights=(100.0, 0.001, 1000.0)
[run 813/994] poly_d2_o6 point_252 war weights=(100.0, 0.01, 0.001)
[run 814/994] poly_d2_o6 point_252 real_tanh_autodiff weights=(100.0, 0.01, 0.001)
[run 815/994] poly_d2_o6 point_253 war weights=(100.0, 0.01, 0.01)
[run 816/994] poly_d2_o6 point_253 real_tanh_autodiff weights=(100.0, 0.01, 0.01)
[run 817/994] poly_d2_o6 point_254 war weights=(100.0, 0.01, 0.1)
[run 818/994] poly_d2_o6 point_254 real_tanh_autodiff weights=(100.0, 0.01, 0.1)
[run 819/994] poly_d2_o6 point_255 war weights=(100.0, 0.01, 1.0)
[run 820/994] poly_d2_o6 point_255 real_tanh_autodiff weights=(100.0, 0.01, 1.0)
[run 821/994] poly_d2_o6 point_256 war weights=(100.0, 0.01, 10.0)
[run 822/994] poly_d2_o6 point_256 real_tanh_autodiff weights=(100.0, 0.01, 10.0)
[run 823/994] poly_d2_o6 point_257 war weights=(100.0, 0.01, 100.0)
[run 824/994] poly_d2_o6 point_257 real_tanh_autodiff weights=(100.0, 0.01, 100.0)
[run 825/994] poly_d2_o6 point_258 war weights=(100.0, 0.01, 1000.0)
[run 826/994] poly_d2_o6 point_258 real_tanh_autodiff weights=(100.0, 0.01, 1000.0)
[run 827/994] poly_d2_o6 point_259 war weights=(100.0, 0.1, 0.001)
[run 828/994] poly_d2_o6 point_259 real_tanh_autodiff weights=(100.0, 0.1, 0.001)
[run 829/994] poly_d2_o6 point_260 war weights=(100.0, 0.1, 0.01)
[run 830/994] poly_d2_o6 point_260 real_tanh_autodiff weights=(100.0, 0.1, 0.01)
[run 831/994] poly_d2_o6 point_261 war weights=(100.0, 0.1, 0.1)
[run 832/994] poly_d2_o6 point_261 real_tanh_autodiff weights=(100.0, 0.1, 0.1)
[run 833/994] poly_d2_o6 point_262 war weights=(100.0, 0.1, 1.0)
[run 834/994] poly_d2_o6 point_262 real_tanh_autodiff weights=(100.0, 0.1, 1.0)
[run 835/994] poly_d2_o6 point_263 war weights=(100.0, 0.1, 10.0)
[run 836/994] poly_d2_o6 point_263 real_tanh_autodiff weights=(100.0, 0.1, 10.0)
[run 837/994] poly_d2_o6 point_264 war weights=(100.0, 0.1, 100.0)
[run 838/994] poly_d2_o6 point_264 real_tanh_autodiff weights=(100.0, 0.1, 100.0)
[run 839/994] poly_d2_o6 point_265 war weights=(100.0, 0.1, 1000.0)
[run 840/994] poly_d2_o6 point_265 real_tanh_autodiff weights=(100.0, 0.1, 1000.0)
[run 841/994] poly_d2_o6 point_266 war weights=(100.0, 1.0, 0.001)
[run 842/994] poly_d2_o6 point_266 real_tanh_autodiff weights=(100.0, 1.0, 0.001)
[run 843/994] poly_d2_o6 point_267 war weights=(100.0, 1.0, 0.01)
[run 844/994] poly_d2_o6 point_267 real_tanh_autodiff weights=(100.0, 1.0, 0.01)
[run 845/994] poly_d2_o6 point_268 war weights=(100.0, 1.0, 0.1)
[run 846/994] poly_d2_o6 point_268 real_tanh_autodiff weights=(100.0, 1.0, 0.1)
[run 847/994] poly_d2_o6 point_269 war weights=(100.0, 1.0, 1.0)
[run 848/994] poly_d2_o6 point_269 real_tanh_autodiff weights=(100.0, 1.0, 1.0)
[run 849/994] poly_d2_o6 point_270 war weights=(100.0, 1.0, 10.0)
[run 850/994] poly_d2_o6 point_270 real_tanh_autodiff weights=(100.0, 1.0, 10.0)
[run 851/994] poly_d2_o6 point_271 war weights=(100.0, 1.0, 100.0)
[run 852/994] poly_d2_o6 point_271 real_tanh_autodiff weights=(100.0, 1.0, 100.0)
[run 853/994] poly_d2_o6 point_272 war weights=(100.0, 1.0, 1000.0)
[run 854/994] poly_d2_o6 point_272 real_tanh_autodiff weights=(100.0, 1.0, 1000.0)
[run 855/994] poly_d2_o6 point_273 war weights=(100.0, 10.0, 0.001)
[run 856/994] poly_d2_o6 point_273 real_tanh_autodiff weights=(100.0, 10.0, 0.001)
[run 857/994] poly_d2_o6 point_274 war weights=(100.0, 10.0, 0.01)
[run 858/994] poly_d2_o6 point_274 real_tanh_autodiff weights=(100.0, 10.0, 0.01)
[run 859/994] poly_d2_o6 point_275 war weights=(100.0, 10.0, 0.1)
[run 860/994] poly_d2_o6 point_275 real_tanh_autodiff weights=(100.0, 10.0, 0.1)
[run 861/994] poly_d2_o6 point_276 war weights=(100.0, 10.0, 1.0)
[run 862/994] poly_d2_o6 point_276 real_tanh_autodiff weights=(100.0, 10.0, 1.0)
[run 863/994] poly_d2_o6 point_277 war weights=(100.0, 10.0, 10.0)
[run 864/994] poly_d2_o6 point_277 real_tanh_autodiff weights=(100.0, 10.0, 10.0)
[run 865/994] poly_d2_o6 point_278 war weights=(100.0, 10.0, 100.0)
[run 866/994] poly_d2_o6 point_278 real_tanh_autodiff weights=(100.0, 10.0, 100.0)
[run 867/994] poly_d2_o6 point_279 war weights=(100.0, 10.0, 1000.0)
[run 868/994] poly_d2_o6 point_279 real_tanh_autodiff weights=(100.0, 10.0, 1000.0)
[run 869/994] poly_d2_o6 point_280 war weights=(100.0, 100.0, 0.001)
[run 870/994] poly_d2_o6 point_280 real_tanh_autodiff weights=(100.0, 100.0, 0.001)
[run 871/994] poly_d2_o6 point_281 war weights=(100.0, 100.0, 0.01)
[run 872/994] poly_d2_o6 point_281 real_tanh_autodiff weights=(100.0, 100.0, 0.01)
[run 873/994] poly_d2_o6 point_282 war weights=(100.0, 100.0, 0.1)
[run 874/994] poly_d2_o6 point_282 real_tanh_autodiff weights=(100.0, 100.0, 0.1)
[run 875/994] poly_d2_o6 point_283 war weights=(100.0, 100.0, 1.0)
[run 876/994] poly_d2_o6 point_283 real_tanh_autodiff weights=(100.0, 100.0, 1.0)
[run 877/994] poly_d2_o6 point_284 war weights=(100.0, 100.0, 10.0)
[run 878/994] poly_d2_o6 point_284 real_tanh_autodiff weights=(100.0, 100.0, 10.0)
[run 879/994] poly_d2_o6 point_285 war weights=(100.0, 100.0, 100.0)
[run 880/994] poly_d2_o6 point_285 real_tanh_autodiff weights=(100.0, 100.0, 100.0)
[run 881/994] poly_d2_o6 point_286 war weights=(100.0, 100.0, 1000.0)
[run 882/994] poly_d2_o6 point_286 real_tanh_autodiff weights=(100.0, 100.0, 1000.0)
[run 883/994] poly_d2_o6 point_287 war weights=(100.0, 1000.0, 0.001)
[run 884/994] poly_d2_o6 point_287 real_tanh_autodiff weights=(100.0, 1000.0, 0.001)
[run 885/994] poly_d2_o6 point_288 war weights=(100.0, 1000.0, 0.01)
[run 886/994] poly_d2_o6 point_288 real_tanh_autodiff weights=(100.0, 1000.0, 0.01)
[run 887/994] poly_d2_o6 point_289 war weights=(100.0, 1000.0, 0.1)
[run 888/994] poly_d2_o6 point_289 real_tanh_autodiff weights=(100.0, 1000.0, 0.1)
[run 889/994] poly_d2_o6 point_290 war weights=(100.0, 1000.0, 1.0)
[run 890/994] poly_d2_o6 point_290 real_tanh_autodiff weights=(100.0, 1000.0, 1.0)
[run 891/994] poly_d2_o6 point_291 war weights=(100.0, 1000.0, 10.0)
[run 892/994] poly_d2_o6 point_291 real_tanh_autodiff weights=(100.0, 1000.0, 10.0)
[run 893/994] poly_d2_o6 point_292 war weights=(100.0, 1000.0, 100.0)
[run 894/994] poly_d2_o6 point_292 real_tanh_autodiff weights=(100.0, 1000.0, 100.0)
[run 895/994] poly_d2_o6 point_293 war weights=(100.0, 1000.0, 1000.0)
[run 896/994] poly_d2_o6 point_293 real_tanh_autodiff weights=(100.0, 1000.0, 1000.0)
[run 897/994] poly_d2_o6 point_294 war weights=(1000.0, 0.001, 0.001)
[run 898/994] poly_d2_o6 point_294 real_tanh_autodiff weights=(1000.0, 0.001, 0.001)
[run 899/994] poly_d2_o6 point_295 war weights=(1000.0, 0.001, 0.01)
[run 900/994] poly_d2_o6 point_295 real_tanh_autodiff weights=(1000.0, 0.001, 0.01)
[run 901/994] poly_d2_o6 point_296 war weights=(1000.0, 0.001, 0.1)
[run 902/994] poly_d2_o6 point_296 real_tanh_autodiff weights=(1000.0, 0.001, 0.1)
[run 903/994] poly_d2_o6 point_297 war weights=(1000.0, 0.001, 1.0)
[run 904/994] poly_d2_o6 point_297 real_tanh_autodiff weights=(1000.0, 0.001, 1.0)
[run 905/994] poly_d2_o6 point_298 war weights=(1000.0, 0.001, 10.0)
[run 906/994] poly_d2_o6 point_298 real_tanh_autodiff weights=(1000.0, 0.001, 10.0)
[run 907/994] poly_d2_o6 point_299 war weights=(1000.0, 0.001, 100.0)
[run 908/994] poly_d2_o6 point_299 real_tanh_autodiff weights=(1000.0, 0.001, 100.0)
[run 909/994] poly_d2_o6 point_300 war weights=(1000.0, 0.001, 1000.0)
[run 910/994] poly_d2_o6 point_300 real_tanh_autodiff weights=(1000.0, 0.001, 1000.0)
[run 911/994] poly_d2_o6 point_301 war weights=(1000.0, 0.01, 0.001)
[run 912/994] poly_d2_o6 point_301 real_tanh_autodiff weights=(1000.0, 0.01, 0.001)
[run 913/994] poly_d2_o6 point_302 war weights=(1000.0, 0.01, 0.01)
[run 914/994] poly_d2_o6 point_302 real_tanh_autodiff weights=(1000.0, 0.01, 0.01)
[run 915/994] poly_d2_o6 point_303 war weights=(1000.0, 0.01, 0.1)
[run 916/994] poly_d2_o6 point_303 real_tanh_autodiff weights=(1000.0, 0.01, 0.1)
[run 917/994] poly_d2_o6 point_304 war weights=(1000.0, 0.01, 1.0)
[run 918/994] poly_d2_o6 point_304 real_tanh_autodiff weights=(1000.0, 0.01, 1.0)
[run 919/994] poly_d2_o6 point_305 war weights=(1000.0, 0.01, 10.0)
[run 920/994] poly_d2_o6 point_305 real_tanh_autodiff weights=(1000.0, 0.01, 10.0)
[run 921/994] poly_d2_o6 point_306 war weights=(1000.0, 0.01, 100.0)
[run 922/994] poly_d2_o6 point_306 real_tanh_autodiff weights=(1000.0, 0.01, 100.0)
[run 923/994] poly_d2_o6 point_307 war weights=(1000.0, 0.01, 1000.0)
[run 924/994] poly_d2_o6 point_307 real_tanh_autodiff weights=(1000.0, 0.01, 1000.0)
[run 925/994] poly_d2_o6 point_308 war weights=(1000.0, 0.1, 0.001)
[run 926/994] poly_d2_o6 point_308 real_tanh_autodiff weights=(1000.0, 0.1, 0.001)
[run 927/994] poly_d2_o6 point_309 war weights=(1000.0, 0.1, 0.01)
[run 928/994] poly_d2_o6 point_309 real_tanh_autodiff weights=(1000.0, 0.1, 0.01)
[run 929/994] poly_d2_o6 point_310 war weights=(1000.0, 0.1, 0.1)
[run 930/994] poly_d2_o6 point_310 real_tanh_autodiff weights=(1000.0, 0.1, 0.1)
[run 931/994] poly_d2_o6 point_311 war weights=(1000.0, 0.1, 1.0)
[run 932/994] poly_d2_o6 point_311 real_tanh_autodiff weights=(1000.0, 0.1, 1.0)
[run 933/994] poly_d2_o6 point_312 war weights=(1000.0, 0.1, 10.0)
[run 934/994] poly_d2_o6 point_312 real_tanh_autodiff weights=(1000.0, 0.1, 10.0)
[run 935/994] poly_d2_o6 point_313 war weights=(1000.0, 0.1, 100.0)
[run 936/994] poly_d2_o6 point_313 real_tanh_autodiff weights=(1000.0, 0.1, 100.0)
[run 937/994] poly_d2_o6 point_314 war weights=(1000.0, 0.1, 1000.0)
[run 938/994] poly_d2_o6 point_314 real_tanh_autodiff weights=(1000.0, 0.1, 1000.0)
[run 939/994] poly_d2_o6 point_315 war weights=(1000.0, 1.0, 0.001)
[run 940/994] poly_d2_o6 point_315 real_tanh_autodiff weights=(1000.0, 1.0, 0.001)
[run 941/994] poly_d2_o6 point_316 war weights=(1000.0, 1.0, 0.01)
[run 942/994] poly_d2_o6 point_316 real_tanh_autodiff weights=(1000.0, 1.0, 0.01)
[run 943/994] poly_d2_o6 point_317 war weights=(1000.0, 1.0, 0.1)
[run 944/994] poly_d2_o6 point_317 real_tanh_autodiff weights=(1000.0, 1.0, 0.1)
[run 945/994] poly_d2_o6 point_318 war weights=(1000.0, 1.0, 1.0)
[run 946/994] poly_d2_o6 point_318 real_tanh_autodiff weights=(1000.0, 1.0, 1.0)
[run 947/994] poly_d2_o6 point_319 war weights=(1000.0, 1.0, 10.0)
[run 948/994] poly_d2_o6 point_319 real_tanh_autodiff weights=(1000.0, 1.0, 10.0)
[run 949/994] poly_d2_o6 point_320 war weights=(1000.0, 1.0, 100.0)
[run 950/994] poly_d2_o6 point_320 real_tanh_autodiff weights=(1000.0, 1.0, 100.0)
[run 951/994] poly_d2_o6 point_321 war weights=(1000.0, 1.0, 1000.0)
[run 952/994] poly_d2_o6 point_321 real_tanh_autodiff weights=(1000.0, 1.0, 1000.0)
[run 953/994] poly_d2_o6 point_322 war weights=(1000.0, 10.0, 0.001)
[run 954/994] poly_d2_o6 point_322 real_tanh_autodiff weights=(1000.0, 10.0, 0.001)
[run 955/994] poly_d2_o6 point_323 war weights=(1000.0, 10.0, 0.01)
[run 956/994] poly_d2_o6 point_323 real_tanh_autodiff weights=(1000.0, 10.0, 0.01)
[run 957/994] poly_d2_o6 point_324 war weights=(1000.0, 10.0, 0.1)
[run 958/994] poly_d2_o6 point_324 real_tanh_autodiff weights=(1000.0, 10.0, 0.1)
[run 959/994] poly_d2_o6 point_325 war weights=(1000.0, 10.0, 1.0)
[run 960/994] poly_d2_o6 point_325 real_tanh_autodiff weights=(1000.0, 10.0, 1.0)
[run 961/994] poly_d2_o6 point_326 war weights=(1000.0, 10.0, 10.0)
[run 962/994] poly_d2_o6 point_326 real_tanh_autodiff weights=(1000.0, 10.0, 10.0)
[run 963/994] poly_d2_o6 point_327 war weights=(1000.0, 10.0, 100.0)
[run 964/994] poly_d2_o6 point_327 real_tanh_autodiff weights=(1000.0, 10.0, 100.0)
[run 965/994] poly_d2_o6 point_328 war weights=(1000.0, 10.0, 1000.0)
[run 966/994] poly_d2_o6 point_328 real_tanh_autodiff weights=(1000.0, 10.0, 1000.0)
[run 967/994] poly_d2_o6 point_329 war weights=(1000.0, 100.0, 0.001)
[run 968/994] poly_d2_o6 point_329 real_tanh_autodiff weights=(1000.0, 100.0, 0.001)
[run 969/994] poly_d2_o6 point_330 war weights=(1000.0, 100.0, 0.01)
[run 970/994] poly_d2_o6 point_330 real_tanh_autodiff weights=(1000.0, 100.0, 0.01)
[run 971/994] poly_d2_o6 point_331 war weights=(1000.0, 100.0, 0.1)
[run 972/994] poly_d2_o6 point_331 real_tanh_autodiff weights=(1000.0, 100.0, 0.1)
[run 973/994] poly_d2_o6 point_332 war weights=(1000.0, 100.0, 1.0)
[run 974/994] poly_d2_o6 point_332 real_tanh_autodiff weights=(1000.0, 100.0, 1.0)
[run 975/994] poly_d2_o6 point_333 war weights=(1000.0, 100.0, 10.0)
[run 976/994] poly_d2_o6 point_333 real_tanh_autodiff weights=(1000.0, 100.0, 10.0)
[run 977/994] poly_d2_o6 point_334 war weights=(1000.0, 100.0, 100.0)
[run 978/994] poly_d2_o6 point_334 real_tanh_autodiff weights=(1000.0, 100.0, 100.0)
[run 979/994] poly_d2_o6 point_335 war weights=(1000.0, 100.0, 1000.0)
[run 980/994] poly_d2_o6 point_335 real_tanh_autodiff weights=(1000.0, 100.0, 1000.0)
[run 981/994] poly_d2_o6 point_336 war weights=(1000.0, 1000.0, 0.001)
[run 982/994] poly_d2_o6 point_336 real_tanh_autodiff weights=(1000.0, 1000.0, 0.001)
[run 983/994] poly_d2_o6 point_337 war weights=(1000.0, 1000.0, 0.01)
[run 984/994] poly_d2_o6 point_337 real_tanh_autodiff weights=(1000.0, 1000.0, 0.01)
[run 985/994] poly_d2_o6 point_338 war weights=(1000.0, 1000.0, 0.1)
[run 986/994] poly_d2_o6 point_338 real_tanh_autodiff weights=(1000.0, 1000.0, 0.1)
[run 987/994] poly_d2_o6 point_339 war weights=(1000.0, 1000.0, 1.0)
[run 988/994] poly_d2_o6 point_339 real_tanh_autodiff weights=(1000.0, 1000.0, 1.0)
[run 989/994] poly_d2_o6 point_340 war weights=(1000.0, 1000.0, 10.0)
[run 990/994] poly_d2_o6 point_340 real_tanh_autodiff weights=(1000.0, 1000.0, 10.0)
[run 991/994] poly_d2_o6 point_341 war weights=(1000.0, 1000.0, 100.0)
[run 992/994] poly_d2_o6 point_341 real_tanh_autodiff weights=(1000.0, 1000.0, 100.0)
[run 993/994] poly_d2_o6 point_342 war weights=(1000.0, 1000.0, 1000.0)
[run 994/994] poly_d2_o6 point_342 real_tanh_autodiff weights=(1000.0, 1000.0, 1000.0)
