[begin] maxwell_a4 2026-08-06T16:43:19+08:00
/opt/apolarity-v3-venv/lib64/python3.12/site-packages/torch/nn/modules/module.py:1310: UserWarning: Complex modules are a new feature under active development whose design may change, and some modules might not work as expected when using complex tensors as parameters or buffers. Please file an issue at https://github.com/pytorch/pytorch/issues/new?template=bug-report.yml if a complex module does not work as expected.
  warnings.warn(
[run] /opt/apolarity-v3-venv/bin/python /root/apolarity/experiments/maxwell/exp_maxwell.py --sweeps 4 --bc-weight 0.1 --variants complex_sinh --hidden 128 --depth 4 --seconds 1000.0 --seeds 3 --seed-start 0 --n-int 4096 --n-bc 512 --lr 0.001 --lr-schedule cosine --lr-final 0.0001 --history --history-every-steps 20 --history-eval-n 4096 --out /root/apolarity/experiments/results/jsc_v3/maxwell_a4/complex_sinh_part.csv
device=cuda hidden=128 depth=4 budget=1000.0s seeds=[0, 1, 2] lr_schedule=cosine

=== maxwell_a4 (a=4, |kappa^2|=161.0) ===
variant                     rep  params  steps  ms/step       loss      L_int   rel_error
/opt/apolarity-v3-venv/lib64/python3.12/site-packages/torch/nn/modules/module.py:1310: UserWarning: Complex modules are a new feature under active development whose design may change, and some modules might not work as expected when using complex tensors as parameters or buffers. Please file an issue at https://github.com/pytorch/pytorch/issues/new?template=bug-report.yml if a complex module does not work as expected.
  warnings.warn(
complex_sinh            complex  100098  13652    73.25  5.520e-05  3.228e-07   1.239e-03  (seed 0)
/opt/apolarity-v3-venv/lib64/python3.12/site-packages/torch/nn/modules/module.py:1310: UserWarning: Complex modules are a new feature under active development whose design may change, and some modules might not work as expected when using complex tensors as parameters or buffers. Please file an issue at https://github.com/pytorch/pytorch/issues/new?template=bug-report.yml if a complex module does not work as expected.
  warnings.warn(
complex_sinh            complex  100098  13687    73.06  5.922e-05  1.994e-07   8.405e-04  (seed 1)
complex_sinh            complex  100098  13657    73.23  5.118e-05  3.271e-07   1.633e-03  (seed 2)
[ok] wrote /root/apolarity/experiments/results/jsc_v3/maxwell_a4/complex_sinh_part_history.json  (3 traces)

[ok] wrote /root/apolarity/experiments/results/jsc_v3/maxwell_a4/complex_sinh_part.csv
[run] /opt/apolarity-v3-venv/bin/python /root/apolarity/experiments/maxwell/exp_maxwell.py --sweeps 4 --bc-weight 0.1 --variants complex_sinh_autodiff --hidden 128 --depth 4 --seconds 1000.0 --seeds 3 --seed-start 0 --n-int 4096 --n-bc 512 --lr 0.001 --lr-schedule cosine --lr-final 0.0001 --history --history-every-steps 20 --history-eval-n 4096 --out /root/apolarity/experiments/results/jsc_v3/maxwell_a4/complex_sinh_autodiff_part.csv
device=cuda hidden=128 depth=4 budget=1000.0s seeds=[0, 1, 2] lr_schedule=cosine

=== maxwell_a4 (a=4, |kappa^2|=161.0) ===
variant                     rep  params  steps  ms/step       loss      L_int   rel_error
/opt/apolarity-v3-venv/lib64/python3.12/site-packages/torch/nn/modules/module.py:1310: UserWarning: Complex modules are a new feature under active development whose design may change, and some modules might not work as expected when using complex tensors as parameters or buffers. Please file an issue at https://github.com/pytorch/pytorch/issues/new?template=bug-report.yml if a complex module does not work as expected.
  warnings.warn(
complex_sinh_autodiff   complex  100098   9802   102.02  5.551e-05  5.238e-07   1.330e-03  (seed 0)
/opt/apolarity-v3-venv/lib64/python3.12/site-packages/torch/nn/modules/module.py:1310: UserWarning: Complex modules are a new feature under active development whose design may change, and some modules might not work as expected when using complex tensors as parameters or buffers. Please file an issue at https://github.com/pytorch/pytorch/issues/new?template=bug-report.yml if a complex module does not work as expected.
  warnings.warn(
complex_sinh_autodiff   complex  100098   9828   101.75  5.960e-05  3.009e-07   8.885e-04  (seed 1)
complex_sinh_autodiff   complex  100098   9811   101.94  5.241e-05  5.835e-07   2.214e-03  (seed 2)
[ok] wrote /root/apolarity/experiments/results/jsc_v3/maxwell_a4/complex_sinh_autodiff_part_history.json  (3 traces)

[ok] wrote /root/apolarity/experiments/results/jsc_v3/maxwell_a4/complex_sinh_autodiff_part.csv
[complete] validated canonical bundle: /root/apolarity/experiments/results/jsc_v3/maxwell_a4/maxwell_a4
[end] maxwell_a4 2026-08-06T18:23:43+08:00
