device=cuda hidden=128 depth=4 budget=600.0s/run seeds=2 lr_schedule=cosine

=== kdv_k2  (d=2, order=3, sweep=2.0, terms=2) ===
variant                params       be   steps  ms/step  peakMB      L_int      L2_err
/root/miniconda3/envs/emlnn/lib/python3.11/site-packages/torch/nn/modules/module.py:1310: UserWarning: Complex modules are a new feature under active development whose design may change, and some modules might not work as expected when using complex tensors as parameters or buffers. Please file an issue at https://github.com/pytorch/pytorch/issues/new?template=bug-report.yml if a complex module does not work as expected.
  warnings.warn(
complex_sinh           100098      jet    9449    63.51     525   2.13e-05   2.231e-01  (seed 0)
fourier                 66049      jet    8980    66.82     524   1.81e-05   1.392e-01  (seed 0)
siren                   50049      jet    9781    61.35     525   1.21e-05   3.558e-01  (seed 0)
mscale                 150147      jet    3301   181.80    1300   1.11e-02   7.522e-01  (seed 0)
/root/miniconda3/envs/emlnn/lib/python3.11/site-packages/torch/nn/modules/module.py:1310: UserWarning: Complex modules are a new feature under active development whose design may change, and some modules might not work as expected when using complex tensors as parameters or buffers. Please file an issue at https://github.com/pytorch/pytorch/issues/new?template=bug-report.yml if a complex module does not work as expected.
  warnings.warn(
complex_sinh           100098      jet    9492    63.22     525   3.65e-05   2.365e-01  (seed 1)
fourier                 66049      jet    8992    66.73     524   1.27e-05   1.732e-01  (seed 1)
siren                   50049      jet    9778    61.37     525   1.04e-05   2.081e-01  (seed 1)
mscale                 150147      jet    3300   181.86    1300   9.60e-03   6.292e-01  (seed 1)

=== kdv_k3  (d=2, order=3, sweep=3.0, terms=2) ===
variant                params       be   steps  ms/step  peakMB      L_int      L2_err
complex_sinh           100098      jet    9493    63.21     525   3.06e-05   2.231e-01  (seed 0)
fourier                 66049      jet    8993    66.72     524   5.83e-05   2.554e-01  (seed 0)
siren                   50049      jet    9773    61.40     525   2.08e-05   3.069e-01  (seed 0)
mscale                 150147      jet    3303   181.74    1300   1.18e-01   2.251e+00  (seed 0)
complex_sinh           100098      jet    9484    63.27     525   9.58e-05   4.575e-01  (seed 1)
fourier                 66049      jet    8976    66.85     524   4.77e-05   2.677e-01  (seed 1)
siren                   50049      jet    9770    61.42     525   2.00e-05   3.606e-01  (seed 1)
mscale                 150147      jet    3298   181.98    1300   7.96e-02   1.622e+00  (seed 1)

=== kdv_k4  (d=2, order=3, sweep=4.0, terms=2) ===
variant                params       be   steps  ms/step  peakMB      L_int      L2_err
complex_sinh           100098      jet    9489    63.24     525   5.61e-05   3.413e-01  (seed 0)
fourier                 66049      jet    8989    66.75     524   5.00e-05   4.010e-01  (seed 0)
siren                   50049      jet    9770    61.42     525   2.08e-05   3.785e-01  (seed 0)
mscale                 150147      jet    3297   182.02    1300   1.95e-01   1.438e+00  (seed 0)
complex_sinh           100098      jet    9467    63.39     525   1.31e-04   3.078e-01  (seed 1)
fourier                 66049      jet    8983    66.80     524   2.97e-05   6.940e-01  (seed 1)
siren                   50049      jet    9752    61.53     525   2.34e-05   3.357e-01  (seed 1)
mscale                 150147      jet    3298   181.99    1300   2.52e-01   1.440e+00  (seed 1)

=== kdv_k5  (d=2, order=3, sweep=5.0, terms=2) ===
variant                params       be   steps  ms/step  peakMB      L_int      L2_err
complex_sinh           100098      jet    9480    63.30     525   9.53e-05   3.835e-01  (seed 0)
fourier                 66049      jet    8975    66.86     524   2.58e-05   5.689e-01  (seed 0)
siren                   50049      jet    9757    61.50     525   1.01e-05   5.644e-01  (seed 0)
mscale                 150147      jet    3298   181.97    1300   2.55e-01   3.795e+00  (seed 0)
complex_sinh           100098      jet    9466    63.39     525   1.94e-04   5.217e-01  (seed 1)
fourier                 66049      jet    8978    66.84     524   9.86e-06   8.590e-01  (seed 1)
siren                   50049      jet    9761    61.48     525   9.01e-06   5.367e-01  (seed 1)
mscale                 150147      jet    3296   182.08    1300   2.41e-01   1.484e+00  (seed 1)

=== kdv_k6  (d=2, order=3, sweep=6.0, terms=2) ===
variant                params       be   steps  ms/step  peakMB      L_int      L2_err
complex_sinh           100098      jet    9458    63.44     525   1.31e-04   3.311e-01  (seed 0)
fourier                 66049      jet    8961    66.96     524   1.11e-05   7.615e-01  (seed 0)
siren                   50049      jet    9727    61.69     525   3.03e-06   7.511e-01  (seed 0)
mscale                 150147      jet    3295   182.14    1300   3.03e-01   2.786e+00  (seed 0)
complex_sinh           100098      jet    9439    63.58     525   2.86e-04   8.163e-01  (seed 1)
fourier                 66049      jet    8985    66.79     524   3.35e-06   9.564e-01  (seed 1)
siren                   50049      jet    9764    61.46     525   3.39e-06   8.333e-01  (seed 1)
mscale                 150147      jet    3297   182.04    1300   2.77e-01   2.425e+00  (seed 1)
[ok] wrote results/width/kdv_h128_history.json  (40 traces)

[ok] wrote results/width/kdv_h128.csv
