device=cuda hidden=128 depth=4 budget=600.0s seeds=2 lr_schedule=cosine

=== ch4_a2 (order=4, a=2) ===
variant           params  steps  ms/step      L_int      L2_err
/root/miniconda3/envs/emlnn/lib/python3.11/site-packages/torch/nn/modules/module.py:1310: UserWarning: Complex modules are a new feature under active development whose design may change, and some modules might not work as expected when using complex tensors as parameters or buffers. Please file an issue at https://github.com/pytorch/pytorch/issues/new?template=bug-report.yml if a complex module does not work as expected.
  warnings.warn(
complex_sinh      100098   4361   137.63   1.19e-04   3.634e-01  (seed 0)
fourier            66049   4292   139.82   2.08e-04   2.261e-01  (seed 0)
siren              50049   4674   128.41   1.42e-04   4.020e-01  (seed 0)
mscale            150147   1579   380.28   3.99e-02   1.361e+00  (seed 0)
/root/miniconda3/envs/emlnn/lib/python3.11/site-packages/torch/nn/modules/module.py:1310: UserWarning: Complex modules are a new feature under active development whose design may change, and some modules might not work as expected when using complex tensors as parameters or buffers. Please file an issue at https://github.com/pytorch/pytorch/issues/new?template=bug-report.yml if a complex module does not work as expected.
  warnings.warn(
complex_sinh      100098   4363   137.56   1.99e-04   4.216e-01  (seed 1)
fourier            66049   4294   139.75   1.09e-04   3.307e-01  (seed 1)
siren              50049   4675   128.37   9.93e-05   2.571e-01  (seed 1)
mscale            150147   1579   380.10   4.90e-02   7.616e-01  (seed 1)

=== ch4_a3 (order=4, a=3) ===
variant           params  steps  ms/step      L_int      L2_err
complex_sinh      100098   4356   137.78   1.99e-04   4.634e-01  (seed 0)
fourier            66049   4292   139.84   4.77e-04   4.424e-01  (seed 0)
siren              50049   4671   128.47   1.94e-04   4.337e-01  (seed 0)
mscale            150147   1579   380.19   2.26e-01   1.820e+00  (seed 0)
complex_sinh      100098   4364   137.51   4.17e-04   7.208e-01  (seed 1)
fourier            66049   4288   139.96   2.71e-04   4.735e-01  (seed 1)
siren              50049   4674   128.39   2.57e-04   4.784e-01  (seed 1)
mscale            150147   1579   380.21   1.76e-01   1.659e+00  (seed 1)

=== ch6_a2 (order=6, a=2) ===
variant           params  steps  ms/step      L_int      L2_err
complex_sinh      100098   2790   215.12   3.88e-04   3.398e-01  (seed 0)
fourier            66049   2679   224.04   4.77e-02   7.896e-01  (seed 0)
siren              50049   2910   206.26   1.12e-01   8.288e-01  (seed 0)
mscale            150147    978   614.05   1.39e-01   7.974e-01  (seed 0)
complex_sinh      100098   2785   215.51   1.18e-03   7.040e-01  (seed 1)
fourier            66049   2677   224.21   3.11e-02   6.568e-01  (seed 1)
siren              50049   2904   206.68   8.67e-02   7.693e-01  (seed 1)
mscale            150147    976   615.12   1.39e-01   8.250e-01  (seed 1)

=== ch6_a3 (order=6, a=3) ===
variant           params  steps  ms/step      L_int      L2_err
complex_sinh      100098   2777   216.16   8.97e-04   6.033e-01  (seed 0)
fourier            66049   2675   224.42   9.54e-03   7.388e-01  (seed 0)
siren              50049   2905   206.61   5.28e-02   9.217e-01  (seed 0)
mscale            150147    976   615.08   3.11e-01   1.319e+00  (seed 0)
complex_sinh      100098   2781   215.85   3.42e-03   7.959e-01  (seed 1)
fourier            66049   2674   224.43   7.17e-03   8.919e-01  (seed 1)
siren              50049   2905   206.64   6.10e-02   9.746e-01  (seed 1)
mscale            150147    976   615.11   2.62e-01   1.162e+00  (seed 1)
[ok] wrote results/width/cahn_hilliard_h128_history.json  (32 traces)

[ok] wrote results/width/cahn_hilliard_h128.csv
