device=cuda hidden=64 depth=4 budget=600.0s/run seeds=2 lr_schedule=cosine

=== plate_m1  (d=2, order=4, sweep=1.0, terms=3) ===
variant                params       be   steps  ms/step  peakMB      L_int      L2_err
/root/miniconda3/envs/emlnn/lib/python3.11/site-packages/torch/nn/modules/module.py:1310: UserWarning: Complex modules are a new feature under active development whose design may change, and some modules might not work as expected when using complex tensors as parameters or buffers. Please file an issue at https://github.com/pytorch/pytorch/issues/new?template=bug-report.yml if a complex module does not work as expected.
  warnings.warn(
complex_sinh            25474      jet    7323    81.94     913   1.02e-05   1.571e-02  (seed 0)
/root/miniconda3/envs/emlnn/lib/python3.11/site-packages/torch/nn/modules/module.py:1310: UserWarning: Complex modules are a new feature under active development whose design may change, and some modules might not work as expected when using complex tensors as parameters or buffers. Please file an issue at https://github.com/pytorch/pytorch/issues/new?template=bug-report.yml if a complex module does not work as expected.
  warnings.warn(
complex_sinh            25474      jet    7278    82.46     913   7.03e-06   2.612e-03  (seed 1)

=== beam_m1  (d=1, order=4, sweep=1.0, terms=1) ===
variant                params       be   steps  ms/step  peakMB      L_int      L2_err
complex_sinh            25346      jet   30705    19.54     270   7.70e-06   3.321e-03  (seed 0)
complex_sinh            25346      jet   30668    19.56     270   1.85e-05   4.973e-04  (seed 1)

=== plate_m2  (d=2, order=4, sweep=2.0, terms=3) ===
variant                params       be   steps  ms/step  peakMB      L_int      L2_err
complex_sinh            25474      jet    7298    82.23     913   5.49e-05   1.227e-01  (seed 0)
complex_sinh            25474      jet    7288    82.34     913   7.21e-05   2.456e-01  (seed 1)

=== beam_m2  (d=1, order=4, sweep=2.0, terms=1) ===
variant                params       be   steps  ms/step  peakMB      L_int      L2_err
complex_sinh            25346      jet   30989    19.36     270   8.11e-07   2.217e-02  (seed 0)
complex_sinh            25346      jet   30829    19.46     270   2.09e-06   1.380e-02  (seed 1)

=== plate_m3  (d=2, order=4, sweep=3.0, terms=3) ===
variant                params       be   steps  ms/step  peakMB      L_int      L2_err
complex_sinh            25474      jet    7323    81.94     913   1.50e-04   3.397e-01  (seed 0)
complex_sinh            25474      jet    7329    81.88     913   1.74e-04   4.541e-01  (seed 1)

=== beam_m3  (d=1, order=4, sweep=3.0, terms=1) ===
variant                params       be   steps  ms/step  peakMB      L_int      L2_err
complex_sinh            25346      jet   30200    19.87     270   2.47e-06   1.566e-01  (seed 0)
complex_sinh            25346      jet   30001    20.00     270   2.33e-06   1.738e-01  (seed 1)
[ok] wrote results/width/plate_beam_h64_history.json  (12 traces)

[ok] wrote results/width/plate_beam_h64.csv
