device=cuda hidden=128 depth=4 budget=600.0s/run seeds=2 lr_schedule=cosine

=== plate_m1  (d=2, order=4, sweep=1.0, terms=3) ===
variant                params       be   steps  ms/step  peakMB      L_int      L2_err
/root/miniconda3/envs/emlnn/lib/python3.11/site-packages/torch/nn/modules/module.py:1310: UserWarning: Complex modules are a new feature under active development whose design may change, and some modules might not work as expected when using complex tensors as parameters or buffers. Please file an issue at https://github.com/pytorch/pytorch/issues/new?template=bug-report.yml if a complex module does not work as expected.
  warnings.warn(
complex_sinh           100098      jet    2413   248.80    1759   1.83e-05   2.939e-02  (seed 0)
fourier                 66049      jet    2218   270.65    1757   6.98e-05   1.629e-01  (seed 0)
siren                   50049      jet    2422   247.88    1760   2.19e-04   1.312e-02  (seed 0)
mscale                 150147      jet     819   733.71    5063   1.09e-02   1.398e-01  (seed 0)
/root/miniconda3/envs/emlnn/lib/python3.11/site-packages/torch/nn/modules/module.py:1310: UserWarning: Complex modules are a new feature under active development whose design may change, and some modules might not work as expected when using complex tensors as parameters or buffers. Please file an issue at https://github.com/pytorch/pytorch/issues/new?template=bug-report.yml if a complex module does not work as expected.
  warnings.warn(
complex_sinh           100098      jet    2407   249.44    1759   1.90e-05   1.031e-02  (seed 1)
fourier                 66049      jet    2220   270.36    1757   4.57e-05   4.654e-02  (seed 1)
siren                   50049      jet    2429   247.15    1760   1.94e-04   5.925e-02  (seed 1)
mscale                 150147      jet     819   733.21    5063   6.81e-03   1.785e-01  (seed 1)

=== beam_m1  (d=1, order=4, sweep=1.0, terms=1) ===
variant                params       be   steps  ms/step  peakMB      L_int      L2_err
complex_sinh            99842      jet   10685    56.16     476   4.31e-04   3.365e-03  (seed 0)
fourier                 66049      jet   10075    59.56     475   8.32e-06   4.198e-02  (seed 0)
siren                   49921      jet   11016    54.47     475   1.46e-01   2.642e-01  (seed 0)
mscale                 149763      jet    3736   160.64    1137   1.94e-06   1.505e-02  (seed 0)
complex_sinh            99842      jet   10683    56.17     476   3.25e-04   8.371e-03  (seed 1)
fourier                 66049      jet   10124    59.27     475   4.32e-05   3.448e-02  (seed 1)
siren                   49921      jet   11046    54.32     475   1.50e-02   1.505e-01  (seed 1)
mscale                 149763      jet    3733   160.75    1137   1.35e-06   1.433e-02  (seed 1)

=== plate_m2  (d=2, order=4, sweep=2.0, terms=3) ===
variant                params       be   steps  ms/step  peakMB      L_int      L2_err
complex_sinh           100098      jet    2413   248.73    1759   1.18e-04   2.201e-01  (seed 0)
fourier                 66049      jet    2224   269.96    1757   2.59e-04   2.177e-01  (seed 0)
siren                   50049      jet    2428   247.21    1760   1.37e-04   2.129e-01  (seed 0)
mscale                 150147      jet     819   733.28    5063   2.50e-01   9.997e-01  (seed 0)
complex_sinh           100098      jet    2411   248.95    1759   1.37e-04   2.596e-01  (seed 1)
fourier                 66049      jet    2223   269.98    1757   2.20e-04   1.999e-01  (seed 1)
siren                   50049      jet    2428   247.23    1760   1.24e-04   1.562e-01  (seed 1)
mscale                 150147      jet     819   733.41    5063   2.47e-01   9.994e-01  (seed 1)

=== beam_m2  (d=1, order=4, sweep=2.0, terms=1) ===
variant                params       be   steps  ms/step  peakMB      L_int      L2_err
complex_sinh            99842      jet   10689    56.14     476   3.08e-05   5.775e-02  (seed 0)
fourier                 66049      jet   10117    59.31     475   1.25e-04   2.593e-01  (seed 0)
siren                   49921      jet   11039    54.36     475   7.76e-05   9.695e-02  (seed 0)
mscale                 149763      jet    3735   160.69    1137   2.42e-04   2.764e-01  (seed 0)
complex_sinh            99842      jet   10634    56.43     476   5.91e-05   3.891e-02  (seed 1)
fourier                 66049      jet   10110    59.35     475   2.17e-04   2.946e-01  (seed 1)
siren                   49921      jet   11042    54.34     475   1.10e-03   1.144e-01  (seed 1)
mscale                 149763      jet    3736   160.64    1137   1.44e-04   1.893e-01  (seed 1)

=== plate_m3  (d=2, order=4, sweep=3.0, terms=3) ===
variant                params       be   steps  ms/step  peakMB      L_int      L2_err
complex_sinh           100098      jet    2414   248.69    1759   2.82e-04   3.681e-01  (seed 0)
fourier                 66049      jet    2223   270.05    1757   2.36e-04   4.080e-01  (seed 0)
siren                   50049      jet    2427   247.31    1760   2.75e-04   5.708e-01  (seed 0)
mscale                 150147      jet     819   733.37    5063   2.52e-01   1.000e+00  (seed 0)
complex_sinh           100098      jet    2410   249.09    1759   3.49e-04   3.286e-01  (seed 1)
fourier                 66049      jet    2222   270.15    1757   1.77e-04   5.761e-01  (seed 1)
siren                   50049      jet    2426   247.48    1760   2.54e-04   5.372e-01  (seed 1)
mscale                 150147      jet     819   733.18    5063   2.45e-01   1.000e+00  (seed 1)

=== beam_m3  (d=1, order=4, sweep=3.0, terms=1) ===
variant                params       be   steps  ms/step  peakMB      L_int      L2_err
complex_sinh            99842      jet   10678    56.19     476   1.74e-05   2.656e-01  (seed 0)
fourier                 66049      jet   10035    59.80     475   4.95e-05   8.130e-01  (seed 0)
siren                   49921      jet   10943    54.84     475   3.17e-04   1.547e-01  (seed 0)
mscale                 149763      jet    3727   161.03    1137   1.13e-03   2.392e+00  (seed 0)
complex_sinh            99842      jet   10683    56.17     476   1.49e-05   2.182e-01  (seed 1)
fourier                 66049      jet   10129    59.24     475   5.54e-05   7.067e-01  (seed 1)
siren                   49921      jet   11034    54.38     475   1.98e-04   1.660e-01  (seed 1)
mscale                 149763      jet    3737   160.58    1137   2.37e-04   6.496e-01  (seed 1)
[ok] wrote results/width/plate_beam_h128_history.json  (48 traces)

[ok] wrote results/width/plate_beam_h128.csv
