device=cuda hidden=64 depth=4 budget=600.0s/run seeds=2 lr_schedule=cosine

=== kdv_k2  (d=2, order=3, sweep=2.0, terms=2) ===
variant                params       be   steps  ms/step  peakMB      L_int      L2_err
/root/miniconda3/envs/emlnn/lib/python3.11/site-packages/torch/nn/modules/module.py:1310: UserWarning: Complex modules are a new feature under active development whose design may change, and some modules might not work as expected when using complex tensors as parameters or buffers. Please file an issue at https://github.com/pytorch/pytorch/issues/new?template=bug-report.yml if a complex module does not work as expected.
  warnings.warn(
complex_sinh            25474      jet   28638    20.95     294   8.18e-06   2.992e-01  (seed 0)
/root/miniconda3/envs/emlnn/lib/python3.11/site-packages/torch/nn/modules/module.py:1310: UserWarning: Complex modules are a new feature under active development whose design may change, and some modules might not work as expected when using complex tensors as parameters or buffers. Please file an issue at https://github.com/pytorch/pytorch/issues/new?template=bug-report.yml if a complex module does not work as expected.
  warnings.warn(
complex_sinh            25474      jet   28784    20.85     294   9.13e-06   1.935e-01  (seed 1)

=== kdv_k3  (d=2, order=3, sweep=3.0, terms=2) ===
variant                params       be   steps  ms/step  peakMB      L_int      L2_err
complex_sinh            25474      jet   28638    20.95     294   1.43e-05   2.896e-01  (seed 0)
complex_sinh            25474      jet   28692    20.91     294   2.92e-05   5.984e-01  (seed 1)

=== kdv_k4  (d=2, order=3, sweep=4.0, terms=2) ===
variant                params       be   steps  ms/step  peakMB      L_int      L2_err
complex_sinh            25474      jet   28652    20.94     294   5.39e-05   6.793e-01  (seed 0)
complex_sinh            25474      jet   28664    20.93     294   5.49e-05   6.673e-01  (seed 1)

=== kdv_k5  (d=2, order=3, sweep=5.0, terms=2) ===
variant                params       be   steps  ms/step  peakMB      L_int      L2_err
complex_sinh            25474      jet   28691    20.91     294   8.00e-05   7.638e-01  (seed 0)
complex_sinh            25474      jet   28736    20.88     294   9.16e-05   6.513e-01  (seed 1)

=== kdv_k6  (d=2, order=3, sweep=6.0, terms=2) ===
variant                params       be   steps  ms/step  peakMB      L_int      L2_err
complex_sinh            25474      jet   28721    20.89     294   1.20e-04   7.956e-01  (seed 0)
complex_sinh            25474      jet   28672    20.93     294   1.06e-04   8.514e-01  (seed 1)
[ok] wrote results/width/kdv_h64_history.json  (10 traces)

[ok] wrote results/width/kdv_h64.csv
