device=cuda hidden=64 depth=4 budget=600.0s/run seeds=2 lr_schedule=cosine

=== polyharm1d_o2  (d=1, order=2, sweep=2.0, terms=1) ===
variant                params       be   steps  ms/step  peakMB      L_int      L2_err
/root/miniconda3/envs/emlnn/lib/python3.11/site-packages/torch/nn/modules/module.py:1310: UserWarning: Complex modules are a new feature under active development whose design may change, and some modules might not work as expected when using complex tensors as parameters or buffers. Please file an issue at https://github.com/pytorch/pytorch/issues/new?template=bug-report.yml if a complex module does not work as expected.
  warnings.warn(
complex_sinh            25346      jet   57261    10.48     189   1.25e-07   2.579e-04  (seed 0)
/root/miniconda3/envs/emlnn/lib/python3.11/site-packages/torch/nn/modules/module.py:1310: UserWarning: Complex modules are a new feature under active development whose design may change, and some modules might not work as expected when using complex tensors as parameters or buffers. Please file an issue at https://github.com/pytorch/pytorch/issues/new?template=bug-report.yml if a complex module does not work as expected.
  warnings.warn(
complex_sinh            25346      jet   57350    10.46     189   2.14e-08   8.152e-05  (seed 1)

=== polyharm1d_o4  (d=1, order=4, sweep=4.0, terms=1) ===
variant                params       be   steps  ms/step  peakMB      L_int      L2_err
complex_sinh            25346      jet   30750    19.51     270   1.54e-07   1.660e-04  (seed 0)
complex_sinh            25346      jet   30799    19.48     270   2.01e-06   3.397e-04  (seed 1)

=== polyharm1d_o6  (d=1, order=6, sweep=6.0, terms=1) ===
variant                params       be   steps  ms/step  peakMB      L_int      L2_err
complex_sinh            25346      jet   19403    30.93     350   9.28e-06   1.174e-02  (seed 0)
complex_sinh            25346      jet   19436    30.87     350   1.72e-05   3.123e-02  (seed 1)

=== polyharm1d_o8  (d=1, order=8, sweep=8.0, terms=1) ===
variant                params       be   steps  ms/step  peakMB      L_int      L2_err
complex_sinh            25346      jet   13282    45.18     430   1.76e-04   1.639e-01  (seed 0)
complex_sinh            25346      jet   13286    45.16     430   2.10e-05   2.515e-01  (seed 1)

=== polyharm1d_o10  (d=1, order=10, sweep=10.0, terms=1) ===
variant                params       be   steps  ms/step  peakMB      L_int      L2_err
complex_sinh            25346      jet    9494    63.20     532   2.40e-01   7.030e-01  (seed 0)
complex_sinh            25346      jet    9441    63.55     532   4.39e-01   9.396e-01  (seed 1)
[ok] wrote results/width/poly1d_h64_history.json  (10 traces)

[ok] wrote results/width/poly1d_h64.csv
