device=cuda hidden=128 depth=4 budget=600.0s/run seeds=2 lr_schedule=cosine

=== helmholtz_a2  (d=2, order=2, sweep=2.0, terms=2) ===
variant                params       be   steps  ms/step  peakMB      L_int      L2_err
/root/miniconda3/envs/emlnn/lib/python3.11/site-packages/torch/nn/modules/module.py:1310: UserWarning: Complex modules are a new feature under active development whose design may change, and some modules might not work as expected when using complex tensors as parameters or buffers. Please file an issue at https://github.com/pytorch/pytorch/issues/new?template=bug-report.yml if a complex module does not work as expected.
  warnings.warn(
complex_sinh           100098      jet    8267    72.59     548   7.85e-06   3.547e-02  (seed 0)
fourier                 66049      jet    8702    68.96     508   1.09e-05   4.686e-02  (seed 0)
siren                   50049      jet    9537    62.92     509   7.61e-06   2.230e-02  (seed 0)
mscale                 150147      jet    3216   186.64    1336   1.00e-02   1.801e-01  (seed 0)
/root/miniconda3/envs/emlnn/lib/python3.11/site-packages/torch/nn/modules/module.py:1310: UserWarning: Complex modules are a new feature under active development whose design may change, and some modules might not work as expected when using complex tensors as parameters or buffers. Please file an issue at https://github.com/pytorch/pytorch/issues/new?template=bug-report.yml if a complex module does not work as expected.
  warnings.warn(
complex_sinh           100098      jet    8267    72.58     548   9.37e-06   3.285e-02  (seed 1)
fourier                 66049      jet    8695    69.01     508   5.64e-06   1.539e-02  (seed 1)
siren                   50049      jet    9531    62.96     509   6.72e-06   1.544e-02  (seed 1)
mscale                 150147      jet    3219   186.46    1336   1.56e-02   3.794e-01  (seed 1)

=== helmholtz_a4  (d=2, order=2, sweep=4.0, terms=2) ===
variant                params       be   steps  ms/step  peakMB      L_int      L2_err
complex_sinh           100098      jet    8272    72.54     548   2.11e-05   8.640e-02  (seed 0)
fourier                 66049      jet    8696    69.00     508   3.55e-05   3.182e-01  (seed 0)
siren                   50049      jet    9532    62.95     509   1.41e-05   2.625e-01  (seed 0)
mscale                 150147      jet    3217   186.60    1336   2.49e-01   1.000e+00  (seed 0)
complex_sinh           100098      jet    8253    72.71     548   3.96e-05   1.871e-01  (seed 1)
fourier                 66049      jet    8668    69.23     508   2.87e-05   6.686e-01  (seed 1)
siren                   50049      jet    9482    63.28     509   1.45e-05   2.201e-01  (seed 1)
mscale                 150147      jet    3210   186.96    1336   2.56e-01   1.000e+00  (seed 1)

=== helmholtz_a6  (d=2, order=2, sweep=6.0, terms=2) ===
variant                params       be   steps  ms/step  peakMB      L_int      L2_err
complex_sinh           100098      jet    8260    72.65     548   7.45e-05   1.848e-01  (seed 0)
fourier                 66049      jet    8682    69.11     508   1.02e-05   6.771e-01  (seed 0)
siren                   50049      jet    9517    63.06     509   1.13e-06   7.062e-01  (seed 0)
mscale                 150147      jet    3213   186.78    1336   2.41e-01   1.001e+00  (seed 0)
complex_sinh           100098      jet    8236    72.86     548   8.72e-05   5.170e-01  (seed 1)
fourier                 66049      jet    8672    69.20     508   5.52e-06   8.204e-01  (seed 1)
siren                   50049      jet    9506    63.13     509   1.54e-06   6.431e-01  (seed 1)
mscale                 150147      jet    3212   186.88    1336   2.57e-01   1.001e+00  (seed 1)

=== helmholtz_a8  (d=2, order=2, sweep=8.0, terms=2) ===
variant                params       be   steps  ms/step  peakMB      L_int      L2_err
complex_sinh           100098      jet    8249    72.75     548   1.22e-04   2.945e-01  (seed 0)
fourier                 66049      jet    8670    69.21     508   3.52e-06   7.898e-01  (seed 0)
siren                   50049      jet    9498    63.18     509   1.48e-07   8.733e-01  (seed 0)
mscale                 150147      jet    3211   186.93    1336   2.47e-01   1.000e+00  (seed 0)
complex_sinh           100098      jet    8195    73.23     548   8.30e-05   6.124e-01  (seed 1)
fourier                 66049      jet    8656    69.32     508   1.34e-06   8.509e-01  (seed 1)
siren                   50049      jet    9490    63.23     509   2.81e-07   8.708e-01  (seed 1)
mscale                 150147      jet    3212   186.89    1336   2.50e-01   1.000e+00  (seed 1)

=== helmholtz_a10  (d=2, order=2, sweep=10.0, terms=2) ===
variant                params       be   steps  ms/step  peakMB      L_int      L2_err
complex_sinh           100098      jet    8205    73.13     548   1.17e-04   5.189e-01  (seed 0)
fourier                 66049      jet    8657    69.32     508   2.33e-06   9.098e-01  (seed 0)
siren                   50049      jet    9489    63.24     509   3.95e-08   9.272e-01  (seed 0)
mscale                 150147      jet    3212   186.88    1336   2.48e-01   1.000e+00  (seed 0)
complex_sinh           100098      jet    8199    73.19     548   3.16e-05   9.041e-01  (seed 1)
fourier                 66049      jet    8656    69.32     508   1.43e-06   8.334e-01  (seed 1)
siren                   50049      jet    9489    63.24     509   7.04e-08   9.223e-01  (seed 1)
mscale                 150147      jet    3210   187.00    1336   2.53e-01   9.997e-01  (seed 1)
[ok] wrote results/width/helmholtz_h128_history.json  (40 traces)

[ok] wrote results/width/helmholtz_h128.csv
