device=cuda hidden=128 depth=4 budget=600.0s/run seeds=2 lr_schedule=cosine

=== polyharm2d_o2  (d=2, order=2, sweep=2.0, terms=2) ===
variant                params       be   steps  ms/step  peakMB      L_int      L2_err
/root/miniconda3/envs/emlnn/lib/python3.11/site-packages/torch/nn/modules/module.py:1310: UserWarning: Complex modules are a new feature under active development whose design may change, and some modules might not work as expected when using complex tensors as parameters or buffers. Please file an issue at https://github.com/pytorch/pytorch/issues/new?template=bug-report.yml if a complex module does not work as expected.
  warnings.warn(
complex_sinh           100098      jet    9647    62.20     509   1.48e-06   1.619e-04  (seed 0)
fourier                 66049      jet    9105    65.90     508   2.87e-06   6.187e-04  (seed 0)
siren                   50049      jet    9990    60.07     509   2.07e-06   8.751e-04  (seed 0)
mscale                 150147      jet    3375   177.82    1284   5.18e-04   9.706e-03  (seed 0)
/root/miniconda3/envs/emlnn/lib/python3.11/site-packages/torch/nn/modules/module.py:1310: UserWarning: Complex modules are a new feature under active development whose design may change, and some modules might not work as expected when using complex tensors as parameters or buffers. Please file an issue at https://github.com/pytorch/pytorch/issues/new?template=bug-report.yml if a complex module does not work as expected.
  warnings.warn(
complex_sinh           100098      jet    9711    61.80     509   1.18e-06   6.520e-04  (seed 1)
fourier                 66049      jet    9088    66.03     508   2.34e-06   3.091e-04  (seed 1)
siren                   50049      jet    9994    60.04     509   1.86e-06   8.999e-04  (seed 1)
mscale                 150147      jet    3375   177.84    1284   4.91e-04   8.085e-03  (seed 1)

=== polyharm2d_o4  (d=2, order=4, sweep=4.0, terms=3) ===
variant                params       be   steps  ms/step  peakMB      L_int      L2_err
complex_sinh           100098      jet    2418   248.23    1759   1.83e-05   2.953e-02  (seed 0)
fourier                 66049      jet    2227   269.54    1757   6.95e-05   1.629e-01  (seed 0)
siren                   50049      jet    2430   247.00    1760   2.19e-04   1.384e-02  (seed 0)
mscale                 150147      jet     820   732.13    5064   1.06e-02   1.367e-01  (seed 0)
complex_sinh           100098      jet    2416   248.48    1759   1.88e-05   1.016e-02  (seed 1)
fourier                 66049      jet    2225   269.78    1757   4.54e-05   4.691e-02  (seed 1)
siren                   50049      jet    2430   247.04    1760   1.96e-04   5.966e-02  (seed 1)
mscale                 150147      jet     821   732.02    5064   6.72e-03   1.795e-01  (seed 1)

=== polyharm2d_o6  (d=2, order=6, sweep=6.0, terms=4) ===
variant                params       be   steps  ms/step  peakMB      L_int      L2_err
complex_sinh           100098      jet     725   828.95    5739   2.60e-04   5.392e-02  (seed 0)
fourier                 66049      jet     666   902.37    5721   1.91e-01   9.616e-01  (seed 0)
siren                   50049      jet     726   827.67    5740   1.30e+00   1.009e+00  (seed 0)
mscale                 150147      jet     237  2533.43   17046   2.43e-01   9.901e-01  (seed 0)
complex_sinh           100098      jet     725   828.89    5736   2.42e-04   1.037e-01  (seed 1)
fourier                 66049      jet     666   902.57    5713   2.05e-01   9.887e-01  (seed 1)
siren                   50049      jet     726   827.60    5737   1.22e+00   9.963e-01  (seed 1)
mscale                 150147      jet     237  2533.42   17046   2.44e-01   9.903e-01  (seed 1)
[ok] wrote results/width/poly2d_h128_history.json  (24 traces)

[ok] wrote results/width/poly2d_h128.csv
