device=cuda hidden=64 depth=4 budget=600.0s/run seeds=2 lr_schedule=cosine

=== helmholtz_a2  (d=2, order=2, sweep=2.0, terms=2) ===
variant                params       be   steps  ms/step  peakMB      L_int      L2_err
/root/miniconda3/envs/emlnn/lib/python3.11/site-packages/torch/nn/modules/module.py:1310: UserWarning: Complex modules are a new feature under active development whose design may change, and some modules might not work as expected when using complex tensors as parameters or buffers. Please file an issue at https://github.com/pytorch/pytorch/issues/new?template=bug-report.yml if a complex module does not work as expected.
  warnings.warn(
complex_sinh            25474      jet   25358    23.66     302   3.02e-06   4.804e-03  (seed 0)
/root/miniconda3/envs/emlnn/lib/python3.11/site-packages/torch/nn/modules/module.py:1310: UserWarning: Complex modules are a new feature under active development whose design may change, and some modules might not work as expected when using complex tensors as parameters or buffers. Please file an issue at https://github.com/pytorch/pytorch/issues/new?template=bug-report.yml if a complex module does not work as expected.
  warnings.warn(
complex_sinh            25474      jet   25320    23.70     302   2.63e-06   1.194e-02  (seed 1)

=== helmholtz_a4  (d=2, order=2, sweep=4.0, terms=2) ===
variant                params       be   steps  ms/step  peakMB      L_int      L2_err
complex_sinh            25474      jet   25168    23.84     302   2.27e-05   1.289e-01  (seed 0)
complex_sinh            25474      jet   24821    24.17     302   2.98e-05   3.018e-01  (seed 1)

=== helmholtz_a6  (d=2, order=2, sweep=6.0, terms=2) ===
variant                params       be   steps  ms/step  peakMB      L_int      L2_err
complex_sinh            25474      jet   25225    23.79     302   6.03e-05   3.011e-01  (seed 0)
complex_sinh            25474      jet   25216    23.80     302   5.42e-05   2.881e-01  (seed 1)

=== helmholtz_a8  (d=2, order=2, sweep=8.0, terms=2) ===
variant                params       be   steps  ms/step  peakMB      L_int      L2_err
complex_sinh            25474      jet   25118    23.89     302   8.17e-05   5.107e-01  (seed 0)
complex_sinh            25474      jet   25032    23.97     302   9.23e-05   5.946e-01  (seed 1)

=== helmholtz_a10  (d=2, order=2, sweep=10.0, terms=2) ===
variant                params       be   steps  ms/step  peakMB      L_int      L2_err
complex_sinh            25474      jet   24895    24.10     302   5.32e-05   6.980e-01  (seed 0)
complex_sinh            25474      jet   24881    24.12     302   4.87e-05   6.812e-01  (seed 1)
[ok] wrote results/width/helmholtz_h64_history.json  (10 traces)

[ok] wrote results/width/helmholtz_h64.csv
