device=cuda hidden=128 depth=4 budget=600.0s seeds=2 lr_schedule=cosine

=== maxwell_a2 (a=2, |kappa^2|=40.3) ===
variant             rep  params  steps  ms/step      L_int      L2_err
/root/miniconda3/envs/emlnn/lib/python3.11/site-packages/torch/nn/modules/module.py:1310: UserWarning: Complex modules are a new feature under active development whose design may change, and some modules might not work as expected when using complex tensors as parameters or buffers. Please file an issue at https://github.com/pytorch/pytorch/issues/new?template=bug-report.yml if a complex module does not work as expected.
  warnings.warn(
complex_sinh    complex  100098   8265    72.61   1.20e-04   3.264e-02  (seed 0)
siren            split2  100098   4789   125.32   1.50e-04   3.550e-02  (seed 0)
fourier          split2  132098   4367   137.43   1.99e-04   5.862e-02  (seed 0)
tanh             split2  100098   4780   125.55   3.81e-01   1.505e+00  (seed 0)
/root/miniconda3/envs/emlnn/lib/python3.11/site-packages/torch/nn/modules/module.py:1310: UserWarning: Complex modules are a new feature under active development whose design may change, and some modules might not work as expected when using complex tensors as parameters or buffers. Please file an issue at https://github.com/pytorch/pytorch/issues/new?template=bug-report.yml if a complex module does not work as expected.
  warnings.warn(
complex_sinh    complex  100098   8266    72.59   9.68e-05   1.788e-02  (seed 1)
siren            split2  100098   4797   125.10   1.43e-04   2.429e-02  (seed 1)
fourier          split2  132098   4378   137.09   1.53e-04   3.727e-02  (seed 1)
tanh             split2  100098   4784   125.44   3.48e-01   1.410e+00  (seed 1)

=== maxwell_a4 (a=4, |kappa^2|=161.0) ===
variant             rep  params  steps  ms/step      L_int      L2_err
complex_sinh    complex  100098   8270    72.56   7.49e-04   1.121e-01  (seed 0)
siren            split2  100098   4790   125.30   5.55e-04   2.519e-01  (seed 0)
fourier          split2  132098   4377   137.10   1.49e-03   3.069e-01  (seed 0)
tanh             split2  100098   4787   125.37   1.39e+00   2.726e+00  (seed 0)
complex_sinh    complex  100098   8241    72.81   6.87e-04   1.121e-01  (seed 1)
siren            split2  100098   4774   125.70   5.08e-04   1.998e-01  (seed 1)
fourier          split2  132098   4361   137.62   7.13e-04   2.187e-01  (seed 1)
tanh             split2  100098   4763   125.99   1.03e+00   2.438e+00  (seed 1)

=== maxwell_a6 (a=6, |kappa^2|=362.3) ===
variant             rep  params  steps  ms/step      L_int      L2_err
complex_sinh    complex  100098   8207    73.11   2.56e-03   1.956e-01  (seed 0)
siren            split2  100098   4785   125.43   5.41e-04   6.328e-01  (seed 0)
fourier          split2  132098   4368   137.39   2.29e-03   7.430e-01  (seed 0)
tanh             split2  100098   4777   125.64   9.41e-01   2.103e+00  (seed 0)
complex_sinh    complex  100098   8220    73.00   3.17e-03   2.662e-01  (seed 1)
siren            split2  100098   4784   125.45   5.26e-04   5.714e-01  (seed 1)
fourier          split2  132098   4368   137.41   1.70e-03   5.497e-01  (seed 1)
tanh             split2  100098   4786   125.39   1.01e+00   2.104e+00  (seed 1)
[ok] wrote results/width/maxwell_h128_history.json  (24 traces)

[ok] wrote results/width/maxwell_h128.csv
