device=cuda hidden=64 depth=4 budget=600.0s seeds=2 lr_schedule=cosine

=== ch4_a2 (order=4, a=2) ===
variant           params  steps  ms/step      L_int      L2_err
/root/miniconda3/envs/emlnn/lib/python3.11/site-packages/torch/nn/modules/module.py:1310: UserWarning: Complex modules are a new feature under active development whose design may change, and some modules might not work as expected when using complex tensors as parameters or buffers. Please file an issue at https://github.com/pytorch/pytorch/issues/new?template=bug-report.yml if a complex module does not work as expected.
  warnings.warn(
complex_sinh       25474  13027    46.06   5.58e-05   7.460e-01  (seed 0)
/root/miniconda3/envs/emlnn/lib/python3.11/site-packages/torch/nn/modules/module.py:1310: UserWarning: Complex modules are a new feature under active development whose design may change, and some modules might not work as expected when using complex tensors as parameters or buffers. Please file an issue at https://github.com/pytorch/pytorch/issues/new?template=bug-report.yml if a complex module does not work as expected.
  warnings.warn(
complex_sinh       25474  12884    46.57   8.76e-05   5.725e-01  (seed 1)

=== ch4_a3 (order=4, a=3) ===
variant           params  steps  ms/step      L_int      L2_err
complex_sinh       25474  12885    46.57   1.77e-04   7.408e-01  (seed 0)
complex_sinh       25474  12918    46.45   1.61e-04   1.209e+00  (seed 1)

=== ch6_a2 (order=6, a=2) ===
variant           params  steps  ms/step      L_int      L2_err
complex_sinh       25474   8157    73.57   2.81e-04   8.684e-01  (seed 0)
complex_sinh       25474   8110    73.99   2.97e-04   1.190e+00  (seed 1)

=== ch6_a3 (order=6, a=3) ===
variant           params  steps  ms/step      L_int      L2_err
complex_sinh       25474   8126    73.85   6.34e-04   7.023e-01  (seed 0)
complex_sinh       25474   8128    73.82   4.70e-04   9.546e-01  (seed 1)
[ok] wrote results/width/cahn_hilliard_h64_history.json  (8 traces)

[ok] wrote results/width/cahn_hilliard_h64.csv
