[begin] maxwell_a2 2026-08-06T15:02:54+08:00
/opt/apolarity-v3-venv/lib64/python3.12/site-packages/torch/nn/modules/module.py:1310: UserWarning: Complex modules are a new feature under active development whose design may change, and some modules might not work as expected when using complex tensors as parameters or buffers. Please file an issue at https://github.com/pytorch/pytorch/issues/new?template=bug-report.yml if a complex module does not work as expected.
  warnings.warn(
[run] /opt/apolarity-v3-venv/bin/python /root/apolarity/experiments/maxwell/exp_maxwell.py --sweeps 2 --bc-weight 0.1 --variants complex_sinh --hidden 128 --depth 4 --seconds 1000.0 --seeds 3 --seed-start 0 --n-int 4096 --n-bc 512 --lr 0.001 --lr-schedule cosine --lr-final 0.0001 --history --history-every-steps 20 --history-eval-n 4096 --out /root/apolarity/experiments/results/jsc_v3/maxwell_a2/complex_sinh_part.csv
device=cuda hidden=128 depth=4 budget=1000.0s seeds=[0, 1, 2] lr_schedule=cosine

=== maxwell_a2 (a=2, |kappa^2|=40.3) ===
variant                     rep  params  steps  ms/step       loss      L_int   rel_error
/opt/apolarity-v3-venv/lib64/python3.12/site-packages/torch/nn/modules/module.py:1310: UserWarning: Complex modules are a new feature under active development whose design may change, and some modules might not work as expected when using complex tensors as parameters or buffers. Please file an issue at https://github.com/pytorch/pytorch/issues/new?template=bug-report.yml if a complex module does not work as expected.
  warnings.warn(
complex_sinh            complex  100098  13637    73.33  1.660e-05  3.709e-07   1.004e-03  (seed 0)
/opt/apolarity-v3-venv/lib64/python3.12/site-packages/torch/nn/modules/module.py:1310: UserWarning: Complex modules are a new feature under active development whose design may change, and some modules might not work as expected when using complex tensors as parameters or buffers. Please file an issue at https://github.com/pytorch/pytorch/issues/new?template=bug-report.yml if a complex module does not work as expected.
  warnings.warn(
complex_sinh            complex  100098  13653    73.24  1.776e-05  1.431e-07   9.637e-04  (seed 1)
complex_sinh            complex  100098  13628    73.38  1.601e-05  1.640e-07   1.748e-03  (seed 2)
[ok] wrote /root/apolarity/experiments/results/jsc_v3/maxwell_a2/complex_sinh_part_history.json  (3 traces)

[ok] wrote /root/apolarity/experiments/results/jsc_v3/maxwell_a2/complex_sinh_part.csv
[run] /opt/apolarity-v3-venv/bin/python /root/apolarity/experiments/maxwell/exp_maxwell.py --sweeps 2 --bc-weight 0.1 --variants complex_sinh_autodiff --hidden 128 --depth 4 --seconds 1000.0 --seeds 3 --seed-start 0 --n-int 4096 --n-bc 512 --lr 0.001 --lr-schedule cosine --lr-final 0.0001 --history --history-every-steps 20 --history-eval-n 4096 --out /root/apolarity/experiments/results/jsc_v3/maxwell_a2/complex_sinh_autodiff_part.csv
device=cuda hidden=128 depth=4 budget=1000.0s seeds=[0, 1, 2] lr_schedule=cosine

=== maxwell_a2 (a=2, |kappa^2|=40.3) ===
variant                     rep  params  steps  ms/step       loss      L_int   rel_error
/opt/apolarity-v3-venv/lib64/python3.12/site-packages/torch/nn/modules/module.py:1310: UserWarning: Complex modules are a new feature under active development whose design may change, and some modules might not work as expected when using complex tensors as parameters or buffers. Please file an issue at https://github.com/pytorch/pytorch/issues/new?template=bug-report.yml if a complex module does not work as expected.
  warnings.warn(
complex_sinh_autodiff   complex  100098   9803   102.01  1.655e-05  3.971e-07   7.846e-04  (seed 0)
/opt/apolarity-v3-venv/lib64/python3.12/site-packages/torch/nn/modules/module.py:1310: UserWarning: Complex modules are a new feature under active development whose design may change, and some modules might not work as expected when using complex tensors as parameters or buffers. Please file an issue at https://github.com/pytorch/pytorch/issues/new?template=bug-report.yml if a complex module does not work as expected.
  warnings.warn(
complex_sinh_autodiff   complex  100098   9800   102.05  1.861e-05  1.559e-07   2.110e-03  (seed 1)
complex_sinh_autodiff   complex  100098   9783   102.22  1.629e-05  5.643e-07   1.925e-03  (seed 2)
[ok] wrote /root/apolarity/experiments/results/jsc_v3/maxwell_a2/complex_sinh_autodiff_part_history.json  (3 traces)

[ok] wrote /root/apolarity/experiments/results/jsc_v3/maxwell_a2/complex_sinh_autodiff_part.csv
[complete] validated canonical bundle: /root/apolarity/experiments/results/jsc_v3/maxwell_a2/maxwell_a2
[end] maxwell_a2 2026-08-06T16:43:19+08:00
