[begin] chirp_a2 2026-08-06T11:42:03+08:00
/opt/apolarity-v3-venv/lib64/python3.12/site-packages/torch/nn/modules/module.py:1310: UserWarning: Complex modules are a new feature under active development whose design may change, and some modules might not work as expected when using complex tensors as parameters or buffers. Please file an issue at https://github.com/pytorch/pytorch/issues/new?template=bug-report.yml if a complex module does not work as expected.
  warnings.warn(
[run] /opt/apolarity-v3-venv/bin/python /root/apolarity/experiments/chirp/exp_chirp.py --sweeps 2 --bc-weight 0.1 --variants complex_sinh --hidden 128 --depth 4 --seconds 1000.0 --seeds 3 --seed-start 0 --n-int 4096 --n-bc 512 --lr 0.001 --lr-schedule cosine --lr-final 0.0001 --history --history-every-steps 20 --history-eval-n 4096 --out /root/apolarity/experiments/results/jsc_v3/chirp_a2/complex_sinh_part.csv
device=cuda hidden=128 depth=4 budget=1000.0s/run seeds=[0, 1, 2] lr_schedule=cosine

=== chirp_a2  (d=2, order=2, sweep=2.0, terms=2) ===
variant                    params       be   steps  ms/step        loss       L_int    rel_error
/opt/apolarity-v3-venv/lib64/python3.12/site-packages/torch/nn/modules/module.py:1310: UserWarning: Complex modules are a new feature under active development whose design may change, and some modules might not work as expected when using complex tensors as parameters or buffers. Please file an issue at https://github.com/pytorch/pytorch/issues/new?template=bug-report.yml if a complex module does not work as expected.
  warnings.warn(
complex_sinh               100098      jet   13610    73.48   1.612e-05   3.312e-08    1.391e-04  (seed 0)
/opt/apolarity-v3-venv/lib64/python3.12/site-packages/torch/nn/modules/module.py:1310: UserWarning: Complex modules are a new feature under active development whose design may change, and some modules might not work as expected when using complex tensors as parameters or buffers. Please file an issue at https://github.com/pytorch/pytorch/issues/new?template=bug-report.yml if a complex module does not work as expected.
  warnings.warn(
complex_sinh               100098      jet   13621    73.42   1.803e-05   1.426e-07    2.152e-03  (seed 1)
complex_sinh               100098      jet   13619    73.43   1.500e-05   3.841e-08    3.882e-04  (seed 2)
[ok] wrote /root/apolarity/experiments/results/jsc_v3/chirp_a2/complex_sinh_part_history.json  (3 traces)

[ok] wrote /root/apolarity/experiments/results/jsc_v3/chirp_a2/complex_sinh_part.csv
[run] /opt/apolarity-v3-venv/bin/python /root/apolarity/experiments/chirp/exp_chirp.py --sweeps 2 --bc-weight 0.1 --variants complex_sinh_autodiff --hidden 128 --depth 4 --seconds 1000.0 --seeds 3 --seed-start 0 --n-int 4096 --n-bc 512 --lr 0.001 --lr-schedule cosine --lr-final 0.0001 --history --history-every-steps 20 --history-eval-n 4096 --out /root/apolarity/experiments/results/jsc_v3/chirp_a2/complex_sinh_autodiff_part.csv
device=cuda hidden=128 depth=4 budget=1000.0s/run seeds=[0, 1, 2] lr_schedule=cosine

=== chirp_a2  (d=2, order=2, sweep=2.0, terms=2) ===
variant                    params       be   steps  ms/step        loss       L_int    rel_error
/opt/apolarity-v3-venv/lib64/python3.12/site-packages/torch/nn/modules/module.py:1310: UserWarning: Complex modules are a new feature under active development whose design may change, and some modules might not work as expected when using complex tensors as parameters or buffers. Please file an issue at https://github.com/pytorch/pytorch/issues/new?template=bug-report.yml if a complex module does not work as expected.
  warnings.warn(
complex_sinh_autodiff      100098 autograd    9832   101.72   1.651e-05   1.819e-07    1.197e-03  (seed 0)
/opt/apolarity-v3-venv/lib64/python3.12/site-packages/torch/nn/modules/module.py:1310: UserWarning: Complex modules are a new feature under active development whose design may change, and some modules might not work as expected when using complex tensors as parameters or buffers. Please file an issue at https://github.com/pytorch/pytorch/issues/new?template=bug-report.yml if a complex module does not work as expected.
  warnings.warn(
complex_sinh_autodiff      100098 autograd    9828   101.75   1.769e-05   3.068e-07    9.876e-04  (seed 1)
complex_sinh_autodiff      100098 autograd    9788   102.17   1.509e-05   6.639e-08    3.232e-04  (seed 2)
[ok] wrote /root/apolarity/experiments/results/jsc_v3/chirp_a2/complex_sinh_autodiff_part_history.json  (3 traces)

[ok] wrote /root/apolarity/experiments/results/jsc_v3/chirp_a2/complex_sinh_autodiff_part.csv
[complete] validated canonical bundle: /root/apolarity/experiments/results/jsc_v3/chirp_a2/chirp_a2
[end] chirp_a2 2026-08-06T13:22:30+08:00
