[run 1/50] poly_d2_o2 seed=0 war status=complete loss=6.658365506747266e-06 rel_error=0.00031815950743798105
[run 2/50] poly_d2_o2 seed=0 real_tanh_autodiff status=complete loss=4.873127933674017e-07 rel_error=0.0007410026322892768
[run 3/50] poly_d2_o2 seed=1 war status=complete loss=7.047206197702204e-06 rel_error=0.00012077170271658243
[run 4/50] poly_d2_o2 seed=1 real_tanh_autodiff status=complete loss=4.851402918356936e-07 rel_error=0.0003134987485568798
[run 5/50] poly_d2_o2 seed=2 war status=complete loss=6.3046580217998295e-06 rel_error=0.0005520989212060114
[run 6/50] poly_d2_o2 seed=2 real_tanh_autodiff status=complete loss=1.5327672207548811e-06 rel_error=0.000509719792943817
[run 7/50] poly_d2_o2 seed=3 war status=complete loss=7.150666512593387e-06 rel_error=0.0008812367985146603
[run 8/50] poly_d2_o2 seed=3 real_tanh_autodiff status=complete loss=8.366432987057301e-06 rel_error=0.004785182210611303
[run 9/50] poly_d2_o2 seed=4 war status=complete loss=6.592368039128097e-06 rel_error=0.0006268510637041858
[run 10/50] poly_d2_o2 seed=4 real_tanh_autodiff status=complete loss=2.940891290522715e-07 rel_error=0.00043699386808977817
[run 11/50] poly_d2_o4 seed=0 war status=complete loss=6.932086987764348e-06 rel_error=0.0001536614405965662
[run 12/50] poly_d2_o4 seed=0 real_tanh_autodiff status=complete loss=5.220965816823454e-05 rel_error=0.007781480245314884
[run 13/50] poly_d2_o4 seed=1 war status=complete loss=7.3810530818409e-06 rel_error=0.00014299436179837906
[run 14/50] poly_d2_o4 seed=1 real_tanh_autodiff status=complete loss=2.8855610633717294e-05 rel_error=0.004993989143467403
[run 15/50] poly_d2_o4 seed=2 war status=complete loss=6.692061532379435e-06 rel_error=0.00019698948561793818
[run 16/50] poly_d2_o4 seed=2 real_tanh_autodiff status=complete loss=0.00011147435672554251 rel_error=0.005225992323455946
[run 17/50] poly_d2_o4 seed=3 war status=complete loss=7.185956664389894e-06 rel_error=0.00010045600755553065
[run 18/50] poly_d2_o4 seed=3 real_tanh_autodiff status=complete loss=3.38964917188786e-05 rel_error=0.006553702787275927
[run 19/50] poly_d2_o4 seed=4 war status=complete loss=6.754235536349718e-06 rel_error=9.609560105933663e-05
[run 20/50] poly_d2_o4 seed=4 real_tanh_autodiff status=complete loss=1.0477667634502343e-05 rel_error=0.0031729515116770434
[run 21/50] poly_d2_o6 seed=0 war status=complete loss=2.7908583376324998e-05 rel_error=0.018018792753638616
[run 22/50] poly_d2_o6 seed=0 real_tanh_autodiff status=complete loss=0.16225356503549432 rel_error=0.6623492431133027
[run 23/50] poly_d2_o6 seed=1 war status=complete loss=3.322473274611912e-05 rel_error=0.10523199167938062
[run 24/50] poly_d2_o6 seed=1 real_tanh_autodiff status=complete loss=0.13503122470432782 rel_error=0.6522028145755114
[run 25/50] poly_d2_o6 seed=2 war status=complete loss=3.407325551592898e-05 rel_error=0.12457793548348098
[run 26/50] poly_d2_o6 seed=2 real_tanh_autodiff status=complete loss=0.16485743527301447 rel_error=1.07494437843342
[run 27/50] poly_d2_o6 seed=3 war status=complete loss=4.369734880164683e-05 rel_error=0.11443547924278015
[run 28/50] poly_d2_o6 seed=3 real_tanh_autodiff status=complete loss=0.1339598389029355 rel_error=1.3672443952414661
[run 29/50] poly_d2_o6 seed=4 war status=complete loss=2.901241785544236e-05 rel_error=0.0519693568333305
[run 30/50] poly_d2_o6 seed=4 real_tanh_autodiff status=complete loss=0.1443894977057169 rel_error=1.236607267837701
[run 31/50] cahn_hilliard_o4 seed=0 war status=complete loss=2.101335541459763e-05 rel_error=0.0006794860420280515
[run 32/50] cahn_hilliard_o4 seed=0 real_tanh_autodiff status=complete loss=0.0006581958177338053 rel_error=0.005688888471642778
[run 33/50] cahn_hilliard_o4 seed=1 war status=complete loss=0.0025839976269469954 rel_error=0.01024083548589561
[run 34/50] cahn_hilliard_o4 seed=1 real_tanh_autodiff status=complete loss=4.4397489902093206e-05 rel_error=0.000989877327573793
[run 35/50] cahn_hilliard_o4 seed=2 war status=complete loss=0.006446673550946136 rel_error=0.017302874901991158
[run 36/50] cahn_hilliard_o4 seed=2 real_tanh_autodiff status=complete loss=0.0005845693485687896 rel_error=0.005429439118092152
[run 37/50] cahn_hilliard_o4 seed=3 war status=complete loss=4.088211158866161e-05 rel_error=0.0008696381065760575
[run 38/50] cahn_hilliard_o4 seed=3 real_tanh_autodiff status=complete loss=0.00014814250448443345 rel_error=0.0014631682343493007
[run 39/50] cahn_hilliard_o4 seed=4 war status=complete loss=0.0006400922957653113 rel_error=0.004976537131841398
[run 40/50] cahn_hilliard_o4 seed=4 real_tanh_autodiff status=complete loss=5.097898925145383e-05 rel_error=0.0012740551555362252
[run 41/50] cahn_hilliard_o6 seed=0 war status=complete loss=3.701223772167479e-05 rel_error=0.004586028019021645
[run 42/50] cahn_hilliard_o6 seed=0 real_tanh_autodiff status=complete loss=0.0007919278934329946 rel_error=0.01376919653300535
[run 43/50] cahn_hilliard_o6 seed=1 war status=complete loss=4.547161675095161e-05 rel_error=0.003568302255676212
[run 44/50] cahn_hilliard_o6 seed=1 real_tanh_autodiff status=complete loss=0.0009525931204196286 rel_error=0.02175582793874112
[run 45/50] cahn_hilliard_o6 seed=2 war status=complete loss=4.7361062811162355e-05 rel_error=0.0029342495063066844
[run 46/50] cahn_hilliard_o6 seed=2 real_tanh_autodiff status=complete loss=0.0009428748124157795 rel_error=0.0188286086862436
[run 47/50] cahn_hilliard_o6 seed=3 war status=complete loss=3.0065207512691876e-05 rel_error=0.0019817357046564865
[run 48/50] cahn_hilliard_o6 seed=3 real_tanh_autodiff status=complete loss=0.0009851234517620309 rel_error=0.011781543918504785
[run 49/50] cahn_hilliard_o6 seed=4 war status=complete loss=5.514273926109293e-05 rel_error=0.0018825213939984797
[run 50/50] cahn_hilliard_o6 seed=4 real_tanh_autodiff status=complete loss=0.0006684771184364657 rel_error=0.013143350760356247
