===== omega0=4 =====
device=cuda hidden=32 depth=4 budget=50.0s/run seeds=1 lr_schedule=cosine

=== polyharm_o6  (d=2, order=6, sweep=6.0, terms=4) ===
variant                params       be   steps  ms/step  peakMB      L_int      L2_err
/root/miniconda3/envs/emlnn/lib/python3.11/site-packages/torch/nn/modules/module.py:1310: UserWarning: Complex modules are a new feature under active development whose design may change, and some modules might not work as expected when using complex tensors as parameters or buffers. Please file an issue at https://github.com/pytorch/pytorch/issues/new?template=bug-report.yml if a complex module does not work as expected.
  warnings.warn(
complex_sinh             6594      jet     274   183.17    1493   2.45e-01   9.960e-01  (seed 0)

=== polyharm_o8  (d=2, order=8, sweep=8.0, terms=5) ===
variant                params       be   steps  ms/step  peakMB      L_int      L2_err
/root/miniconda3/envs/emlnn/lib/python3.11/site-packages/torch/nn/modules/module.py:1310: UserWarning: Complex modules are a new feature under active development whose design may change, and some modules might not work as expected when using complex tensors as parameters or buffers. Please file an issue at https://github.com/pytorch/pytorch/issues/new?template=bug-report.yml if a complex module does not work as expected.
  warnings.warn(
complex_sinh             6594      jet     110   456.41    3364   2.47e-01   1.001e+00  (seed 0)

[ok] wrote results/diag/poly_om4.csv
===== omega0=6 =====
device=cuda hidden=32 depth=4 budget=50.0s/run seeds=1 lr_schedule=cosine

=== polyharm_o6  (d=2, order=6, sweep=6.0, terms=4) ===
variant                params       be   steps  ms/step  peakMB      L_int      L2_err
/root/miniconda3/envs/emlnn/lib/python3.11/site-packages/torch/nn/modules/module.py:1310: UserWarning: Complex modules are a new feature under active development whose design may change, and some modules might not work as expected when using complex tensors as parameters or buffers. Please file an issue at https://github.com/pytorch/pytorch/issues/new?template=bug-report.yml if a complex module does not work as expected.
  warnings.warn(
complex_sinh             6594      jet     225   223.35    1493   2.37e-01   9.812e-01  (seed 0)

=== polyharm_o8  (d=2, order=8, sweep=8.0, terms=5) ===
variant                params       be   steps  ms/step  peakMB      L_int      L2_err
/root/miniconda3/envs/emlnn/lib/python3.11/site-packages/torch/nn/modules/module.py:1310: UserWarning: Complex modules are a new feature under active development whose design may change, and some modules might not work as expected when using complex tensors as parameters or buffers. Please file an issue at https://github.com/pytorch/pytorch/issues/new?template=bug-report.yml if a complex module does not work as expected.
  warnings.warn(
complex_sinh             6594      jet     106   475.63    3364   2.44e-01   9.994e-01  (seed 0)

[ok] wrote results/diag/poly_om6.csv
===== omega0=8 =====
device=cuda hidden=32 depth=4 budget=50.0s/run seeds=1 lr_schedule=cosine

=== polyharm_o6  (d=2, order=6, sweep=6.0, terms=4) ===
variant                params       be   steps  ms/step  peakMB      L_int      L2_err
/root/miniconda3/envs/emlnn/lib/python3.11/site-packages/torch/nn/modules/module.py:1310: UserWarning: Complex modules are a new feature under active development whose design may change, and some modules might not work as expected when using complex tensors as parameters or buffers. Please file an issue at https://github.com/pytorch/pytorch/issues/new?template=bug-report.yml if a complex module does not work as expected.
  warnings.warn(
complex_sinh             6594      jet     253   197.96    1493   2.09e-01   9.225e-01  (seed 0)

=== polyharm_o8  (d=2, order=8, sweep=8.0, terms=5) ===
variant                params       be   steps  ms/step  peakMB      L_int      L2_err
/root/miniconda3/envs/emlnn/lib/python3.11/site-packages/torch/nn/modules/module.py:1310: UserWarning: Complex modules are a new feature under active development whose design may change, and some modules might not work as expected when using complex tensors as parameters or buffers. Please file an issue at https://github.com/pytorch/pytorch/issues/new?template=bug-report.yml if a complex module does not work as expected.
  warnings.warn(
complex_sinh             6594      jet     103   489.91    3364   2.47e-01   9.994e-01  (seed 0)

[ok] wrote results/diag/poly_om8.csv
