device=cuda hidden=32 depth=4 budget=70.0s/run seeds=1 lr_schedule=cosine

=== polyharm1d_o6  (d=1, order=6, sweep=6.0, terms=1) ===
variant                params       be   steps  ms/step  peakMB      L_int      L2_err
/root/miniconda3/envs/emlnn/lib/python3.11/site-packages/torch/nn/modules/module.py:1310: UserWarning: Complex modules are a new feature under active development whose design may change, and some modules might not work as expected when using complex tensors as parameters or buffers. Please file an issue at https://github.com/pytorch/pytorch/issues/new?template=bug-report.yml if a complex module does not work as expected.
  warnings.warn(
complex_sinh             6530      jet    4258    16.44     207   4.52e-06   7.103e-02  (seed 0)
fourier                  8281      jet    2685    26.07     267   3.75e-01   8.807e-01  (seed 0)
real_sinh                6346      jet    2593    27.00     266   4.89e-01   9.999e-01  (seed 0)

=== polyharm1d_o8  (d=1, order=8, sweep=8.0, terms=1) ===
variant                params       be   steps  ms/step  peakMB      L_int      L2_err
/root/miniconda3/envs/emlnn/lib/python3.11/site-packages/torch/nn/modules/module.py:1310: UserWarning: Complex modules are a new feature under active development whose design may change, and some modules might not work as expected when using complex tensors as parameters or buffers. Please file an issue at https://github.com/pytorch/pytorch/issues/new?template=bug-report.yml if a complex module does not work as expected.
  warnings.warn(
complex_sinh             6530      jet    2721    25.73     249   8.08e-04   2.964e-01  (seed 0)
fourier                  8281      jet    1810    38.70     322   1.11e+01   9.619e-01  (seed 0)
real_sinh                6346      jet    1741    40.23     324   4.90e-01   1.000e+00  (seed 0)

=== polyharm1d_o10  (d=1, order=10, sweep=10.0, terms=1) ===
variant                params       be   steps  ms/step  peakMB      L_int      L2_err
complex_sinh             6530      jet    1798    38.96     300   4.96e-01   1.007e+00  (seed 0)
fourier                  8281      jet    1298    53.95     395   3.55e+05   9.642e-01  (seed 0)
real_sinh                6346      jet    1221    57.35     397   6.21e-01   9.894e-01  (seed 0)

[ok] wrote results/diag/poly1d_check.csv
