device=cuda hidden=32 depth=4 budget=60.0s/run seeds=3 lr_schedule=cosine

=== helmvc_a2  (d=2, order=2, sweep=2.0, terms=2) ===
variant                params       be   steps  ms/step  peakMB      L_int      L2_err
/root/miniconda3/envs/emlnn/lib/python3.11/site-packages/torch/nn/modules/module.py:1310: UserWarning: Complex modules are a new feature under active development whose design may change, and some modules might not work as expected when using complex tensors as parameters or buffers. Please file an issue at https://github.com/pytorch/pytorch/issues/new?template=bug-report.yml if a complex module does not work as expected.
  warnings.warn(
complex_sinh             6594      jet    5686    10.55     183   8.65e-05   1.889e-01  (seed 0)
fourier                  8281      jet    3289    18.25     222   2.71e-04   3.417e-01  (seed 0)
siren                    6391      jet    3236    18.55     223   2.54e-04   2.467e-01  (seed 0)
mscale                   6633      jet    2433    24.67     330   6.60e-02   9.994e-01  (seed 0)
/root/miniconda3/envs/emlnn/lib/python3.11/site-packages/torch/nn/modules/module.py:1310: UserWarning: Complex modules are a new feature under active development whose design may change, and some modules might not work as expected when using complex tensors as parameters or buffers. Please file an issue at https://github.com/pytorch/pytorch/issues/new?template=bug-report.yml if a complex module does not work as expected.
  warnings.warn(
complex_sinh             6594      jet    5680    10.56     183   1.08e-04   3.380e-01  (seed 1)
fourier                  8281      jet    3293    18.23     222   2.75e-04   1.641e-01  (seed 1)
siren                    6391      jet    3230    18.58     223   2.68e-04   3.293e-01  (seed 1)
mscale                   6633      jet    2424    24.76     330   6.55e-02   9.996e-01  (seed 1)
complex_sinh             6594      jet    5649    10.62     183   1.81e-04   5.492e-01  (seed 2)
fourier                  8281      jet    3291    18.24     222   2.03e-04   1.258e-01  (seed 2)
siren                    6391      jet    3229    18.59     223   2.62e-04   3.683e-01  (seed 2)
mscale                   6633      jet    2413    24.87     330   6.67e-02   9.995e-01  (seed 2)

=== helmvc_a4  (d=2, order=2, sweep=4.0, terms=2) ===
variant                params       be   steps  ms/step  peakMB      L_int      L2_err
complex_sinh             6594      jet    5665    10.59     183   1.37e-03   3.211e-01  (seed 0)
fourier                  8281      jet    3282    18.29     222   4.19e-03   5.278e-01  (seed 0)
siren                    6391      jet    3218    18.65     223   2.07e-03   4.628e-01  (seed 0)
mscale                   6633      jet    2419    24.82     330   6.57e-02   1.000e+00  (seed 0)
complex_sinh             6594      jet    5610    10.70     183   2.28e-03   4.744e-01  (seed 1)
fourier                  8281      jet    3268    18.37     222   3.87e-03   4.616e-01  (seed 1)
siren                    6391      jet    3195    18.78     223   1.84e-03   4.428e-01  (seed 1)
mscale                   6633      jet    2394    25.07     330   6.85e-02   1.000e+00  (seed 1)
complex_sinh             6594      jet    5496    10.92     183   3.34e-03   5.957e-01  (seed 2)
fourier                  8281      jet    3249    18.47     222   7.27e-03   6.464e-01  (seed 2)
siren                    6391      jet    3196    18.78     223   1.69e-03   4.059e-01  (seed 2)
mscale                   6633      jet    2429    24.71     330   6.84e-02   9.999e-01  (seed 2)

=== helmvc_a6  (d=2, order=2, sweep=6.0, terms=2) ===
variant                params       be   steps  ms/step  peakMB      L_int      L2_err
complex_sinh             6594      jet    5662    10.60     183   9.70e-03   6.958e-01  (seed 0)
fourier                  8281      jet    3291    18.24     222   5.67e-03   8.603e-01  (seed 0)
siren                    6391      jet    3238    18.53     223   1.92e-03   8.608e-01  (seed 0)
mscale                   6633      jet    2436    24.64     330   6.43e-02   1.000e+00  (seed 0)
complex_sinh             6594      jet    5676    10.57     183   1.02e-02   7.263e-01  (seed 1)
fourier                  8281      jet    3291    18.23     222   4.55e-03   8.923e-01  (seed 1)
siren                    6391      jet    3238    18.54     223   1.56e-03   8.395e-01  (seed 1)
mscale                   6633      jet    2436    24.64     330   6.80e-02   1.000e+00  (seed 1)
complex_sinh             6594      jet    5665    10.59     183   1.10e-02   7.128e-01  (seed 2)
fourier                  8281      jet    3293    18.22     222   7.48e-03   8.630e-01  (seed 2)
siren                    6391      jet    3239    18.53     223   2.28e-03   7.217e-01  (seed 2)
mscale                   6633      jet    2430    24.70     330   6.59e-02   1.000e+00  (seed 2)

[ok] wrote results/helmvc_v3.csv
