device=cuda hidden=32 depth=4 budget=85.0s/run seeds=3 lr_schedule=cosine

=== polyharm1d_o2  (d=1, order=2, sweep=2.0, terms=1) ===
variant                params       be   steps  ms/step  peakMB      L_int      L2_err
/root/miniconda3/envs/emlnn/lib/python3.11/site-packages/torch/nn/modules/module.py:1310: UserWarning: Complex modules are a new feature under active development whose design may change, and some modules might not work as expected when using complex tensors as parameters or buffers. Please file an issue at https://github.com/pytorch/pytorch/issues/new?template=bug-report.yml if a complex module does not work as expected.
  warnings.warn(
complex_sinh             6530      jet   17409     4.88     127   4.70e-07   5.901e-05  (seed 0)
fourier                  8281      jet    9818     8.66     153   7.48e-07   2.157e-04  (seed 0)
siren                    6346      jet    9731     8.74     153   5.45e-07   4.619e-04  (seed 0)
mscale                   6555      jet    7494    11.34     197   8.67e-06   2.379e-04  (seed 0)
real_sinh                6346      jet    9620     8.84     153   6.70e-02   2.550e-01  (seed 0)
/root/miniconda3/envs/emlnn/lib/python3.11/site-packages/torch/nn/modules/module.py:1310: UserWarning: Complex modules are a new feature under active development whose design may change, and some modules might not work as expected when using complex tensors as parameters or buffers. Please file an issue at https://github.com/pytorch/pytorch/issues/new?template=bug-report.yml if a complex module does not work as expected.
  warnings.warn(
complex_sinh             6530      jet   17375     4.89     127   6.39e-08   1.703e-05  (seed 1)
fourier                  8281      jet    9828     8.65     153   8.08e-07   2.003e-04  (seed 1)
siren                    6346      jet    9702     8.76     153   1.35e-06   1.279e-04  (seed 1)
mscale                   6555      jet    7502    11.33     197   2.57e-06   3.256e-04  (seed 1)
real_sinh                6346      jet    9603     8.85     153   1.25e-02   6.406e-02  (seed 1)
complex_sinh             6530      jet   17271     4.92     127   6.34e-07   4.848e-05  (seed 2)
fourier                  8281      jet    9817     8.66     153   9.78e-07   2.829e-04  (seed 2)
siren                    6346      jet    9717     8.75     153   1.65e-06   4.964e-05  (seed 2)
mscale                   6555      jet    7517    11.31     197   4.06e-06   3.642e-04  (seed 2)
real_sinh                6346      jet    9610     8.85     153   1.30e-02   1.146e-01  (seed 2)

=== polyharm1d_o4  (d=1, order=4, sweep=4.0, terms=1) ===
variant                params       be   steps  ms/step  peakMB      L_int      L2_err
complex_sinh             6530      jet    8470    10.04     167   1.38e-06   3.049e-03  (seed 0)
fourier                  8281      jet    5145    16.52     210   1.15e-05   1.122e-02  (seed 0)
siren                    6346      jet    5042    16.86     211   1.71e-05   6.175e-02  (seed 0)
mscale                   6555      jet    3325    25.57     284   9.49e-06   7.038e-03  (seed 0)
real_sinh                6346      jet    5035    16.88     211   3.76e-01   9.310e-01  (seed 0)
complex_sinh             6530      jet    8469    10.04     167   1.45e-06   1.827e-03  (seed 1)
fourier                  8281      jet    5143    16.53     210   1.73e-05   1.115e-02  (seed 1)
siren                    6346      jet    5058    16.81     211   5.29e-05   1.699e-02  (seed 1)
mscale                   6555      jet    3327    25.55     284   1.19e-04   1.692e-01  (seed 1)
real_sinh                6346      jet    5036    16.88     211   3.74e-01   8.224e-01  (seed 1)
complex_sinh             6530      jet    8462    10.05     167   2.21e-07   1.209e-03  (seed 2)
fourier                  8281      jet    5140    16.54     210   1.22e-05   1.377e-02  (seed 2)
siren                    6346      jet    5060    16.80     211   1.36e-05   1.589e-02  (seed 2)
mscale                   6555      jet    3319    25.62     284   2.26e-05   2.865e-02  (seed 2)
real_sinh                6346      jet    4995    17.02     211   4.24e-01   8.821e-01  (seed 2)

=== polyharm1d_o6  (d=1, order=6, sweep=6.0, terms=1) ===
variant                params       be   steps  ms/step  peakMB      L_int      L2_err
complex_sinh             6530      jet    5123    16.60     207   3.81e-06   7.909e-02  (seed 0)
fourier                  8281      jet    3241    26.23     268   3.17e-01   8.083e-01  (seed 0)
siren                    6346      jet    3106    27.38     267   4.27e-01   9.382e-01  (seed 0)
mscale                   6555      jet    1839    46.23     395   6.73e-04   2.470e-01  (seed 0)
real_sinh                6346      jet    3076    27.64     267   4.88e-01   9.995e-01  (seed 0)
complex_sinh             6530      jet    4896    17.36     207   1.51e-05   2.449e-01  (seed 1)
fourier                  8281      jet    3191    26.65     268   4.94e-01   9.924e-01  (seed 1)
siren                    6346      jet    3081    27.60     267   5.31e-01   1.011e+00  (seed 1)
mscale                   6555      jet    1887    45.07     395   3.67e-04   1.149e-01  (seed 1)
real_sinh                6346      jet    3143    27.05     267   4.99e-01   9.941e-01  (seed 1)
complex_sinh             6530      jet    5133    16.56     207   1.37e-05   1.012e-01  (seed 2)
fourier                  8281      jet    3244    26.21     268   4.08e-02   2.694e-01  (seed 2)
siren                    6346      jet    3147    27.02     267   4.46e-01   9.498e-01  (seed 2)
mscale                   6555      jet    1909    44.53     395   2.16e-04   1.382e-02  (seed 2)
real_sinh                6346      jet    3141    27.07     267   4.98e-01   9.968e-01  (seed 2)

=== polyharm1d_o8  (d=1, order=8, sweep=8.0, terms=1) ===
variant                params       be   steps  ms/step  peakMB      L_int      L2_err
complex_sinh             6530      jet    3289    25.85     249   1.70e-04   2.747e-01  (seed 0)
fourier                  8281      jet    2193    38.77     323   8.98e+00   9.618e-01  (seed 0)
siren                    6346      jet    2115    40.21     324   7.41e+00   1.015e+00  (seed 0)
mscale                   6555      jet    1186    71.70     511   2.30e-01   7.012e-01  (seed 0)
real_sinh                6346      jet    2100    40.48     324   4.90e-01   1.000e+00  (seed 0)
complex_sinh             6530      jet    3289    25.85     249   9.61e-05   2.320e-01  (seed 1)
fourier                  8281      jet    2194    38.75     323   5.15e+01   1.004e+00  (seed 1)
siren                    6346      jet    2096    40.56     324   2.25e+02   1.035e+00  (seed 1)
mscale                   6555      jet    1182    71.93     511   4.84e-02   2.984e-01  (seed 1)
real_sinh                6346      jet    2102    40.45     324   5.03e-01   9.999e-01  (seed 1)
complex_sinh             6530      jet    3292    25.83     249   1.90e-04   1.354e-01  (seed 2)
fourier                  8281      jet    2196    38.73     323   8.21e-01   1.037e+00  (seed 2)
siren                    6346      jet    2106    40.37     324   1.80e+01   9.559e-01  (seed 2)
mscale                   6555      jet    1188    71.58     511   1.88e-02   2.238e-01  (seed 2)
real_sinh                6346      jet    2109    40.32     324   5.00e-01   1.000e+00  (seed 2)

=== polyharm1d_o10  (d=1, order=10, sweep=10.0, terms=1) ===
variant                params       be   steps  ms/step  peakMB      L_int      L2_err
complex_sinh             6530      jet    2170    39.18     300   4.94e-01   1.006e+00  (seed 0)
fourier                  8281      jet    1578    53.88     394   2.58e+05   9.645e-01  (seed 0)
siren                    6346      jet    1477    57.57     394   8.19e+04   1.012e+00  (seed 0)
mscale                   6555      jet     771   110.31     637   4.94e+00   1.011e+00  (seed 0)
real_sinh                6346      jet    1487    57.19     394   6.01e-01   9.904e-01  (seed 0)
complex_sinh             6530      jet    2174    39.11     300   5.00e-01   9.994e-01  (seed 1)
fourier                  8281      jet    1577    53.93     394   1.07e+06   1.003e+00  (seed 1)
siren                    6346      jet    1488    57.16     394   2.69e+06   1.020e+00  (seed 1)
mscale                   6555      jet     769   110.65     637   5.11e-01   9.740e-01  (seed 1)
real_sinh                6346      jet    1477    57.56     394   5.04e-01   9.988e-01  (seed 1)
complex_sinh             6530      jet    2177    39.05     300   4.79e-01   9.798e-01  (seed 2)
fourier                  8281      jet    1571    54.14     394   7.74e+03   1.040e+00  (seed 2)
siren                    6346      jet    1462    58.15     394   2.48e+05   9.834e-01  (seed 2)
mscale                   6555      jet     762   111.58     637   1.78e+00   1.008e+00  (seed 2)
real_sinh                6346      jet    1458    58.34     394   5.00e-01   9.999e-01  (seed 2)

[ok] wrote results/poly1d_v3.csv
