device=cuda hidden=32 depth=4 budget=80.0s/run seeds=3 lr_schedule=cosine

=== helmholtz_a2  (d=2, order=2, sweep=2.0, terms=2) ===
variant                params       be   steps  ms/step  peakMB      L_int      L2_err
/root/apolenv/lib/python3.11/site-packages/torch/nn/modules/module.py:1310: UserWarning: Complex modules are a new feature under active development whose design may change, and some modules might not work as expected when using complex tensors as parameters or buffers. Please file an issue at https://github.com/pytorch/pytorch/issues/new?template=bug-report.yml if a complex module does not work as expected.
  warnings.warn(
complex_sinh             6594      jet    7602    10.53     183   4.17e-05   3.030e-02  (seed 0)
fourier                  8281      jet    4408    18.15     222   2.74e-04   2.226e-01  (seed 0)
siren                    6391      jet    4338    18.44     223   1.59e-04   7.331e-02  (seed 0)
/root/apolenv/lib/python3.11/site-packages/torch/nn/modules/module.py:1310: UserWarning: Complex modules are a new feature under active development whose design may change, and some modules might not work as expected when using complex tensors as parameters or buffers. Please file an issue at https://github.com/pytorch/pytorch/issues/new?template=bug-report.yml if a complex module does not work as expected.
  warnings.warn(
complex_sinh             6594      jet    7638    10.47     183   9.38e-05   6.694e-02  (seed 1)
fourier                  8281      jet    4409    18.15     222   1.40e-04   6.129e-02  (seed 1)
siren                    6391      jet    4331    18.48     223   1.34e-04   6.209e-02  (seed 1)
complex_sinh             6594      jet    7608    10.52     183   5.74e-05   5.091e-02  (seed 2)
fourier                  8281      jet    4413    18.13     222   1.31e-04   9.800e-02  (seed 2)
siren                    6391      jet    4347    18.41     223   1.50e-04   4.435e-02  (seed 2)

=== helmholtz_a4  (d=2, order=2, sweep=4.0, terms=2) ===
variant                params       be   steps  ms/step  peakMB      L_int      L2_err
complex_sinh             6594      jet    7618    10.50     183   4.78e-04   3.649e-01  (seed 0)
fourier                  8281      jet    4410    18.14     222   3.14e-03   4.740e-01  (seed 0)
siren                    6391      jet    4345    18.42     223   1.04e-03   3.036e-01  (seed 0)
complex_sinh             6594      jet    7632    10.48     183   9.65e-04   2.460e-01  (seed 1)
fourier                  8281      jet    4413    18.13     222   2.34e-03   3.779e-01  (seed 1)
siren                    6391      jet    4345    18.41     223   9.21e-04   3.683e-01  (seed 1)
complex_sinh             6594      jet    7601    10.53     183   1.30e-03   3.023e-01  (seed 2)
fourier                  8281      jet    4346    18.41     222   4.99e-03   5.868e-01  (seed 2)
siren                    6391      jet    4277    18.71     223   9.49e-04   2.253e-01  (seed 2)

=== helmholtz_a6  (d=2, order=2, sweep=6.0, terms=2) ===
variant                params       be   steps  ms/step  peakMB      L_int      L2_err
complex_sinh             6594      jet    7356    10.88     183   5.87e-03   4.990e-01  (seed 0)
fourier                  8281      jet    4345    18.42     222   2.56e-03   8.343e-01  (seed 0)
siren                    6391      jet    4315    18.54     223   5.88e-04   8.223e-01  (seed 0)
complex_sinh             6594      jet    7573    10.56     183   7.04e-03   5.947e-01  (seed 1)
fourier                  8281      jet    4386    18.24     222   1.49e-03   8.662e-01  (seed 1)
siren                    6391      jet    4322    18.52     223   4.07e-04   8.132e-01  (seed 1)
complex_sinh             6594      jet    7545    10.60     183   7.66e-03   6.056e-01  (seed 2)
fourier                  8281      jet    4383    18.26     222   3.52e-03   8.556e-01  (seed 2)
siren                    6391      jet    4318    18.53     223   6.52e-04   7.121e-01  (seed 2)

=== helmholtz_a8  (d=2, order=2, sweep=8.0, terms=2) ===
variant                params       be   steps  ms/step  peakMB      L_int      L2_err
complex_sinh             6594      jet    7442    10.75     183   1.13e-02   5.486e-01  (seed 0)
fourier                  8281      jet    4369    18.31     222   9.60e-04   9.144e-01  (seed 0)
siren                    6391      jet    4286    18.67     223   1.85e-04   9.156e-01  (seed 0)
complex_sinh             6594      jet    7511    10.65     183   1.53e-02   6.803e-01  (seed 1)
fourier                  8281      jet    4383    18.25     222   3.08e-04   9.492e-01  (seed 1)
siren                    6391      jet    4316    18.54     223   9.47e-05   9.380e-01  (seed 1)
complex_sinh             6594      jet    7519    10.64     183   1.90e-02   6.682e-01  (seed 2)
fourier                  8281      jet    4377    18.28     222   2.50e-03   8.967e-01  (seed 2)
siren                    6391      jet    4303    18.60     223   2.74e-04   9.041e-01  (seed 2)

=== helmholtz_a10  (d=2, order=2, sweep=10.0, terms=2) ===
variant                params       be   steps  ms/step  peakMB      L_int      L2_err
complex_sinh             6594      jet    7421    10.78     183   2.02e-02   7.755e-01  (seed 0)
fourier                  8281      jet    4369    18.31     222   5.55e-04   9.861e-01  (seed 0)
siren                    6391      jet    4320    18.52     223   1.77e-04   9.830e-01  (seed 0)
complex_sinh             6594      jet    7515    10.65     183   2.26e-02   7.491e-01  (seed 1)
fourier                  8281      jet    4365    18.33     222   3.28e-04   9.860e-01  (seed 1)
siren                    6391      jet    4312    18.56     223   6.68e-05   9.833e-01  (seed 1)
complex_sinh             6594      jet    7333    10.91     183   2.49e-02   7.609e-01  (seed 2)
fourier                  8281      jet    4340    18.44     222   1.37e-03   9.539e-01  (seed 2)
siren                    6391      jet    4298    18.62     223   9.93e-05   9.746e-01  (seed 2)

[ok] wrote results/helmholtz_highk_v2.csv
