device=cuda hidden=32 depth=4 budget=70.0s seeds=2 lr_schedule=cosine

=== ch4_a2 (order=4, a=2) ===
variant           params  steps  ms/step      L_int      L2_err
/root/miniconda3/envs/emlnn/lib/python3.11/site-packages/torch/nn/modules/module.py:1310: UserWarning: Complex modules are a new feature under active development whose design may change, and some modules might not work as expected when using complex tensors as parameters or buffers. Please file an issue at https://github.com/pytorch/pytorch/issues/new?template=bug-report.yml if a complex module does not work as expected.
  warnings.warn(
complex_sinh        6594   3192    21.93   9.55e-03   3.251e-01  (seed 0)
fourier             8281   1880    37.25   6.29e-03   4.167e-01  (seed 0)
siren               6391   1796    39.00   2.27e-02   6.401e-01  (seed 0)
mscale              6633   1235    56.70   1.30e-01   1.578e+00  (seed 0)
/root/miniconda3/envs/emlnn/lib/python3.11/site-packages/torch/nn/modules/module.py:1310: UserWarning: Complex modules are a new feature under active development whose design may change, and some modules might not work as expected when using complex tensors as parameters or buffers. Please file an issue at https://github.com/pytorch/pytorch/issues/new?template=bug-report.yml if a complex module does not work as expected.
  warnings.warn(
complex_sinh        6594   3191    21.94   3.07e-03   5.646e-01  (seed 1)
fourier             8281   1880    37.25   6.02e-03   3.135e-01  (seed 1)
siren               6391   1791    39.11   2.18e-02   4.697e-01  (seed 1)
mscale              6633   1226    57.13   1.21e-01   1.011e+00  (seed 1)

=== ch4_a3 (order=4, a=3) ===
variant           params  steps  ms/step      L_int      L2_err
complex_sinh        6594   3145    22.26   1.83e-02   3.744e-01  (seed 0)
fourier             8281   1861    37.63   2.71e-02   6.125e-01  (seed 0)
siren               6391   1778    39.38   6.07e-02   7.244e-01  (seed 0)
mscale              6633   1237    56.61   3.05e-01   1.773e+00  (seed 0)
complex_sinh        6594   3186    21.98   6.29e-03   4.454e-01  (seed 1)
fourier             8281   1880    37.24   3.13e-02   5.672e-01  (seed 1)
siren               6391   1794    39.04   8.03e-02   8.117e-01  (seed 1)
mscale              6633   1235    56.74   3.04e-01   1.240e+00  (seed 1)

=== ch6_a2 (order=6, a=2) ===
variant           params  steps  ms/step      L_int      L2_err
complex_sinh        6594   2002    34.97   3.63e-02   5.249e-01  (seed 0)
fourier             8281   1154    60.70   5.56e-01   7.211e-01  (seed 0)
siren               6391   1103    63.54   5.10e+00   9.823e-01  (seed 0)
mscale              6633    737    95.09   2.60e-01   1.524e+00  (seed 0)
complex_sinh        6594   1994    35.13   2.14e-02   5.953e-01  (seed 1)
fourier             8281   1154    60.71   2.35e+00   8.833e-01  (seed 1)
siren               6391   1103    63.53   1.70e+00   9.662e-01  (seed 1)
mscale              6633    745    94.08   2.49e-01   1.134e+00  (seed 1)

=== ch6_a3 (order=6, a=3) ===
variant           params  steps  ms/step      L_int      L2_err
complex_sinh        6594   2007    34.88   8.15e-02   6.707e-01  (seed 0)
fourier             8281   1154    60.69   8.80e-01   8.519e-01  (seed 0)
siren               6391   1103    63.54   2.64e+00   9.990e-01  (seed 0)
mscale              6633    744    94.18   4.01e-01   1.694e+00  (seed 0)
complex_sinh        6594   1998    35.04   5.97e-02   9.977e-01  (seed 1)
fourier             8281   1154    60.71   3.72e+00   9.692e-01  (seed 1)
siren               6391   1097    63.87   3.26e+00   9.997e-01  (seed 1)
mscale              6633    744    94.23   3.71e-01   1.445e+00  (seed 1)

[ok] wrote results/cahn_hilliard_v3.csv
