device=cuda hidden=32 depth=4 budget=60.0s seeds=2

=== ch4_a2 (order=4, a=2) ===
variant           params  steps  ms/step      L_int      L2_err
/root/apolenv/lib/python3.11/site-packages/torch/nn/modules/module.py:1310: UserWarning: Complex modules are a new feature under active development whose design may change, and some modules might not work as expected when using complex tensors as parameters or buffers. Please file an issue at https://github.com/pytorch/pytorch/issues/new?template=bug-report.yml if a complex module does not work as expected.
  warnings.warn(
complex_sinh        6594   2722    22.05   2.68e-03   2.923e-01  (seed 0)
fourier             8281   1594    37.67   4.44e-03   4.054e-01  (seed 0)
siren               6391   1523    39.41   8.03e-03   6.425e-01  (seed 0)
mscale              6633   1050    57.17   9.33e-02   1.689e+00  (seed 0)
tanh                6391   1527    39.31   5.92e-01   1.749e+00  (seed 0)
real_sinh           6391   1510    39.76   8.36e-01   1.058e+00  (seed 0)
/root/apolenv/lib/python3.11/site-packages/torch/nn/modules/module.py:1310: UserWarning: Complex modules are a new feature under active development whose design may change, and some modules might not work as expected when using complex tensors as parameters or buffers. Please file an issue at https://github.com/pytorch/pytorch/issues/new?template=bug-report.yml if a complex module does not work as expected.
  warnings.warn(
complex_sinh        6594   2727    22.01   1.81e-03   5.548e-01  (seed 1)
fourier             8281   1607    37.36   2.87e-03   3.054e-01  (seed 1)
siren               6391   1533    39.17   6.22e-03   4.134e-01  (seed 1)
mscale              6633   1053    57.00   7.79e-02   1.042e+00  (seed 1)
tanh                6391   1526    39.33   7.49e-01   1.722e+00  (seed 1)
real_sinh           6391   1507    39.85   2.48e-01   9.281e-01  (seed 1)

=== ch4_a3 (order=4, a=3) ===
variant           params  steps  ms/step      L_int      L2_err
complex_sinh        6594   2674    22.45   6.06e-03   3.027e-01  (seed 0)
fourier             8281   1600    37.53   1.48e-02   5.939e-01  (seed 0)
siren               6391   1526    39.35   2.35e-02   6.794e-01  (seed 0)
mscale              6633   1047    57.34   2.67e-01   1.862e+00  (seed 0)
tanh                6391   1528    39.28   4.52e-01   2.873e+00  (seed 0)
real_sinh           6391   1511    39.73   2.45e-01   1.000e+00  (seed 0)
complex_sinh        6594   2730    21.99   4.41e-03   4.074e-01  (seed 1)
fourier             8281   1609    37.31   1.73e-02   5.103e-01  (seed 1)
siren               6391   1535    39.10   3.70e-02   7.368e-01  (seed 1)
mscale              6633   1056    56.85   2.44e-01   1.271e+00  (seed 1)
tanh                6391   1523    39.41   8.34e-01   1.722e+00  (seed 1)
real_sinh           6391   1505    39.88   3.02e-01   1.004e+00  (seed 1)

=== ch6_a2 (order=6, a=2) ===
variant           params  steps  ms/step      L_int      L2_err
complex_sinh        6594   1703    35.24   2.29e-02   4.296e-01  (seed 0)
fourier             8281    987    60.85   3.21e-01   6.996e-01  (seed 0)
siren               6391    944    63.62   3.12e+00   9.771e-01  (seed 0)
mscale              6633    635    94.63   2.35e-01   1.475e+00  (seed 0)
tanh                6391    945    63.55   8.93e-01   2.698e+00  (seed 0)
real_sinh           6391    932    64.43   2.91e-01   1.064e+00  (seed 0)
complex_sinh        6594   1704    35.22   1.12e-02   5.604e-01  (seed 1)
fourier             8281    989    60.75   7.31e-01   8.909e-01  (seed 1)
siren               6391    943    63.66   7.07e-01   9.644e-01  (seed 1)
mscale              6633    633    94.92   2.06e-01   1.120e+00  (seed 1)
tanh                6391    938    64.06   8.30e-01   1.713e+00  (seed 1)
real_sinh           6391    931    64.50   2.51e-01   9.871e-01  (seed 1)

=== ch6_a3 (order=6, a=3) ===
variant           params  steps  ms/step      L_int      L2_err
complex_sinh        6594   1695    35.41   4.31e-02   5.634e-01  (seed 0)
fourier             8281    988    60.75   4.47e-01   8.582e-01  (seed 0)
siren               6391    942    63.79   3.50e+00   9.943e-01  (seed 0)
mscale              6633    635    94.62   3.55e-01   1.653e+00  (seed 0)
tanh                6391    945    63.53   1.01e+00   2.178e+00  (seed 0)
real_sinh           6391    925    64.96   2.51e-01   9.960e-01  (seed 0)
complex_sinh        6594   1671    35.93   3.36e-02   9.606e-01  (seed 1)
fourier             8281    979    61.32   1.28e+00   9.946e-01  (seed 1)
siren               6391    935    64.21   6.51e+00   1.000e+00  (seed 1)
mscale              6633    626    95.97   3.36e-01   1.385e+00  (seed 1)
tanh                6391    936    64.13   8.65e-01   1.684e+00  (seed 1)
real_sinh           6391    924    64.98   2.69e-01   1.039e+00  (seed 1)

[ok] wrote results/cahn_hilliard.csv
