device=cuda hidden=32 depth=4 budget=70.0s/run seeds=3 lr_schedule=cosine

=== kdv_k2  (d=2, order=3, sweep=2.0, terms=2) ===
variant                params       be   steps  ms/step  peakMB      L_int      L2_err
/root/miniconda3/envs/emlnn/lib/python3.11/site-packages/torch/nn/modules/module.py:1310: UserWarning: Complex modules are a new feature under active development whose design may change, and some modules might not work as expected when using complex tensors as parameters or buffers. Please file an issue at https://github.com/pytorch/pytorch/issues/new?template=bug-report.yml if a complex module does not work as expected.
  warnings.warn(
complex_sinh             6594      jet    7325     9.56     180   1.70e-04   1.555e-01  (seed 0)
fourier                  8281      jet    4014    17.44     228   9.17e-04   2.974e-01  (seed 0)
siren                    6391      jet    3805    18.40     229   8.83e-04   4.918e-01  (seed 0)
mscale                   6633      jet    2831    24.73     322   3.73e-02   1.691e+00  (seed 0)
/root/miniconda3/envs/emlnn/lib/python3.11/site-packages/torch/nn/modules/module.py:1310: UserWarning: Complex modules are a new feature under active development whose design may change, and some modules might not work as expected when using complex tensors as parameters or buffers. Please file an issue at https://github.com/pytorch/pytorch/issues/new?template=bug-report.yml if a complex module does not work as expected.
  warnings.warn(
complex_sinh             6594      jet    7351     9.52     180   2.13e-04   3.257e-01  (seed 1)
fourier                  8281      jet    4012    17.45     228   5.48e-04   2.372e-01  (seed 1)
siren                    6391      jet    3801    18.42     229   6.22e-04   4.503e-01  (seed 1)
mscale                   6633      jet    2829    24.75     322   2.65e-02   9.452e-01  (seed 1)
complex_sinh             6594      jet    7326     9.56     180   3.71e-04   6.143e-01  (seed 2)
fourier                  8281      jet    4015    17.44     228   4.60e-04   3.318e-01  (seed 2)
siren                    6391      jet    3813    18.36     229   7.86e-04   4.211e-01  (seed 2)
mscale                   6633      jet    2832    24.73     322   4.07e-02   1.219e+00  (seed 2)

=== kdv_k3  (d=2, order=3, sweep=3.0, terms=2) ===
variant                params       be   steps  ms/step  peakMB      L_int      L2_err
complex_sinh             6594      jet    7351     9.52     180   1.92e-04   1.526e-01  (seed 0)
fourier                  8281      jet    4014    17.44     228   2.91e-03   4.130e-01  (seed 0)
siren                    6391      jet    3812    18.37     229   1.73e-03   6.124e-01  (seed 0)
mscale                   6633      jet    2831    24.73     322   2.03e-01   3.387e+00  (seed 0)
complex_sinh             6594      jet    7332     9.55     180   5.40e-04   3.100e-01  (seed 1)
fourier                  8281      jet    4012    17.45     228   1.64e-03   5.648e-01  (seed 1)
siren                    6391      jet    3804    18.41     229   2.11e-03   6.451e-01  (seed 1)
mscale                   6633      jet    2824    24.79     322   1.09e-01   1.162e+00  (seed 1)
complex_sinh             6594      jet    7343     9.53     180   9.43e-04   1.242e+00  (seed 2)
fourier                  8281      jet    4012    17.45     228   1.80e-03   9.376e-01  (seed 2)
siren                    6391      jet    3808    18.39     229   1.52e-03   5.588e-01  (seed 2)
mscale                   6633      jet    2808    24.93     322   1.78e-01   3.309e+00  (seed 2)

=== kdv_k4  (d=2, order=3, sweep=4.0, terms=2) ===
variant                params       be   steps  ms/step  peakMB      L_int      L2_err
complex_sinh             6594      jet    7305     9.58     180   1.88e-03   6.208e-01  (seed 0)
fourier                  8281      jet    4012    17.45     228   5.32e-03   5.540e-01  (seed 0)
siren                    6391      jet    3804    18.41     229   3.23e-03   5.987e-01  (seed 0)
mscale                   6633      jet    2787    25.12     322   2.04e-01   3.334e+00  (seed 0)
complex_sinh             6594      jet    7047     9.93     180   1.69e-03   6.613e-01  (seed 1)
fourier                  8281      jet    3964    17.66     228   6.17e-03   7.058e-01  (seed 1)
siren                    6391      jet    3767    18.59     229   4.71e-03   5.850e-01  (seed 1)
mscale                   6633      jet    2821    24.82     322   2.59e-01   1.971e+00  (seed 1)
complex_sinh             6594      jet    7273     9.63     180   2.62e-03   1.328e+00  (seed 2)
fourier                  8281      jet    4002    17.50     228   8.02e-03   9.074e-01  (seed 2)
siren                    6391      jet    3801    18.42     229   3.36e-03   7.805e-01  (seed 2)
mscale                   6633      jet    2822    24.81     322   2.69e-01   2.232e+00  (seed 2)

=== kdv_k5  (d=2, order=3, sweep=5.0, terms=2) ===
variant                params       be   steps  ms/step  peakMB      L_int      L2_err
complex_sinh             6594      jet    7286     9.61     180   2.99e-03   7.973e-01  (seed 0)
fourier                  8281      jet    4000    17.51     228   7.80e-03   9.318e-01  (seed 0)
siren                    6391      jet    3801    18.42     229   6.91e-03   6.916e-01  (seed 0)
mscale                   6633      jet    2820    24.83     322   2.36e-01   4.198e+00  (seed 0)
complex_sinh             6594      jet    7294     9.60     180   4.13e-03   9.536e-01  (seed 1)
fourier                  8281      jet    3994    17.53     228   8.15e-03   1.262e+00  (seed 1)
siren                    6391      jet    3797    18.44     229   6.94e-03   7.105e-01  (seed 1)
mscale                   6633      jet    2816    24.86     322   2.23e-01   2.184e+00  (seed 1)
complex_sinh             6594      jet    7232     9.68     180   4.46e-03   1.092e+00  (seed 2)
fourier                  8281      jet    4001    17.50     228   1.01e-02   9.743e-01  (seed 2)
siren                    6391      jet    3802    18.42     229   4.94e-03   6.443e-01  (seed 2)
mscale                   6633      jet    2821    24.82     322   2.80e-01   5.695e+00  (seed 2)

=== kdv_k6  (d=2, order=3, sweep=6.0, terms=2) ===
variant                params       be   steps  ms/step  peakMB      L_int      L2_err
complex_sinh             6594      jet    7292     9.60     180   6.67e-03   6.353e-01  (seed 0)
fourier                  8281      jet    3999    17.51     228   6.80e-03   9.596e-01  (seed 0)
siren                    6391      jet    3803    18.41     229   1.08e-02   7.971e-01  (seed 0)
mscale                   6633      jet    2815    24.88     322   2.35e-01   3.466e+00  (seed 0)
complex_sinh             6594      jet    7248     9.66     180   7.37e-03   9.015e-01  (seed 1)
fourier                  8281      jet    3992    17.54     228   5.87e-03   1.176e+00  (seed 1)
siren                    6391      jet    3798    18.44     229   1.11e-02   7.717e-01  (seed 1)
mscale                   6633      jet    2820    24.83     322   2.98e-01   3.473e+00  (seed 1)
complex_sinh             6594      jet    7277     9.62     180   8.75e-03   8.734e-01  (seed 2)
fourier                  8281      jet    3989    17.55     228   8.97e-03   1.160e+00  (seed 2)
siren                    6391      jet    3789    18.48     229   9.87e-03   6.407e-01  (seed 2)
mscale                   6633      jet    2818    24.85     322   2.66e-01   2.423e+00  (seed 2)

[ok] wrote results/kdv_v3.csv
