device=cuda hidden=32 depth=4 budget=100.0s/run seeds=2 lr_schedule=cosine

=== polyharm2d_o2  (d=2, order=2, sweep=2.0, terms=2) ===
variant                params       be   steps  ms/step  peakMB      L_int      L2_err
/root/miniconda3/envs/emlnn/lib/python3.11/site-packages/torch/nn/modules/module.py:1310: UserWarning: Complex modules are a new feature under active development whose design may change, and some modules might not work as expected when using complex tensors as parameters or buffers. Please file an issue at https://github.com/pytorch/pytorch/issues/new?template=bug-report.yml if a complex module does not work as expected.
  warnings.warn(
complex_sinh             6594      jet   10986     9.10     176   4.26e-06   3.508e-04  (seed 0)
fourier                  8281      jet    5706    17.53     222   1.56e-05   5.229e-04  (seed 0)
siren                    6391      jet    5592    17.88     223   2.42e-05   8.659e-04  (seed 0)
mscale                   6633      jet    4278    23.38     319   5.87e-04   1.085e-02  (seed 0)
real_sinh                6391      jet    5537    18.06     223   2.45e-01   9.936e-01  (seed 0)
/root/miniconda3/envs/emlnn/lib/python3.11/site-packages/torch/nn/modules/module.py:1310: UserWarning: Complex modules are a new feature under active development whose design may change, and some modules might not work as expected when using complex tensors as parameters or buffers. Please file an issue at https://github.com/pytorch/pytorch/issues/new?template=bug-report.yml if a complex module does not work as expected.
  warnings.warn(
complex_sinh             6594      jet   10784     9.27     176   2.96e-06   4.950e-04  (seed 1)
fourier                  8281      jet    5693    17.57     222   1.13e-05   8.096e-04  (seed 1)
siren                    6391      jet    5586    17.90     223   1.93e-05   6.998e-04  (seed 1)
mscale                   6633      jet    4328    23.11     319   5.68e-04   1.101e-02  (seed 1)
real_sinh                6391      jet    5588    17.90     223   2.43e-01   9.862e-01  (seed 1)

=== polyharm2d_o4  (d=2, order=4, sweep=4.0, terms=3) ===
variant                params       be   steps  ms/step  peakMB      L_int      L2_err
complex_sinh             6594      jet    2855    35.04     490   5.94e-05   5.049e-02  (seed 0)
fourier                  8281      jet    1421    70.42     662   3.57e-04   5.001e-02  (seed 0)
siren                    6391      jet    1359    73.61     666   2.16e-01   9.799e-01  (seed 0)
mscale                   6633      jet    1031    97.02    1096   1.92e-01   8.671e-01  (seed 0)
real_sinh                6391      jet    1355    73.85     668   2.47e-01   1.000e+00  (seed 0)
complex_sinh             6594      jet    2860    34.98     490   2.56e-05   2.876e-02  (seed 1)
fourier                  8281      jet    1420    70.47     664   5.16e-04   1.335e-02  (seed 1)
siren                    6391      jet    1358    73.72     668   2.26e-01   9.867e-01  (seed 1)
mscale                   6633      jet    1031    97.08    1096   2.18e-01   9.304e-01  (seed 1)
real_sinh                6391      jet    1355    73.85     668   2.49e-01   1.000e+00  (seed 1)

=== polyharm2d_o6  (d=2, order=6, sweep=6.0, terms=4) ===
variant                params       be   steps  ms/step  peakMB      L_int      L2_err
complex_sinh             6594      jet     905   110.58    1493   1.74e-03   3.783e-02  (seed 0)
fourier                  8281      jet     424   236.21    2063   2.38e-01   9.970e-01  (seed 0)
siren                    6391      jet     408   245.49    2079   1.19e+02   9.936e-01  (seed 0)
mscale                   6633      jet     321   311.84    3559   2.46e-01   9.974e-01  (seed 0)
real_sinh                6391      jet     408   245.59    2079   2.47e-01   9.999e-01  (seed 0)
complex_sinh             6594      jet     903   110.81    1493   1.71e-03   1.155e-01  (seed 1)
fourier                  8281      jet     424   236.16    2068   2.93e-01   1.000e+00  (seed 1)
siren                    6391      jet     408   245.40    2079   3.88e+01   9.936e-01  (seed 1)
mscale                   6633      jet     321   311.96    3559   2.46e-01   9.952e-01  (seed 1)
real_sinh                6391      jet     408   245.82    2079   2.49e-01   1.000e+00  (seed 1)

[ok] wrote results/poly2d_v3.csv
