device=cuda hidden=32 depth=4 budget=150.0s/run seeds=3 lr_schedule=cosine

=== polyharm_o2  (d=2, order=2, sweep=2.0, terms=2) ===
variant                params       be   steps  ms/step  peakMB      L_int      L2_err
/root/apolenv/lib/python3.11/site-packages/torch/nn/modules/module.py:1310: UserWarning: Complex modules are a new feature under active development whose design may change, and some modules might not work as expected when using complex tensors as parameters or buffers. Please file an issue at https://github.com/pytorch/pytorch/issues/new?template=bug-report.yml if a complex module does not work as expected.
  warnings.warn(
complex_sinh             6594      jet   16977     8.84     176   2.10e-06   1.934e-04  (seed 0)
fourier                  8281      jet    8696    17.25     222   7.04e-06   4.600e-04  (seed 0)
siren                    6391      jet    8552    17.54     223   1.55e-05   7.175e-04  (seed 0)
real_sinh                6391      jet    8464    17.72     223   2.40e-01   9.831e-01  (seed 0)
/root/apolenv/lib/python3.11/site-packages/torch/nn/modules/module.py:1310: UserWarning: Complex modules are a new feature under active development whose design may change, and some modules might not work as expected when using complex tensors as parameters or buffers. Please file an issue at https://github.com/pytorch/pytorch/issues/new?template=bug-report.yml if a complex module does not work as expected.
  warnings.warn(
complex_sinh             6594      jet   16988     8.83     176   1.57e-06   1.993e-04  (seed 1)
fourier                  8281      jet    8701    17.24     222   6.38e-06   4.525e-04  (seed 1)
siren                    6391      jet    8552    17.54     223   1.24e-05   5.242e-04  (seed 1)
real_sinh                6391      jet    8448    17.76     223   2.35e-01   9.677e-01  (seed 1)
complex_sinh             6594      jet   16603     9.04     176   2.62e-06   1.827e-04  (seed 2)
fourier                  8281      jet    8584    17.48     222   1.40e-05   5.007e-04  (seed 2)
siren                    6391      jet    8528    17.59     223   1.39e-05   5.084e-04  (seed 2)
real_sinh                6391      jet    8479    17.69     223   2.45e-01   9.900e-01  (seed 2)

=== polyharm_o4  (d=2, order=4, sweep=4.0, terms=3) ===
variant                params       be   steps  ms/step  peakMB      L_int      L2_err
complex_sinh             6594      jet    4337    34.59     490   3.81e-05   4.238e-02  (seed 0)
fourier                  8281      jet    2147    69.90     662   1.71e-04   1.302e-02  (seed 0)
siren                    6391      jet    2055    73.05     665   2.05e-01   9.656e-01  (seed 0)
real_sinh                6391      jet    2050    73.22     665   2.47e-01   1.000e+00  (seed 0)
complex_sinh             6594      jet    4333    34.62     490   1.63e-05   2.328e-02  (seed 1)
fourier                  8281      jet    2126    70.57     662   2.30e-04   2.508e-02  (seed 1)
siren                    6391      jet    2035    73.75     665   2.16e-01   9.785e-01  (seed 1)
real_sinh                6391      jet    2035    73.74     665   2.49e-01   1.000e+00  (seed 1)
complex_sinh             6594      jet    4246    35.34     490   3.85e-05   9.986e-02  (seed 2)
fourier                  8281      jet    2132    70.38     662   1.45e-04   1.144e-01  (seed 2)
siren                    6391      jet    2035    73.75     665   2.26e-03   8.161e-02  (seed 2)
real_sinh                6391      jet    2031    73.89     665   2.49e-01   1.000e+00  (seed 2)

=== polyharm_o6  (d=2, order=6, sweep=6.0, terms=4) ===
variant                params       be   steps  ms/step  peakMB      L_int      L2_err
complex_sinh             6594      jet    1359   110.43    1492   7.85e-04   4.786e-02  (seed 0)
fourier                  8281      jet     637   235.95    2063   2.27e-01   9.963e-01  (seed 0)
siren                    6391      jet     614   244.82    2072   7.02e+01   9.944e-01  (seed 0)
real_sinh                6391      jet     613   245.07    2072   2.47e-01   9.999e-01  (seed 0)
complex_sinh             6594      jet    1357   110.60    1492   7.29e-04   1.080e-01  (seed 1)
fourier                  8281      jet     637   235.69    2063   2.52e-01   9.994e-01  (seed 1)
siren                    6391      jet     614   244.65    2072   1.95e+01   9.952e-01  (seed 1)
real_sinh                6391      jet     613   244.99    2072   2.49e-01   1.000e+00  (seed 1)
complex_sinh             6594      jet    1355   110.77    1492   1.86e-03   2.560e-01  (seed 2)
fourier                  8281      jet     637   235.76    2063   1.61e-01   8.118e-01  (seed 2)
siren                    6391      jet     614   244.64    2072   3.47e+00   1.004e+00  (seed 2)
real_sinh                6391      jet     613   244.97    2072   2.49e-01   1.000e+00  (seed 2)

[ok] wrote results/polyharmonic_v2.csv
