device=cuda hidden=32 depth=4 budget=60.0s/run seeds=3 lr_schedule=cosine

=== kdv_k2  (d=2, order=3, sweep=2.0, terms=2) ===
variant                params       be   steps  ms/step  peakMB      L_int      L2_err
/root/apolenv/lib/python3.11/site-packages/torch/nn/modules/module.py:1310: UserWarning: Complex modules are a new feature under active development whose design may change, and some modules might not work as expected when using complex tensors as parameters or buffers. Please file an issue at https://github.com/pytorch/pytorch/issues/new?template=bug-report.yml if a complex module does not work as expected.
  warnings.warn(
complex_sinh             6594      jet    6255     9.59     180   3.35e-04   1.796e-01  (seed 0)
fourier                  8281      jet    3410    17.60     228   1.35e-03   3.063e-01  (seed 0)
siren                    6391      jet    3228    18.59     229   1.67e-03   4.914e-01  (seed 0)
/root/apolenv/lib/python3.11/site-packages/torch/nn/modules/module.py:1310: UserWarning: Complex modules are a new feature under active development whose design may change, and some modules might not work as expected when using complex tensors as parameters or buffers. Please file an issue at https://github.com/pytorch/pytorch/issues/new?template=bug-report.yml if a complex module does not work as expected.
  warnings.warn(
complex_sinh             6594      jet    6099     9.84     180   3.95e-04   3.406e-01  (seed 1)
fourier                  8281      jet    3415    17.58     228   9.73e-04   2.590e-01  (seed 1)
siren                    6391      jet    3257    18.43     229   1.33e-03   4.509e-01  (seed 1)
complex_sinh             6594      jet    6225     9.64     180   5.99e-04   6.386e-01  (seed 2)
fourier                  8281      jet    3421    17.54     228   8.23e-04   3.340e-01  (seed 2)
siren                    6391      jet    3256    18.43     229   1.55e-03   4.223e-01  (seed 2)

=== kdv_k3  (d=2, order=3, sweep=3.0, terms=2) ===
variant                params       be   steps  ms/step  peakMB      L_int      L2_err
complex_sinh             6594      jet    6265     9.58     180   3.96e-04   1.825e-01  (seed 0)
fourier                  8281      jet    3416    17.57     228   4.38e-03   4.200e-01  (seed 0)
siren                    6391      jet    3257    18.43     229   3.66e-03   6.161e-01  (seed 0)
complex_sinh             6594      jet    6178     9.71     180   9.26e-04   3.306e-01  (seed 1)
fourier                  8281      jet    3429    17.50     228   3.05e-03   5.792e-01  (seed 1)
siren                    6391      jet    3257    18.43     229   4.87e-03   6.485e-01  (seed 1)
complex_sinh             6594      jet    6208     9.67     180   1.64e-03   1.281e+00  (seed 2)
fourier                  8281      jet    3427    17.51     228   2.88e-03   9.125e-01  (seed 2)
siren                    6391      jet    3255    18.44     229   3.15e-03   5.583e-01  (seed 2)

=== kdv_k4  (d=2, order=3, sweep=4.0, terms=2) ===
variant                params       be   steps  ms/step  peakMB      L_int      L2_err
complex_sinh             6594      jet    6184     9.70     180   3.28e-03   6.251e-01  (seed 0)
fourier                  8281      jet    3424    17.53     228   9.09e-03   5.632e-01  (seed 0)
siren                    6391      jet    3248    18.48     229   7.14e-03   6.064e-01  (seed 0)
complex_sinh             6594      jet    6126     9.80     180   2.74e-03   6.993e-01  (seed 1)
fourier                  8281      jet    3398    17.66     228   1.18e-02   7.629e-01  (seed 1)
siren                    6391      jet    3227    18.60     229   1.01e-02   6.084e-01  (seed 1)
complex_sinh             6594      jet    6211     9.66     180   4.24e-03   1.300e+00  (seed 2)
fourier                  8281      jet    3426    17.52     228   1.40e-02   9.632e-01  (seed 2)
siren                    6391      jet    3246    18.49     229   7.22e-03   7.729e-01  (seed 2)

=== kdv_k5  (d=2, order=3, sweep=5.0, terms=2) ===
variant                params       be   steps  ms/step  peakMB      L_int      L2_err
complex_sinh             6594      jet    6229     9.63     180   5.45e-03   7.846e-01  (seed 0)
fourier                  8281      jet    3421    17.54     228   1.24e-02   9.404e-01  (seed 0)
siren                    6391      jet    3257    18.43     229   1.45e-02   7.158e-01  (seed 0)
complex_sinh             6594      jet    6245     9.61     180   6.74e-03   9.785e-01  (seed 1)
fourier                  8281      jet    3415    17.57     228   1.58e-02   1.264e+00  (seed 1)
siren                    6391      jet    3256    18.43     229   1.50e-02   7.305e-01  (seed 1)
complex_sinh             6594      jet    6153     9.75     180   7.23e-03   1.118e+00  (seed 2)
fourier                  8281      jet    3424    17.53     228   1.69e-02   9.825e-01  (seed 2)
siren                    6391      jet    3254    18.44     229   1.07e-02   6.424e-01  (seed 2)

=== kdv_k6  (d=2, order=3, sweep=6.0, terms=2) ===
variant                params       be   steps  ms/step  peakMB      L_int      L2_err
complex_sinh             6594      jet    6207     9.67     180   1.23e-02   6.516e-01  (seed 0)
fourier                  8281      jet    3424    17.53     228   1.15e-02   9.679e-01  (seed 0)
siren                    6391      jet    3256    18.43     229   2.15e-02   8.187e-01  (seed 0)
complex_sinh             6594      jet    6220     9.65     180   1.21e-02   9.017e-01  (seed 1)
fourier                  8281      jet    3424    17.53     228   1.25e-02   1.178e+00  (seed 1)
siren                    6391      jet    3256    18.43     229   2.19e-02   8.012e-01  (seed 1)
complex_sinh             6594      jet    6220     9.65     180   1.44e-02   8.773e-01  (seed 2)
fourier                  8281      jet    3420    17.55     228   1.75e-02   1.171e+00  (seed 2)
siren                    6391      jet    3246    18.49     229   1.98e-02   6.757e-01  (seed 2)

[ok] wrote results/kdv_dispersive_v2.csv
