device=cuda hidden=32 depth=4 budget=90.0s/run seeds=2 lr_schedule=cosine

=== platemix_m2  (d=2, order=4, sweep=3.0, terms=3) ===
variant                params       be   steps  ms/step  peakMB      L_int      L2_err
/root/miniconda3/envs/emlnn/lib/python3.11/site-packages/torch/nn/modules/module.py:1310: UserWarning: Complex modules are a new feature under active development whose design may change, and some modules might not work as expected when using complex tensors as parameters or buffers. Please file an issue at https://github.com/pytorch/pytorch/issues/new?template=bug-report.yml if a complex module does not work as expected.
  warnings.warn(
complex_sinh             6594      jet    2564    35.12     490   5.56e-03   8.901e-01  (seed 0)
fourier                  8281      jet    1275    70.64     661   4.07e-02   9.693e-01  (seed 0)
siren                    6391      jet    1222    73.74     665   1.13e-01   9.061e-01  (seed 0)
mscale                   6633      jet     925    97.38    1098   2.52e-01   1.000e+00  (seed 0)
/root/miniconda3/envs/emlnn/lib/python3.11/site-packages/torch/nn/modules/module.py:1310: UserWarning: Complex modules are a new feature under active development whose design may change, and some modules might not work as expected when using complex tensors as parameters or buffers. Please file an issue at https://github.com/pytorch/pytorch/issues/new?template=bug-report.yml if a complex module does not work as expected.
  warnings.warn(
complex_sinh             6594      jet    2569    35.04     490   1.23e-03   4.287e-01  (seed 1)
fourier                  8281      jet    1281    70.30     662   7.32e-02   9.869e-01  (seed 1)
siren                    6391      jet    1223    73.65     667   1.40e-01   9.717e-01  (seed 1)
mscale                   6633      jet     933    96.50    1098   2.43e-01   1.000e+00  (seed 1)

=== platemix_m3  (d=2, order=4, sweep=4.0, terms=3) ===
variant                params       be   steps  ms/step  peakMB      L_int      L2_err
complex_sinh             6594      jet    2581    34.89     490   1.46e-02   7.340e-01  (seed 0)
fourier                  8281      jet    1284    70.15     662   3.00e-02   9.900e-01  (seed 0)
siren                    6391      jet    1227    73.41     667   6.84e-02   9.749e-01  (seed 0)
mscale                   6633      jet     934    96.44    1098   2.48e-01   1.000e+00  (seed 0)
complex_sinh             6594      jet    2585    34.83     490   3.43e-03   3.744e-01  (seed 1)
fourier                  8281      jet    1284    70.17     662   3.94e-02   9.955e-01  (seed 1)
siren                    6391      jet    1227    73.41     667   8.08e-02   9.867e-01  (seed 1)
mscale                   6633      jet     926    97.27    1098   2.47e-01   1.000e+00  (seed 1)

=== platemix_m4  (d=2, order=4, sweep=5.0, terms=3) ===
variant                params       be   steps  ms/step  peakMB      L_int      L2_err
complex_sinh             6594      jet    2519    35.74     490   2.70e-02   7.746e-01  (seed 0)
fourier                  8281      jet    1269    70.95     662   1.78e-02   9.938e-01  (seed 0)
siren                    6391      jet    1213    74.23     667   6.50e-02   9.860e-01  (seed 0)
mscale                   6633      jet     923    97.54    1098   2.50e-01   1.000e+00  (seed 0)
complex_sinh             6594      jet    2527    35.62     490   2.10e-02   6.047e-01  (seed 1)
fourier                  8281      jet    1270    70.92     662   3.68e-02   9.994e-01  (seed 1)
siren                    6391      jet    1214    74.18     667   3.78e-02   9.897e-01  (seed 1)
mscale                   6633      jet     924    97.46    1098   2.57e-01   1.000e+00  (seed 1)

[ok] wrote results/platemix_v3.csv
