device=cuda hidden=32 depth=4 budget=60.0s/run seeds=2 lr_schedule=cosine

=== helmholtz_a2  (d=2, order=2, sweep=2.0, terms=2) ===
variant                params       be   steps  ms/step  peakMB      L_int      L2_err
/root/miniconda3/envs/emlnn/lib/python3.11/site-packages/torch/nn/modules/module.py:1310: UserWarning: Complex modules are a new feature under active development whose design may change, and some modules might not work as expected when using complex tensors as parameters or buffers. Please file an issue at https://github.com/pytorch/pytorch/issues/new?template=bug-report.yml if a complex module does not work as expected.
  warnings.warn(
complex_sinh             6594      jet    5698    10.53     183   5.54e-05   3.221e-02  (seed 0)
fourier                  8281      jet    3304    18.16     222   3.35e-04   2.382e-01  (seed 0)
siren                    6391      jet    3244    18.50     223   2.12e-04   9.246e-02  (seed 0)
mscale                   6633      jet    2453    24.46     330   5.46e-02   4.025e-01  (seed 0)
/root/miniconda3/envs/emlnn/lib/python3.11/site-packages/torch/nn/modules/module.py:1310: UserWarning: Complex modules are a new feature under active development whose design may change, and some modules might not work as expected when using complex tensors as parameters or buffers. Please file an issue at https://github.com/pytorch/pytorch/issues/new?template=bug-report.yml if a complex module does not work as expected.
  warnings.warn(
complex_sinh             6594      jet    5694    10.54     183   1.20e-04   7.214e-02  (seed 1)
fourier                  8281      jet    3301    18.18     222   1.87e-04   6.670e-02  (seed 1)
siren                    6391      jet    3238    18.53     223   1.75e-04   6.926e-02  (seed 1)
mscale                   6633      jet    2452    24.47     330   2.46e-01   9.963e-01  (seed 1)

=== helmholtz_a4  (d=2, order=2, sweep=4.0, terms=2) ===
variant                params       be   steps  ms/step  peakMB      L_int      L2_err
complex_sinh             6594      jet    5685    10.56     183   6.38e-04   3.730e-01  (seed 0)
fourier                  8281      jet    3300    18.18     222   3.99e-03   4.833e-01  (seed 0)
siren                    6391      jet    3241    18.52     223   1.35e-03   3.148e-01  (seed 0)
mscale                   6633      jet    2454    24.46     330   2.49e-01   1.000e+00  (seed 0)
complex_sinh             6594      jet    5693    10.54     183   1.27e-03   2.712e-01  (seed 1)
fourier                  8281      jet    3304    18.17     222   3.04e-03   3.811e-01  (seed 1)
siren                    6391      jet    3241    18.52     223   1.18e-03   3.773e-01  (seed 1)
mscale                   6633      jet    2450    24.50     330   2.56e-01   1.000e+00  (seed 1)

=== helmholtz_a6  (d=2, order=2, sweep=6.0, terms=2) ===
variant                params       be   steps  ms/step  peakMB      L_int      L2_err
complex_sinh             6594      jet    5687    10.55     183   7.30e-03   5.261e-01  (seed 0)
fourier                  8281      jet    3299    18.19     222   3.48e-03   8.359e-01  (seed 0)
siren                    6391      jet    3245    18.49     223   8.79e-04   8.232e-01  (seed 0)
mscale                   6633      jet    2455    24.45     330   2.41e-01   1.001e+00  (seed 0)
complex_sinh             6594      jet    5693    10.54     183   8.87e-03   6.152e-01  (seed 1)
fourier                  8281      jet    3300    18.19     222   2.19e-03   8.664e-01  (seed 1)
siren                    6391      jet    3245    18.49     223   6.68e-04   8.143e-01  (seed 1)
mscale                   6633      jet    2455    24.45     330   2.57e-01   1.001e+00  (seed 1)

=== helmholtz_a8  (d=2, order=2, sweep=8.0, terms=2) ===
variant                params       be   steps  ms/step  peakMB      L_int      L2_err
complex_sinh             6594      jet    5658    10.61     183   1.40e-02   5.686e-01  (seed 0)
fourier                  8281      jet    3300    18.19     222   1.58e-03   9.139e-01  (seed 0)
siren                    6391      jet    3235    18.55     223   3.37e-04   9.158e-01  (seed 0)
mscale                   6633      jet    2454    24.46     330   2.47e-01   9.999e-01  (seed 0)
complex_sinh             6594      jet    5651    10.62     183   1.86e-02   6.898e-01  (seed 1)
fourier                  8281      jet    3301    18.18     222   6.21e-04   9.490e-01  (seed 1)
siren                    6391      jet    3247    18.49     223   1.66e-04   9.379e-01  (seed 1)
mscale                   6633      jet    2449    24.50     330   2.50e-01   1.000e+00  (seed 1)

=== helmholtz_a10  (d=2, order=2, sweep=10.0, terms=2) ===
variant                params       be   steps  ms/step  peakMB      L_int      L2_err
complex_sinh             6594      jet    5632    10.66     183   2.46e-02   7.828e-01  (seed 0)
fourier                  8281      jet    3297    18.20     222   1.03e-03   9.860e-01  (seed 0)
siren                    6391      jet    3242    18.51     223   3.53e-04   9.822e-01  (seed 0)
mscale                   6633      jet    2456    24.44     330   2.48e-01   9.999e-01  (seed 0)
complex_sinh             6594      jet    5674    10.58     183   2.70e-02   7.593e-01  (seed 1)
fourier                  8281      jet    3302    18.18     222   6.24e-04   9.862e-01  (seed 1)
siren                    6391      jet    3245    18.50     223   1.47e-04   9.829e-01  (seed 1)
mscale                   6633      jet    2449    24.51     330   2.53e-01   1.000e+00  (seed 1)

[ok] wrote results/helmholtz_v3.csv
