/root/apolenv/lib/python3.11/site-packages/torch/nn/modules/module.py:1310: UserWarning: Complex modules are a new feature under active development whose design may change, and some modules might not work as expected when using complex tensors as parameters or buffers. Please file an issue at https://github.com/pytorch/pytorch/issues/new?template=bug-report.yml if a complex module does not work as expected.
  warnings.warn(
/root/apolenv/lib/python3.11/site-packages/torch/nn/modules/module.py:1310: UserWarning: Complex modules are a new feature under active development whose design may change, and some modules might not work as expected when using complex tensors as parameters or buffers. Please file an issue at https://github.com/pytorch/pytorch/issues/new?template=bug-report.yml if a complex module does not work as expected.
  warnings.warn(
device=cuda hidden=32 depth=4 budget=90.0s/run seeds=3

=== ch42_osc  (alpha=(0, 0, 0, 0, 1, 1), d=4, oscillatory) ===
variant   width   params   steps  ms/step  peakMB      L_int     L2_err
complex      32     6722   11228     8.02      88   8.13e-04  1.121e-02  (seed 0)
real_sin     32     3361   12209     7.37      87   2.54e-03  3.370e-02  (seed 0)
real_sin_pm    45     6481   11312     7.96      96   1.56e-03  3.545e-02  (seed 0)
complex      32     6722   11413     7.89      88   1.73e-04  4.880e-03  (seed 1)
real_sin     32     3361   13216     6.81      87   1.00e-03  3.252e-02  (seed 1)
real_sin_pm    45     6481   11986     7.51      96   1.38e-03  4.139e-02  (seed 1)
complex      32     6722   11219     8.02      88   1.98e-04  8.117e-03  (seed 2)
real_sin     32     3361   13112     6.86      87   1.21e-03  2.430e-02  (seed 2)
real_sin_pm    45     6481   11966     7.52      96   1.17e-03  4.312e-02  (seed 2)

=== ch42_mono  (alpha=(0, 0, 0, 0, 1, 1), d=4, non-oscillatory) ===
variant   width   params   steps  ms/step  peakMB      L_int     L2_err
complex      32     6722   11550     7.79      88   7.52e-04  3.098e-02  (seed 0)
real_sin     32     3361   13189     6.82      87   1.89e-03  8.449e-02  (seed 0)
real_sin_pm    45     6481   11989     7.51      96   1.64e-03  8.815e-02  (seed 0)
complex      32     6722   11655     7.72      88   1.26e-03  1.524e-02  (seed 1)
real_sin     32     3361   13225     6.81      87   1.57e-03  9.900e-02  (seed 1)
real_sin_pm    45     6481   11936     7.54      96   2.04e-03  9.104e-02  (seed 1)
complex      32     6722   10659     8.44      88   7.31e-04  2.914e-02  (seed 2)
real_sin     32     3361   12055     7.47      87   3.25e-03  7.952e-02  (seed 2)
real_sin_pm    45     6481   11282     7.98      96   2.03e-03  4.501e-02  (seed 2)

=== gauss42  (alpha=(0, 0, 0, 0, 1, 1), d=4, non-oscillatory) ===
variant   width   params   steps  ms/step  peakMB      L_int     L2_err
complex      32     6722   10871     8.28      88   3.26e-04  1.213e-02  (seed 0)
real_sin     32     3361   12301     7.32      87   4.33e-04  7.344e-03  (seed 0)
real_sin_pm    45     6481   11537     7.80      96   4.56e-04  4.840e-03  (seed 0)
complex      32     6722   10648     8.45      88   1.40e-03  1.499e-02  (seed 1)
real_sin     32     3361   12579     7.16      87   6.11e-04  6.273e-03  (seed 1)
real_sin_pm    45     6481   12014     7.49      96   4.38e-04  7.370e-03  (seed 1)
complex      32     6722   11425     7.88      88   1.42e-03  2.194e-02  (seed 2)
real_sin     32     3361   12954     6.95      87   4.08e-04  7.983e-03  (seed 2)
real_sin_pm    45     6481   12011     7.49      96   5.04e-04  5.262e-03  (seed 2)

=== gauss222  (alpha=(0, 0, 1, 1, 2, 2), d=3, non-oscillatory) ===
variant   width   params   steps  ms/step  peakMB      L_int     L2_err
complex      32     6658   10842     8.30     106   1.00e-04  7.083e-03  (seed 0)
real_sin     32     3329   12277     7.33     105   1.41e-04  4.498e-03  (seed 0)
real_sin_pm    45     6436    9358     9.62     121   1.56e-04  7.876e-03  (seed 0)
complex      32     6658   11114     8.10     106   4.79e-05  6.486e-03  (seed 1)
real_sin     32     3329   12516     7.19     105   1.15e-04  3.883e-03  (seed 1)
real_sin_pm    45     6436    9463     9.51     121   1.77e-04  3.481e-03  (seed 1)
complex      32     6658   11070     8.13     106   1.13e-04  7.153e-03  (seed 2)
real_sin     32     3329   12508     7.20     105   1.55e-04  8.268e-03  (seed 2)
real_sin_pm    45     6436    9496     9.48     121   1.99e-04  5.720e-03  (seed 2)

[ok] wrote results/strong_real_baseline.csv
