[run 1/30] poly_d2_o2 seed=0 war status=complete loss=4.8440114142067614e-08 rel_error=0.00014816362818237394
[run 2/30] poly_d2_o2 seed=0 real_tanh_autodiff status=complete loss=3.666264092316851e-07 rel_error=0.0014956740196794271
[run 3/30] poly_d2_o2 seed=1 war status=complete loss=8.689101349546036e-08 rel_error=0.00028589743305929005
[run 4/30] poly_d2_o2 seed=1 real_tanh_autodiff status=complete loss=1.9002604290108138e-07 rel_error=0.0005702360649593174
[run 5/30] poly_d2_o2 seed=2 war status=complete loss=5.0655351913064806e-08 rel_error=0.00016165548004209995
[run 6/30] poly_d2_o2 seed=2 real_tanh_autodiff status=complete loss=3.71696202705607e-08 rel_error=0.0001652045757509768
[run 7/30] poly_d2_o2 seed=3 war status=complete loss=1.7854738132427883e-08 rel_error=2.7830503313452937e-05
[run 8/30] poly_d2_o2 seed=3 real_tanh_autodiff status=complete loss=1.2639014812521054e-07 rel_error=0.00048130747745744884
[run 9/30] poly_d2_o2 seed=4 war status=complete loss=4.990893387457618e-08 rel_error=0.0001325372577412054
[run 10/30] poly_d2_o2 seed=4 real_tanh_autodiff status=complete loss=4.7525112734092545e-08 rel_error=0.00021768837177660316
[run 11/30] poly_d2_o4 seed=0 war status=complete loss=1.9351468836248387e-06 rel_error=0.0010330063523724675
[run 12/30] poly_d2_o4 seed=0 real_tanh_autodiff status=complete loss=5.91704383623437e-06 rel_error=0.003488984191790223
[run 13/30] poly_d2_o4 seed=1 war status=complete loss=3.603954610298388e-05 rel_error=0.005010904278606176
[run 14/30] poly_d2_o4 seed=1 real_tanh_autodiff status=complete loss=2.14830265576893e-06 rel_error=0.0020134360529482365
[run 15/30] poly_d2_o4 seed=2 war status=complete loss=1.878266266430728e-05 rel_error=0.0048802439123392105
[run 16/30] poly_d2_o4 seed=2 real_tanh_autodiff status=complete loss=4.4886709815727954e-07 rel_error=0.0005610297666862607
[run 17/30] poly_d2_o4 seed=3 war status=complete loss=3.143531330351834e-06 rel_error=0.0016250924672931433
[run 18/30] poly_d2_o4 seed=3 real_tanh_autodiff status=complete loss=7.566270141978748e-06 rel_error=0.003310504835098982
[run 19/30] poly_d2_o4 seed=4 war status=complete loss=6.289558314165333e-06 rel_error=0.002308694878593087
[run 20/30] poly_d2_o4 seed=4 real_tanh_autodiff status=complete loss=8.186882496374892e-07 rel_error=0.0009932465618476272
[run 21/30] poly_d2_o6 seed=0 war status=complete loss=0.24710796773433685 rel_error=1.0000039339065552
[run 22/30] poly_d2_o6 seed=0 real_tanh_autodiff status=complete loss=0.24710768461227417 rel_error=0.9999901056289673
[run 23/30] poly_d2_o6 seed=1 war status=complete loss=0.24917477369308472 rel_error=0.9999986886978149
[run 24/30] poly_d2_o6 seed=1 real_tanh_autodiff status=complete loss=0.24917446076869965 rel_error=0.9999477863311768
[run 25/30] poly_d2_o6 seed=2 war status=complete loss=0.24890202283859253 rel_error=0.9999998807907104
[run 26/30] poly_d2_o6 seed=2 real_tanh_autodiff status=complete loss=0.2488882839679718 rel_error=0.9996374249458313
[run 27/30] poly_d2_o6 seed=3 war status=complete loss=0.24727201461791992 rel_error=1.0
[run 28/30] poly_d2_o6 seed=3 real_tanh_autodiff status=complete loss=0.24060194194316864 rel_error=0.9832212924957275
[run 29/30] poly_d2_o6 seed=4 war status=complete loss=0.25291556119918823 rel_error=1.000001311302185
[run 30/30] poly_d2_o6 seed=4 real_tanh_autodiff status=complete loss=0.25291529297828674 rel_error=0.9999647736549377
